Archive member included to satisfy reference by file (symbol)

c:/progra~1/gcc-arm-none-eabi-10.3-2021.10/bin/../lib/gcc/arm-none-eabi/10.3.1/thumb/v7e-m+fp/hard\libgcc.a(_aeabi_uldivmod.o)
                              CMakeFiles/demo_freertos.elf.dir/Drivers/STM32L4xx_HAL_Driver/Src/stm32l4xx_hal_uart.c.obj (__aeabi_uldivmod)
c:/progra~1/gcc-arm-none-eabi-10.3-2021.10/bin/../lib/gcc/arm-none-eabi/10.3.1/thumb/v7e-m+fp/hard\libgcc.a(_udivmoddi4.o)
                              c:/progra~1/gcc-arm-none-eabi-10.3-2021.10/bin/../lib/gcc/arm-none-eabi/10.3.1/thumb/v7e-m+fp/hard\libgcc.a(_aeabi_uldivmod.o) (__udivmoddi4)
c:/progra~1/gcc-arm-none-eabi-10.3-2021.10/bin/../lib/gcc/arm-none-eabi/10.3.1/thumb/v7e-m+fp/hard\libgcc.a(_dvmd_tls.o)
                              c:/progra~1/gcc-arm-none-eabi-10.3-2021.10/bin/../lib/gcc/arm-none-eabi/10.3.1/thumb/v7e-m+fp/hard\libgcc.a(_aeabi_uldivmod.o) (__aeabi_ldiv0)
c:/progra~1/gcc-arm-none-eabi-10.3-2021.10/bin/../lib/gcc/arm-none-eabi/10.3.1/../../../../arm-none-eabi/lib/thumb/v7e-m+fp/hard\libc.a(lib_a-errno.o)
                              CMakeFiles/demo_freertos.elf.dir/Core/Src/syscalls.c.obj (__errno)
c:/progra~1/gcc-arm-none-eabi-10.3-2021.10/bin/../lib/gcc/arm-none-eabi/10.3.1/../../../../arm-none-eabi/lib/thumb/v7e-m+fp/hard\libc.a(lib_a-exit.o)
                              c:/progra~1/gcc-arm-none-eabi-10.3-2021.10/bin/../lib/gcc/arm-none-eabi/10.3.1/../../../../arm-none-eabi/lib/thumb/v7e-m+fp/hard/crt0.o (exit)
c:/progra~1/gcc-arm-none-eabi-10.3-2021.10/bin/../lib/gcc/arm-none-eabi/10.3.1/../../../../arm-none-eabi/lib/thumb/v7e-m+fp/hard\libc.a(lib_a-impure.o)
                              c:/progra~1/gcc-arm-none-eabi-10.3-2021.10/bin/../lib/gcc/arm-none-eabi/10.3.1/../../../../arm-none-eabi/lib/thumb/v7e-m+fp/hard\libc.a(lib_a-exit.o) (_global_impure_ptr)
c:/progra~1/gcc-arm-none-eabi-10.3-2021.10/bin/../lib/gcc/arm-none-eabi/10.3.1/../../../../arm-none-eabi/lib/thumb/v7e-m+fp/hard\libc.a(lib_a-init.o)
                              c:/progra~1/gcc-arm-none-eabi-10.3-2021.10/bin/../lib/gcc/arm-none-eabi/10.3.1/../../../../arm-none-eabi/lib/thumb/v7e-m+fp/hard/crt0.o (__libc_init_array)
c:/progra~1/gcc-arm-none-eabi-10.3-2021.10/bin/../lib/gcc/arm-none-eabi/10.3.1/../../../../arm-none-eabi/lib/thumb/v7e-m+fp/hard\libc.a(lib_a-memcpy.o)
                              CMakeFiles/demo_freertos.elf.dir/Middlewares/Third_Party/FreeRTOS/Source/queue.c.obj (memcpy)
c:/progra~1/gcc-arm-none-eabi-10.3-2021.10/bin/../lib/gcc/arm-none-eabi/10.3.1/../../../../arm-none-eabi/lib/thumb/v7e-m+fp/hard\libc.a(lib_a-memset.o)
                              c:/progra~1/gcc-arm-none-eabi-10.3-2021.10/bin/../lib/gcc/arm-none-eabi/10.3.1/../../../../arm-none-eabi/lib/thumb/v7e-m+fp/hard/crt0.o (memset)
c:/progra~1/gcc-arm-none-eabi-10.3-2021.10/bin/../lib/gcc/arm-none-eabi/10.3.1/../../../../arm-none-eabi/lib/thumb/v7e-m+fp/hard\libc.a(lib_a-__call_atexit.o)
                              c:/progra~1/gcc-arm-none-eabi-10.3-2021.10/bin/../lib/gcc/arm-none-eabi/10.3.1/../../../../arm-none-eabi/lib/thumb/v7e-m+fp/hard\libc.a(lib_a-exit.o) (__call_exitprocs)
c:/progra~1/gcc-arm-none-eabi-10.3-2021.10/bin/../lib/gcc/arm-none-eabi/10.3.1/../../../../arm-none-eabi/lib/thumb/v7e-m+fp/hard\libc.a(lib_a-atexit.o)
                              c:/progra~1/gcc-arm-none-eabi-10.3-2021.10/bin/../lib/gcc/arm-none-eabi/10.3.1/../../../../arm-none-eabi/lib/thumb/v7e-m+fp/hard\libc.a(lib_a-__call_atexit.o) (atexit)
c:/progra~1/gcc-arm-none-eabi-10.3-2021.10/bin/../lib/gcc/arm-none-eabi/10.3.1/../../../../arm-none-eabi/lib/thumb/v7e-m+fp/hard\libc.a(lib_a-fini.o)
                              c:/progra~1/gcc-arm-none-eabi-10.3-2021.10/bin/../lib/gcc/arm-none-eabi/10.3.1/../../../../arm-none-eabi/lib/thumb/v7e-m+fp/hard\libc.a(lib_a-__call_atexit.o) (__libc_fini_array)
c:/progra~1/gcc-arm-none-eabi-10.3-2021.10/bin/../lib/gcc/arm-none-eabi/10.3.1/../../../../arm-none-eabi/lib/thumb/v7e-m+fp/hard\libc.a(lib_a-lock.o)
                              c:/progra~1/gcc-arm-none-eabi-10.3-2021.10/bin/../lib/gcc/arm-none-eabi/10.3.1/../../../../arm-none-eabi/lib/thumb/v7e-m+fp/hard\libc.a(lib_a-__call_atexit.o) (__retarget_lock_acquire_recursive)
c:/progra~1/gcc-arm-none-eabi-10.3-2021.10/bin/../lib/gcc/arm-none-eabi/10.3.1/../../../../arm-none-eabi/lib/thumb/v7e-m+fp/hard\libc.a(lib_a-__atexit.o)
                              c:/progra~1/gcc-arm-none-eabi-10.3-2021.10/bin/../lib/gcc/arm-none-eabi/10.3.1/../../../../arm-none-eabi/lib/thumb/v7e-m+fp/hard\libc.a(lib_a-atexit.o) (__register_exitproc)

Discarded input sections

 .text          0x00000000        0x0 c:/progra~1/gcc-arm-none-eabi-10.3-2021.10/bin/../lib/gcc/arm-none-eabi/10.3.1/thumb/v7e-m+fp/hard/crti.o
 .data          0x00000000        0x0 c:/progra~1/gcc-arm-none-eabi-10.3-2021.10/bin/../lib/gcc/arm-none-eabi/10.3.1/thumb/v7e-m+fp/hard/crti.o
[...]
Memory Configuration

Name             Origin             Length             Attributes
RAM              0x20000000         0x00018000         xrw
RAM2             0x10000000         0x00008000         xrw
FLASH            0x08000000         0x00100000         xr
*default*        0x00000000         0xffffffff

Linker script and memory map

LOAD c:/progra~1/gcc-arm-none-eabi-10.3-2021.10/bin/../lib/gcc/arm-none-eabi/10.3.1/thumb/v7e-m+fp/hard/crti.o
LOAD c:/progra~1/gcc-arm-none-eabi-10.3-2021.10/bin/../lib/gcc/arm-none-eabi/10.3.1/thumb/v7e-m+fp/hard/crtbegin.o
LOAD c:/progra~1/gcc-arm-none-eabi-10.3-2021.10/bin/../lib/gcc/arm-none-eabi/10.3.1/../../../../arm-none-eabi/lib/thumb/v7e-m+fp/hard/crt0.o
LOAD CMakeFiles/demo_freertos.elf.dir/Core/Src/freertos.c.obj
LOAD CMakeFiles/demo_freertos.elf.dir/Core/Src/gpio.c.obj
LOAD CMakeFiles/demo_freertos.elf.dir/Core/Src/main.c.obj
LOAD CMakeFiles/demo_freertos.elf.dir/Core/Src/stm32l4xx_hal_msp.c.obj
LOAD CMakeFiles/demo_freertos.elf.dir/Core/Src/stm32l4xx_hal_timebase_tim.c.obj
LOAD CMakeFiles/demo_freertos.elf.dir/Core/Src/stm32l4xx_it.c.obj
LOAD CMakeFiles/demo_freertos.elf.dir/Core/Src/syscalls.c.obj
LOAD CMakeFiles/demo_freertos.elf.dir/Core/Src/sysmem.c.obj
LOAD CMakeFiles/demo_freertos.elf.dir/Core/Src/system_stm32l4xx.c.obj
LOAD CMakeFiles/demo_freertos.elf.dir/Core/Src/usart.c.obj
LOAD CMakeFiles/demo_freertos.elf.dir/Core/Startup/startup_stm32l476rgtx.s.obj
LOAD CMakeFiles/demo_freertos.elf.dir/Drivers/STM32L4xx_HAL_Driver/Src/stm32l4xx_hal.c.obj
LOAD CMakeFiles/demo_freertos.elf.dir/Drivers/STM32L4xx_HAL_Driver/Src/stm32l4xx_hal_cortex.c.obj
LOAD CMakeFiles/demo_freertos.elf.dir/Drivers/STM32L4xx_HAL_Driver/Src/stm32l4xx_hal_dma.c.obj
LOAD CMakeFiles/demo_freertos.elf.dir/Drivers/STM32L4xx_HAL_Driver/Src/stm32l4xx_hal_dma_ex.c.obj
LOAD CMakeFiles/demo_freertos.elf.dir/Drivers/STM32L4xx_HAL_Driver/Src/stm32l4xx_hal_exti.c.obj
LOAD CMakeFiles/demo_freertos.elf.dir/Drivers/STM32L4xx_HAL_Driver/Src/stm32l4xx_hal_flash.c.obj
LOAD CMakeFiles/demo_freertos.elf.dir/Drivers/STM32L4xx_HAL_Driver/Src/stm32l4xx_hal_flash_ex.c.obj
LOAD CMakeFiles/demo_freertos.elf.dir/Drivers/STM32L4xx_HAL_Driver/Src/stm32l4xx_hal_flash_ramfunc.c.obj
LOAD CMakeFiles/demo_freertos.elf.dir/Drivers/STM32L4xx_HAL_Driver/Src/stm32l4xx_hal_gpio.c.obj
LOAD CMakeFiles/demo_freertos.elf.dir/Drivers/STM32L4xx_HAL_Driver/Src/stm32l4xx_hal_pwr.c.obj
LOAD CMakeFiles/demo_freertos.elf.dir/Drivers/STM32L4xx_HAL_Driver/Src/stm32l4xx_hal_pwr_ex.c.obj
LOAD CMakeFiles/demo_freertos.elf.dir/Drivers/STM32L4xx_HAL_Driver/Src/stm32l4xx_hal_rcc.c.obj
LOAD CMakeFiles/demo_freertos.elf.dir/Drivers/STM32L4xx_HAL_Driver/Src/stm32l4xx_hal_rcc_ex.c.obj
LOAD CMakeFiles/demo_freertos.elf.dir/Drivers/STM32L4xx_HAL_Driver/Src/stm32l4xx_hal_tim.c.obj
LOAD CMakeFiles/demo_freertos.elf.dir/Drivers/STM32L4xx_HAL_Driver/Src/stm32l4xx_hal_tim_ex.c.obj
LOAD CMakeFiles/demo_freertos.elf.dir/Drivers/STM32L4xx_HAL_Driver/Src/stm32l4xx_hal_uart.c.obj
LOAD CMakeFiles/demo_freertos.elf.dir/Drivers/STM32L4xx_HAL_Driver/Src/stm32l4xx_hal_uart_ex.c.obj
LOAD CMakeFiles/demo_freertos.elf.dir/Middlewares/Third_Party/FreeRTOS/Source/CMSIS_RTOS/cmsis_os.c.obj
LOAD CMakeFiles/demo_freertos.elf.dir/Middlewares/Third_Party/FreeRTOS/Source/croutine.c.obj
LOAD CMakeFiles/demo_freertos.elf.dir/Middlewares/Third_Party/FreeRTOS/Source/event_groups.c.obj
LOAD CMakeFiles/demo_freertos.elf.dir/Middlewares/Third_Party/FreeRTOS/Source/list.c.obj
LOAD CMakeFiles/demo_freertos.elf.dir/Middlewares/Third_Party/FreeRTOS/Source/portable/GCC/ARM_CM4F/port.c.obj
LOAD CMakeFiles/demo_freertos.elf.dir/Middlewares/Third_Party/FreeRTOS/Source/portable/MemMang/heap_4.c.obj
LOAD CMakeFiles/demo_freertos.elf.dir/Middlewares/Third_Party/FreeRTOS/Source/queue.c.obj
LOAD CMakeFiles/demo_freertos.elf.dir/Middlewares/Third_Party/FreeRTOS/Source/stream_buffer.c.obj
LOAD CMakeFiles/demo_freertos.elf.dir/Middlewares/Third_Party/FreeRTOS/Source/tasks.c.obj
LOAD CMakeFiles/demo_freertos.elf.dir/Middlewares/Third_Party/FreeRTOS/Source/timers.c.obj
START GROUP
LOAD c:/progra~1/gcc-arm-none-eabi-10.3-2021.10/bin/../lib/gcc/arm-none-eabi/10.3.1/thumb/v7e-m+fp/hard\libgcc.a
LOAD c:/progra~1/gcc-arm-none-eabi-10.3-2021.10/bin/../lib/gcc/arm-none-eabi/10.3.1/../../../../arm-none-eabi/lib/thumb/v7e-m+fp/hard\libc.a
END GROUP
LOAD c:/progra~1/gcc-arm-none-eabi-10.3-2021.10/bin/../lib/gcc/arm-none-eabi/10.3.1/thumb/v7e-m+fp/hard/crtend.o
LOAD c:/progra~1/gcc-arm-none-eabi-10.3-2021.10/bin/../lib/gcc/arm-none-eabi/10.3.1/thumb/v7e-m+fp/hard/crtn.o
                0x20018000                _estack = (ORIGIN (RAM) + LENGTH (RAM))
                0x00000200                _Min_Heap_Size = 0x200
                0x00000400                _Min_Stack_Size = 0x400

.isr_vector     0x08000000      0x188
                0x08000000                . = ALIGN (0x4)
 *(.isr_vector)
 .isr_vector    0x08000000      0x188 CMakeFiles/demo_freertos.elf.dir/Core/Startup/startup_stm32l476rgtx.s.obj
                0x08000000                g_pfnVectors
                0x08000188                . = ALIGN (0x4)

.text           0x08000190     0x398c
                0x08000190                . = ALIGN (0x4)
 *(.text)
 .text          0x08000190       0x40 c:/progra~1/gcc-arm-none-eabi-10.3-2021.10/bin/../lib/gcc/arm-none-eabi/10.3.1/thumb/v7e-m+fp/hard/crtbegin.o
 .text          0x080001d0       0x30 c:/progra~1/gcc-arm-none-eabi-10.3-2021.10/bin/../lib/gcc/arm-none-eabi/10.3.1/thumb/v7e-m+fp/hard\libgcc.a(_aeabi_uldivmod.o)
                0x080001d0                __aeabi_uldivmod
 .text          0x08000200      0x2d0 c:/progra~1/gcc-arm-none-eabi-10.3-2021.10/bin/../lib/gcc/arm-none-eabi/10.3.1/thumb/v7e-m+fp/hard\libgcc.a(_udivmoddi4.o)
                0x08000200                __udivmoddi4
 .text          0x080004d0        0x4 c:/progra~1/gcc-arm-none-eabi-10.3-2021.10/bin/../lib/gcc/arm-none-eabi/10.3.1/thumb/v7e-m+fp/hard\libgcc.a(_dvmd_tls.o)
                0x080004d0                __aeabi_idiv0
                0x080004d0                __aeabi_ldiv0
 *(.text*)
 .text.Task_main_Start
                0x080004d4        0xa CMakeFiles/demo_freertos.elf.dir/Core/Src/freertos.c.obj
                0x080004d4                Task_main_Start
 .text.StartTaskLED2
                0x080004de        0xa CMakeFiles/demo_freertos.elf.dir/Core/Src/freertos.c.obj
                0x080004de                StartTaskLED2
 .text.StartTaskLED1
                0x080004e8       0x5a CMakeFiles/demo_freertos.elf.dir/Core/Src/freertos.c.obj
                0x080004e8                StartTaskLED1
 *fill*         0x08000542        0x2 
 .text.StartTaskKey
                0x08000544       0x38 CMakeFiles/demo_freertos.elf.dir/Core/Src/freertos.c.obj
                0x08000544                StartTaskKey
 .text.vApplicationGetIdleTaskMemory
                0x0800057c       0x18 CMakeFiles/demo_freertos.elf.dir/Core/Src/freertos.c.obj
                0x0800057c                vApplicationGetIdleTaskMemory
 .text.MX_FREERTOS_Init
                0x08000594       0xac CMakeFiles/demo_freertos.elf.dir/Core/Src/freertos.c.obj
                0x08000594                MX_FREERTOS_Init
 .text.MX_GPIO_Init
                0x08000640       0xb4 CMakeFiles/demo_freertos.elf.dir/Core/Src/gpio.c.obj
                0x08000640                MX_GPIO_Init
 .text.HAL_TIM_PeriodElapsedCallback
                0x080006f4       0x18 CMakeFiles/demo_freertos.elf.dir/Core/Src/main.c.obj
                0x080006f4                HAL_TIM_PeriodElapsedCallback
 .text.Error_Handler
                0x0800070c        0x4 CMakeFiles/demo_freertos.elf.dir/Core/Src/main.c.obj
                0x0800070c                Error_Handler
 .text.SystemClock_Config
                0x08000710       0x7a CMakeFiles/demo_freertos.elf.dir/Core/Src/main.c.obj
                0x08000710                SystemClock_Config
 .text.main     0x0800078a       0x1c CMakeFiles/demo_freertos.elf.dir/Core/Src/main.c.obj
                0x0800078a                main
 *fill*         0x080007a6        0x2 
 .text.HAL_MspInit
                0x080007a8       0x40 CMakeFiles/demo_freertos.elf.dir/Core/Src/stm32l4xx_hal_msp.c.obj
                0x080007a8                HAL_MspInit
 .text.HAL_InitTick
                0x080007e8       0xa0 CMakeFiles/demo_freertos.elf.dir/Core/Src/stm32l4xx_hal_timebase_tim.c.obj
                0x080007e8                HAL_InitTick
 .text.NMI_Handler
                0x08000888        0x2 CMakeFiles/demo_freertos.elf.dir/Core/Src/stm32l4xx_it.c.obj
                0x08000888                NMI_Handler
 .text.HardFault_Handler
                0x0800088a        0x2 CMakeFiles/demo_freertos.elf.dir/Core/Src/stm32l4xx_it.c.obj
                0x0800088a                HardFault_Handler
 .text.MemManage_Handler
                0x0800088c        0x2 CMakeFiles/demo_freertos.elf.dir/Core/Src/stm32l4xx_it.c.obj
                0x0800088c                MemManage_Handler
 .text.BusFault_Handler
                0x0800088e        0x2 CMakeFiles/demo_freertos.elf.dir/Core/Src/stm32l4xx_it.c.obj
                0x0800088e                BusFault_Handler
 .text.UsageFault_Handler
                0x08000890        0x2 CMakeFiles/demo_freertos.elf.dir/Core/Src/stm32l4xx_it.c.obj
                0x08000890                UsageFault_Handler
 .text.DebugMon_Handler
                0x08000892        0x2 CMakeFiles/demo_freertos.elf.dir/Core/Src/stm32l4xx_it.c.obj
                0x08000892                DebugMon_Handler
 .text.TIM6_DAC_IRQHandler
                0x08000894       0x10 CMakeFiles/demo_freertos.elf.dir/Core/Src/stm32l4xx_it.c.obj
                0x08000894                TIM6_DAC_IRQHandler
 .text.SystemInit
                0x080008a4       0x14 CMakeFiles/demo_freertos.elf.dir/Core/Src/system_stm32l4xx.c.obj
                0x080008a4                SystemInit
 .text.MX_USART2_UART_Init
                0x080008b8       0x38 CMakeFiles/demo_freertos.elf.dir/Core/Src/usart.c.obj
                0x080008b8                MX_USART2_UART_Init
 .text.HAL_UART_MspInit
                0x080008f0       0x88 CMakeFiles/demo_freertos.elf.dir/Core/Src/usart.c.obj
                0x080008f0                HAL_UART_MspInit
 .text.Reset_Handler
                0x08000978       0x50 CMakeFiles/demo_freertos.elf.dir/Core/Startup/startup_stm32l476rgtx.s.obj
                0x08000978                Reset_Handler
 .text.Default_Handler
                0x080009c8        0x2 CMakeFiles/demo_freertos.elf.dir/Core/Startup/startup_stm32l476rgtx.s.obj
                0x080009c8                RTC_Alarm_IRQHandler
                0x080009c8                EXTI2_IRQHandler
                0x080009c8                TIM8_TRG_COM_IRQHandler
                0x080009c8                TIM8_CC_IRQHandler
                0x080009c8                TIM1_CC_IRQHandler
                0x080009c8                TSC_IRQHandler
                0x080009c8                TAMP_STAMP_IRQHandler
                0x080009c8                EXTI3_IRQHandler
                0x080009c8                LPTIM2_IRQHandler
                0x080009c8                DFSDM1_FLT1_IRQHandler
                0x080009c8                I2C3_ER_IRQHandler
                0x080009c8                DFSDM1_FLT2_IRQHandler
                0x080009c8                EXTI0_IRQHandler
                0x080009c8                I2C2_EV_IRQHandler
                0x080009c8                CAN1_RX0_IRQHandler
                0x080009c8                FPU_IRQHandler
                0x080009c8                TIM1_UP_TIM16_IRQHandler
                0x080009c8                ADC1_2_IRQHandler
                0x080009c8                SPI1_IRQHandler
                0x080009c8                TIM8_UP_IRQHandler
                0x080009c8                DMA2_Channel2_IRQHandler
                0x080009c8                DMA1_Channel4_IRQHandler
                0x080009c8                SAI2_IRQHandler
                0x080009c8                DFSDM1_FLT3_IRQHandler
                0x080009c8                USART3_IRQHandler
                0x080009c8                DMA1_Channel7_IRQHandler
                0x080009c8                CAN1_RX1_IRQHandler
                0x080009c8                LCD_IRQHandler
                0x080009c8                UART5_IRQHandler
                0x080009c8                ADC3_IRQHandler
                0x080009c8                TIM4_IRQHandler
                0x080009c8                DMA2_Channel1_IRQHandler
                0x080009c8                QUADSPI_IRQHandler
                0x080009c8                I2C1_EV_IRQHandler
                0x080009c8                DMA1_Channel6_IRQHandler
                0x080009c8                UART4_IRQHandler
                0x080009c8                DMA2_Channel4_IRQHandler
                0x080009c8                TIM3_IRQHandler
                0x080009c8                RCC_IRQHandler
                0x080009c8                DMA1_Channel1_IRQHandler
                0x080009c8                Default_Handler
                0x080009c8                DMA2_Channel7_IRQHandler
                0x080009c8                EXTI15_10_IRQHandler
                0x080009c8                TIM7_IRQHandler
                0x080009c8                SDMMC1_IRQHandler
                0x080009c8                TIM5_IRQHandler
                0x080009c8                I2C3_EV_IRQHandler
                0x080009c8                EXTI9_5_IRQHandler
                0x080009c8                RTC_WKUP_IRQHandler
                0x080009c8                PVD_PVM_IRQHandler
                0x080009c8                SPI2_IRQHandler
                0x080009c8                CAN1_TX_IRQHandler
                0x080009c8                DMA2_Channel5_IRQHandler
                0x080009c8                DMA1_Channel5_IRQHandler
                0x080009c8                EXTI4_IRQHandler
                0x080009c8                RNG_IRQHandler
                0x080009c8                TIM1_TRG_COM_TIM17_IRQHandler
                0x080009c8                DMA1_Channel3_IRQHandler
                0x080009c8                COMP_IRQHandler
                0x080009c8                WWDG_IRQHandler
                0x080009c8                LPUART1_IRQHandler
                0x080009c8                DMA2_Channel6_IRQHandler
                0x080009c8                TIM2_IRQHandler
                0x080009c8                EXTI1_IRQHandler
                0x080009c8                USART2_IRQHandler
                0x080009c8                DFSDM1_FLT0_IRQHandler
                0x080009c8                I2C2_ER_IRQHandler
                0x080009c8                DMA1_Channel2_IRQHandler
                0x080009c8                TIM8_BRK_IRQHandler
                0x080009c8                CAN1_SCE_IRQHandler
                0x080009c8                FLASH_IRQHandler
                0x080009c8                USART1_IRQHandler
                0x080009c8                OTG_FS_IRQHandler
                0x080009c8                SPI3_IRQHandler
                0x080009c8                I2C1_ER_IRQHandler
                0x080009c8                FMC_IRQHandler
                0x080009c8                SWPMI1_IRQHandler
                0x080009c8                LPTIM1_IRQHandler
                0x080009c8                SAI1_IRQHandler
                0x080009c8                DMA2_Channel3_IRQHandler
                0x080009c8                TIM1_BRK_TIM15_IRQHandler
 *fill*         0x080009ca        0x2 
 .text.HAL_Init
                0x080009cc       0x2c CMakeFiles/demo_freertos.elf.dir/Drivers/STM32L4xx_HAL_Driver/Src/stm32l4xx_hal.c.obj
                0x080009cc                HAL_Init
 .text.HAL_IncTick
                0x080009f8       0x18 CMakeFiles/demo_freertos.elf.dir/Drivers/STM32L4xx_HAL_Driver/Src/stm32l4xx_hal.c.obj
                0x080009f8                HAL_IncTick
 .text.HAL_GetTick
                0x08000a10        0xc CMakeFiles/demo_freertos.elf.dir/Drivers/STM32L4xx_HAL_Driver/Src/stm32l4xx_hal.c.obj
                0x08000a10                HAL_GetTick
 .text.HAL_NVIC_SetPriorityGrouping
                0x08000a1c       0x24 CMakeFiles/demo_freertos.elf.dir/Drivers/STM32L4xx_HAL_Driver/Src/stm32l4xx_hal_cortex.c.obj
                0x08000a1c                HAL_NVIC_SetPriorityGrouping
 .text.HAL_NVIC_SetPriority
                0x08000a40       0x70 CMakeFiles/demo_freertos.elf.dir/Drivers/STM32L4xx_HAL_Driver/Src/stm32l4xx_hal_cortex.c.obj
                0x08000a40                HAL_NVIC_SetPriority
 .text.HAL_NVIC_EnableIRQ
                0x08000ab0       0x1c CMakeFiles/demo_freertos.elf.dir/Drivers/STM32L4xx_HAL_Driver/Src/stm32l4xx_hal_cortex.c.obj
                0x08000ab0                HAL_NVIC_EnableIRQ
 .text.HAL_GPIO_Init
                0x08000acc      0x200 CMakeFiles/demo_freertos.elf.dir/Drivers/STM32L4xx_HAL_Driver/Src/stm32l4xx_hal_gpio.c.obj
                0x08000acc                HAL_GPIO_Init
 .text.HAL_GPIO_ReadPin
                0x08000ccc        0xe CMakeFiles/demo_freertos.elf.dir/Drivers/STM32L4xx_HAL_Driver/Src/stm32l4xx_hal_gpio.c.obj
                0x08000ccc                HAL_GPIO_ReadPin
 .text.HAL_GPIO_WritePin
                0x08000cda        0xa CMakeFiles/demo_freertos.elf.dir/Drivers/STM32L4xx_HAL_Driver/Src/stm32l4xx_hal_gpio.c.obj
                0x08000cda                HAL_GPIO_WritePin
 .text.HAL_PWREx_GetVoltageRange
                0x08000ce4       0x10 CMakeFiles/demo_freertos.elf.dir/Drivers/STM32L4xx_HAL_Driver/Src/stm32l4xx_hal_pwr_ex.c.obj
                0x08000ce4                HAL_PWREx_GetVoltageRange
 .text.HAL_PWREx_ControlVoltageScaling
                0x08000cf4       0x90 CMakeFiles/demo_freertos.elf.dir/Drivers/STM32L4xx_HAL_Driver/Src/stm32l4xx_hal_pwr_ex.c.obj
                0x08000cf4                HAL_PWREx_ControlVoltageScaling
 .text.RCC_SetFlashLatencyFromMSIRange
                0x08000d84       0x90 CMakeFiles/demo_freertos.elf.dir/Drivers/STM32L4xx_HAL_Driver/Src/stm32l4xx_hal_rcc.c.obj
 .text.HAL_RCC_GetSysClockFreq
                0x08000e14       0xb4 CMakeFiles/demo_freertos.elf.dir/Drivers/STM32L4xx_HAL_Driver/Src/stm32l4xx_hal_rcc.c.obj
                0x08000e14                HAL_RCC_GetSysClockFreq
 .text.HAL_RCC_OscConfig
                0x08000ec8      0x61c CMakeFiles/demo_freertos.elf.dir/Drivers/STM32L4xx_HAL_Driver/Src/stm32l4xx_hal_rcc.c.obj
                0x08000ec8                HAL_RCC_OscConfig
 .text.HAL_RCC_ClockConfig
                0x080014e4      0x188 CMakeFiles/demo_freertos.elf.dir/Drivers/STM32L4xx_HAL_Driver/Src/stm32l4xx_hal_rcc.c.obj
                0x080014e4                HAL_RCC_ClockConfig
 .text.HAL_RCC_GetHCLKFreq
                0x0800166c        0xc CMakeFiles/demo_freertos.elf.dir/Drivers/STM32L4xx_HAL_Driver/Src/stm32l4xx_hal_rcc.c.obj
                0x0800166c                HAL_RCC_GetHCLKFreq
 .text.HAL_RCC_GetPCLK1Freq
                0x08001678       0x24 CMakeFiles/demo_freertos.elf.dir/Drivers/STM32L4xx_HAL_Driver/Src/stm32l4xx_hal_rcc.c.obj
                0x08001678                HAL_RCC_GetPCLK1Freq
 .text.HAL_RCC_GetPCLK2Freq
                0x0800169c       0x24 CMakeFiles/demo_freertos.elf.dir/Drivers/STM32L4xx_HAL_Driver/Src/stm32l4xx_hal_rcc.c.obj
                0x0800169c                HAL_RCC_GetPCLK2Freq
 .text.HAL_RCC_GetClockConfig
                0x080016c0       0x3c CMakeFiles/demo_freertos.elf.dir/Drivers/STM32L4xx_HAL_Driver/Src/stm32l4xx_hal_rcc.c.obj
                0x080016c0                HAL_RCC_GetClockConfig
 .text.RCCEx_PLLSAI1_Config
                0x080016fc      0x170 CMakeFiles/demo_freertos.elf.dir/Drivers/STM32L4xx_HAL_Driver/Src/stm32l4xx_hal_rcc_ex.c.obj
 .text.RCCEx_PLLSAI2_Config
                0x0800186c      0x14c CMakeFiles/demo_freertos.elf.dir/Drivers/STM32L4xx_HAL_Driver/Src/stm32l4xx_hal_rcc_ex.c.obj
 .text.HAL_RCCEx_PeriphCLKConfig
                0x080019b8      0x454 CMakeFiles/demo_freertos.elf.dir/Drivers/STM32L4xx_HAL_Driver/Src/stm32l4xx_hal_rcc_ex.c.obj
                0x080019b8                HAL_RCCEx_PeriphCLKConfig
 .text.HAL_TIM_Base_MspInit
                0x08001e0c        0x2 CMakeFiles/demo_freertos.elf.dir/Drivers/STM32L4xx_HAL_Driver/Src/stm32l4xx_hal_tim.c.obj
                0x08001e0c                HAL_TIM_Base_MspInit
 *fill*         0x08001e0e        0x2 
 .text.HAL_TIM_Base_Start_IT
                0x08001e10       0x8c CMakeFiles/demo_freertos.elf.dir/Drivers/STM32L4xx_HAL_Driver/Src/stm32l4xx_hal_tim.c.obj
                0x08001e10                HAL_TIM_Base_Start_IT
 .text.HAL_TIM_OC_DelayElapsedCallback
                0x08001e9c        0x2 CMakeFiles/demo_freertos.elf.dir/Drivers/STM32L4xx_HAL_Driver/Src/stm32l4xx_hal_tim.c.obj
                0x08001e9c                HAL_TIM_OC_DelayElapsedCallback
 .text.HAL_TIM_IC_CaptureCallback
                0x08001e9e        0x2 CMakeFiles/demo_freertos.elf.dir/Drivers/STM32L4xx_HAL_Driver/Src/stm32l4xx_hal_tim.c.obj
                0x08001e9e                HAL_TIM_IC_CaptureCallback
 .text.HAL_TIM_PWM_PulseFinishedCallback
                0x08001ea0        0x2 CMakeFiles/demo_freertos.elf.dir/Drivers/STM32L4xx_HAL_Driver/Src/stm32l4xx_hal_tim.c.obj
                0x08001ea0                HAL_TIM_PWM_PulseFinishedCallback
 .text.HAL_TIM_TriggerCallback
                0x08001ea2        0x2 CMakeFiles/demo_freertos.elf.dir/Drivers/STM32L4xx_HAL_Driver/Src/stm32l4xx_hal_tim.c.obj
                0x08001ea2                HAL_TIM_TriggerCallback
 .text.HAL_TIM_IRQHandler
                0x08001ea4      0x17a CMakeFiles/demo_freertos.elf.dir/Drivers/STM32L4xx_HAL_Driver/Src/stm32l4xx_hal_tim.c.obj
                0x08001ea4                HAL_TIM_IRQHandler
 *fill*         0x0800201e        0x2 
 .text.TIM_Base_SetConfig
                0x08002020       0xc8 CMakeFiles/demo_freertos.elf.dir/Drivers/STM32L4xx_HAL_Driver/Src/stm32l4xx_hal_tim.c.obj
                0x08002020                TIM_Base_SetConfig
 .text.HAL_TIM_Base_Init
                0x080020e8       0x60 CMakeFiles/demo_freertos.elf.dir/Drivers/STM32L4xx_HAL_Driver/Src/stm32l4xx_hal_tim.c.obj
                0x080020e8                HAL_TIM_Base_Init
 .text.HAL_TIMEx_CommutCallback
                0x08002148        0x2 CMakeFiles/demo_freertos.elf.dir/Drivers/STM32L4xx_HAL_Driver/Src/stm32l4xx_hal_tim_ex.c.obj
                0x08002148                HAL_TIMEx_CommutCallback
 .text.HAL_TIMEx_BreakCallback
                0x0800214a        0x2 CMakeFiles/demo_freertos.elf.dir/Drivers/STM32L4xx_HAL_Driver/Src/stm32l4xx_hal_tim_ex.c.obj
                0x0800214a                HAL_TIMEx_BreakCallback
 .text.HAL_TIMEx_Break2Callback
                0x0800214c        0x2 CMakeFiles/demo_freertos.elf.dir/Drivers/STM32L4xx_HAL_Driver/Src/stm32l4xx_hal_tim_ex.c.obj
                0x0800214c                HAL_TIMEx_Break2Callback
 .text.UART_EndRxTransfer
                0x0800214e       0x52 CMakeFiles/demo_freertos.elf.dir/Drivers/STM32L4xx_HAL_Driver/Src/stm32l4xx_hal_uart.c.obj
 .text.UART_SetConfig
                0x080021a0      0x328 CMakeFiles/demo_freertos.elf.dir/Drivers/STM32L4xx_HAL_Driver/Src/stm32l4xx_hal_uart.c.obj
                0x080021a0                UART_SetConfig
 .text.UART_AdvFeatureConfig
                0x080024c8       0xca CMakeFiles/demo_freertos.elf.dir/Drivers/STM32L4xx_HAL_Driver/Src/stm32l4xx_hal_uart.c.obj
                0x080024c8                UART_AdvFeatureConfig
 .text.UART_WaitOnFlagUntilTimeout
                0x08002592       0x9a CMakeFiles/demo_freertos.elf.dir/Drivers/STM32L4xx_HAL_Driver/Src/stm32l4xx_hal_uart.c.obj
                0x08002592                UART_WaitOnFlagUntilTimeout
 .text.UART_CheckIdleState
                0x0800262c       0xc6 CMakeFiles/demo_freertos.elf.dir/Drivers/STM32L4xx_HAL_Driver/Src/stm32l4xx_hal_uart.c.obj
                0x0800262c                UART_CheckIdleState
 .text.HAL_UART_Init
                0x080026f2       0x62 CMakeFiles/demo_freertos.elf.dir/Drivers/STM32L4xx_HAL_Driver/Src/stm32l4xx_hal_uart.c.obj
                0x080026f2                HAL_UART_Init
 .text.makeFreeRtosPriority
                0x08002754        0xc CMakeFiles/demo_freertos.elf.dir/Middlewares/Third_Party/FreeRTOS/Source/CMSIS_RTOS/cmsis_os.c.obj
 .text.inHandlerMode
                0x08002760        0xc CMakeFiles/demo_freertos.elf.dir/Middlewares/Third_Party/FreeRTOS/Source/CMSIS_RTOS/cmsis_os.c.obj
 .text.osKernelStart
                0x0800276c        0xa CMakeFiles/demo_freertos.elf.dir/Middlewares/Third_Party/FreeRTOS/Source/CMSIS_RTOS/cmsis_os.c.obj
                0x0800276c                osKernelStart
 .text.osThreadCreate
                0x08002776       0x6a CMakeFiles/demo_freertos.elf.dir/Middlewares/Third_Party/FreeRTOS/Source/CMSIS_RTOS/cmsis_os.c.obj
                0x08002776                osThreadCreate
 .text.osDelay  0x080027e0        0xe CMakeFiles/demo_freertos.elf.dir/Middlewares/Third_Party/FreeRTOS/Source/CMSIS_RTOS/cmsis_os.c.obj
                0x080027e0                osDelay
 .text.osSignalSet
                0x080027ee       0x64 CMakeFiles/demo_freertos.elf.dir/Middlewares/Third_Party/FreeRTOS/Source/CMSIS_RTOS/cmsis_os.c.obj
                0x080027ee                osSignalSet
 .text.osSignalWait
                0x08002852       0x58 CMakeFiles/demo_freertos.elf.dir/Middlewares/Third_Party/FreeRTOS/Source/CMSIS_RTOS/cmsis_os.c.obj
                0x08002852                osSignalWait
 .text.vListInitialise
                0x080028aa       0x16 CMakeFiles/demo_freertos.elf.dir/Middlewares/Third_Party/FreeRTOS/Source/list.c.obj
                0x080028aa                vListInitialise
 .text.vListInitialiseItem
                0x080028c0        0x6 CMakeFiles/demo_freertos.elf.dir/Middlewares/Third_Party/FreeRTOS/Source/list.c.obj
                0x080028c0                vListInitialiseItem
 .text.vListInsertEnd
                0x080028c6       0x16 CMakeFiles/demo_freertos.elf.dir/Middlewares/Third_Party/FreeRTOS/Source/list.c.obj
                0x080028c6                vListInsertEnd
 .text.vListInsert
                0x080028dc       0x32 CMakeFiles/demo_freertos.elf.dir/Middlewares/Third_Party/FreeRTOS/Source/list.c.obj
                0x080028dc                vListInsert
 .text.uxListRemove
                0x0800290e       0x26 CMakeFiles/demo_freertos.elf.dir/Middlewares/Third_Party/FreeRTOS/Source/list.c.obj
                0x0800290e                uxListRemove
 .text.prvTaskExitError
                0x08002934       0x40 CMakeFiles/demo_freertos.elf.dir/Middlewares/Third_Party/FreeRTOS/Source/portable/GCC/ARM_CM4F/port.c.obj
 .text.prvPortStartFirstTask
                0x08002974       0x28 CMakeFiles/demo_freertos.elf.dir/Middlewares/Third_Party/FreeRTOS/Source/portable/GCC/ARM_CM4F/port.c.obj
 .text.vPortEnableVFP
                0x0800299c       0x14 CMakeFiles/demo_freertos.elf.dir/Middlewares/Third_Party/FreeRTOS/Source/portable/GCC/ARM_CM4F/port.c.obj
 .text.pxPortInitialiseStack
                0x080029b0       0x2c CMakeFiles/demo_freertos.elf.dir/Middlewares/Third_Party/FreeRTOS/Source/portable/GCC/ARM_CM4F/port.c.obj
                0x080029b0                pxPortInitialiseStack
 *fill*         0x080029dc        0x4 
 .text.SVC_Handler
                0x080029e0       0x24 CMakeFiles/demo_freertos.elf.dir/Middlewares/Third_Party/FreeRTOS/Source/portable/GCC/ARM_CM4F/port.c.obj
                0x080029e0                SVC_Handler
 .text.vPortEnterCritical
                0x08002a04       0x44 CMakeFiles/demo_freertos.elf.dir/Middlewares/Third_Party/FreeRTOS/Source/portable/GCC/ARM_CM4F/port.c.obj
                0x08002a04                vPortEnterCritical
 .text.vPortExitCritical
                0x08002a48       0x2c CMakeFiles/demo_freertos.elf.dir/Middlewares/Third_Party/FreeRTOS/Source/portable/GCC/ARM_CM4F/port.c.obj
                0x08002a48                vPortExitCritical
 *fill*         0x08002a74        0xc 
 .text.PendSV_Handler
                0x08002a80       0x64 CMakeFiles/demo_freertos.elf.dir/Middlewares/Third_Party/FreeRTOS/Source/portable/GCC/ARM_CM4F/port.c.obj
                0x08002a80                PendSV_Handler
 .text.SysTick_Handler
                0x08002ae4       0x2c CMakeFiles/demo_freertos.elf.dir/Middlewares/Third_Party/FreeRTOS/Source/portable/GCC/ARM_CM4F/port.c.obj
                0x08002ae4                SysTick_Handler
 .text.vPortSetupTimerInterrupt
                0x08002b10       0x28 CMakeFiles/demo_freertos.elf.dir/Middlewares/Third_Party/FreeRTOS/Source/portable/GCC/ARM_CM4F/port.c.obj
                0x08002b10                vPortSetupTimerInterrupt
 .text.xPortStartScheduler
                0x08002b38      0x118 CMakeFiles/demo_freertos.elf.dir/Middlewares/Third_Party/FreeRTOS/Source/portable/GCC/ARM_CM4F/port.c.obj
                0x08002b38                xPortStartScheduler
 .text.vPortValidateInterruptPriority
                0x08002c50       0x5c CMakeFiles/demo_freertos.elf.dir/Middlewares/Third_Party/FreeRTOS/Source/portable/GCC/ARM_CM4F/port.c.obj
                0x08002c50                vPortValidateInterruptPriority
 .text.prvHeapInit
                0x08002cac       0x68 CMakeFiles/demo_freertos.elf.dir/Middlewares/Third_Party/FreeRTOS/Source/portable/MemMang/heap_4.c.obj
 .text.prvInsertBlockIntoFreeList
                0x08002d14       0x64 CMakeFiles/demo_freertos.elf.dir/Middlewares/Third_Party/FreeRTOS/Source/portable/MemMang/heap_4.c.obj
 .text.pvPortMalloc
                0x08002d78       0xfc CMakeFiles/demo_freertos.elf.dir/Middlewares/Third_Party/FreeRTOS/Source/portable/MemMang/heap_4.c.obj
                0x08002d78                pvPortMalloc
 .text.vPortFree
                0x08002e74       0x7c CMakeFiles/demo_freertos.elf.dir/Middlewares/Third_Party/FreeRTOS/Source/portable/MemMang/heap_4.c.obj
                0x08002e74                vPortFree
 .text.prvResetNextTaskUnblockTime
                0x08002ef0       0x2c CMakeFiles/demo_freertos.elf.dir/Middlewares/Third_Party/FreeRTOS/Source/tasks.c.obj
 .text.prvInitialiseNewTask
                0x08002f1c       0xa2 CMakeFiles/demo_freertos.elf.dir/Middlewares/Third_Party/FreeRTOS/Source/tasks.c.obj
 *fill*         0x08002fbe        0x2 
 .text.prvInitialiseTaskLists
                0x08002fc0       0x68 CMakeFiles/demo_freertos.elf.dir/Middlewares/Third_Party/FreeRTOS/Source/tasks.c.obj
 .text.prvAddNewTaskToReadyList
                0x08003028       0xa8 CMakeFiles/demo_freertos.elf.dir/Middlewares/Third_Party/FreeRTOS/Source/tasks.c.obj
 .text.prvDeleteTCB
                0x080030d0       0x38 CMakeFiles/demo_freertos.elf.dir/Middlewares/Third_Party/FreeRTOS/Source/tasks.c.obj
 .text.prvCheckTasksWaitingTermination
                0x08003108       0x4c CMakeFiles/demo_freertos.elf.dir/Middlewares/Third_Party/FreeRTOS/Source/tasks.c.obj
 .text.prvIdleTask
                0x08003154       0x28 CMakeFiles/demo_freertos.elf.dir/Middlewares/Third_Party/FreeRTOS/Source/tasks.c.obj
 .text.prvAddCurrentTaskToDelayedList
                0x0800317c       0x98 CMakeFiles/demo_freertos.elf.dir/Middlewares/Third_Party/FreeRTOS/Source/tasks.c.obj
 .text.xTaskCreateStatic
                0x08003214       0x76 CMakeFiles/demo_freertos.elf.dir/Middlewares/Third_Party/FreeRTOS/Source/tasks.c.obj
                0x08003214                xTaskCreateStatic
 .text.xTaskCreate
                0x0800328a       0x68 CMakeFiles/demo_freertos.elf.dir/Middlewares/Third_Party/FreeRTOS/Source/tasks.c.obj
                0x0800328a                xTaskCreate
 *fill*         0x080032f2        0x2 
 .text.vTaskStartScheduler
                0x080032f4       0x74 CMakeFiles/demo_freertos.elf.dir/Middlewares/Third_Party/FreeRTOS/Source/tasks.c.obj
                0x080032f4                vTaskStartScheduler
 .text.vTaskSuspendAll
                0x08003368       0x10 CMakeFiles/demo_freertos.elf.dir/Middlewares/Third_Party/FreeRTOS/Source/tasks.c.obj
                0x08003368                vTaskSuspendAll
 .text.xTaskIncrementTick
                0x08003378      0x118 CMakeFiles/demo_freertos.elf.dir/Middlewares/Third_Party/FreeRTOS/Source/tasks.c.obj
                0x08003378                xTaskIncrementTick
 .text.xTaskResumeAll
                0x08003490       0xf8 CMakeFiles/demo_freertos.elf.dir/Middlewares/Third_Party/FreeRTOS/Source/tasks.c.obj
                0x08003490                xTaskResumeAll
 .text.vTaskDelay
                0x08003588       0x4c CMakeFiles/demo_freertos.elf.dir/Middlewares/Third_Party/FreeRTOS/Source/tasks.c.obj
                0x08003588                vTaskDelay
 .text.vTaskSwitchContext
                0x080035d4       0x98 CMakeFiles/demo_freertos.elf.dir/Middlewares/Third_Party/FreeRTOS/Source/tasks.c.obj
                0x080035d4                vTaskSwitchContext
 .text.xTaskNotifyWait
                0x0800366c       0x98 CMakeFiles/demo_freertos.elf.dir/Middlewares/Third_Party/FreeRTOS/Source/tasks.c.obj
                0x0800366c                xTaskNotifyWait
 .text.xTaskGenericNotify
                0x08003704      0x100 CMakeFiles/demo_freertos.elf.dir/Middlewares/Third_Party/FreeRTOS/Source/tasks.c.obj
                0x08003704                xTaskGenericNotify
 .text.xTaskGenericNotifyFromISR
                0x08003804      0x134 CMakeFiles/demo_freertos.elf.dir/Middlewares/Third_Party/FreeRTOS/Source/tasks.c.obj
                0x08003804                xTaskGenericNotifyFromISR
 .text.__libc_init_array
                0x08003938       0x48 c:/progra~1/gcc-arm-none-eabi-10.3-2021.10/bin/../lib/gcc/arm-none-eabi/10.3.1/../../../../arm-none-eabi/lib/thumb/v7e-m+fp/hard\libc.a(lib_a-init.o)
                0x08003938                __libc_init_array
 .text.memset   0x08003980       0xa4 c:/progra~1/gcc-arm-none-eabi-10.3-2021.10/bin/../lib/gcc/arm-none-eabi/10.3.1/../../../../arm-none-eabi/lib/thumb/v7e-m+fp/hard\libc.a(lib_a-memset.o)
                0x08003980                memset
 .text.startup.register_fini
                0x08003a24       0x14 c:/progra~1/gcc-arm-none-eabi-10.3-2021.10/bin/../lib/gcc/arm-none-eabi/10.3.1/../../../../arm-none-eabi/lib/thumb/v7e-m+fp/hard\libc.a(lib_a-__call_atexit.o)
 .text.atexit   0x08003a38        0xc c:/progra~1/gcc-arm-none-eabi-10.3-2021.10/bin/../lib/gcc/arm-none-eabi/10.3.1/../../../../arm-none-eabi/lib/thumb/v7e-m+fp/hard\libc.a(lib_a-atexit.o)
                0x08003a38                atexit
 .text.__libc_fini_array
                0x08003a44       0x2c c:/progra~1/gcc-arm-none-eabi-10.3-2021.10/bin/../lib/gcc/arm-none-eabi/10.3.1/../../../../arm-none-eabi/lib/thumb/v7e-m+fp/hard\libc.a(lib_a-fini.o)
                0x08003a44                __libc_fini_array
 .text.__retarget_lock_acquire_recursive
                0x08003a70        0x4 c:/progra~1/gcc-arm-none-eabi-10.3-2021.10/bin/../lib/gcc/arm-none-eabi/10.3.1/../../../../arm-none-eabi/lib/thumb/v7e-m+fp/hard\libc.a(lib_a-lock.o)
                0x08003a70                __retarget_lock_acquire_recursive
 .text.__retarget_lock_release_recursive
                0x08003a74        0x4 c:/progra~1/gcc-arm-none-eabi-10.3-2021.10/bin/../lib/gcc/arm-none-eabi/10.3.1/../../../../arm-none-eabi/lib/thumb/v7e-m+fp/hard\libc.a(lib_a-lock.o)
                0x08003a74                __retarget_lock_release_recursive
 .text.__register_exitproc
                0x08003a78       0x8c c:/progra~1/gcc-arm-none-eabi-10.3-2021.10/bin/../lib/gcc/arm-none-eabi/10.3.1/../../../../arm-none-eabi/lib/thumb/v7e-m+fp/hard\libc.a(lib_a-__atexit.o)
                0x08003a78                __register_exitproc
 *(.glue_7)
 .glue_7        0x08003b04        0x0 linker stubs
 *(.glue_7t)
 .glue_7t       0x08003b04        0x0 linker stubs
 *(.eh_frame)
 .eh_frame      0x08003b04        0x0 c:/progra~1/gcc-arm-none-eabi-10.3-2021.10/bin/../lib/gcc/arm-none-eabi/10.3.1/thumb/v7e-m+fp/hard/crtbegin.o
 *(.init)
 .init          0x08003b04        0x4 c:/progra~1/gcc-arm-none-eabi-10.3-2021.10/bin/../lib/gcc/arm-none-eabi/10.3.1/thumb/v7e-m+fp/hard/crti.o
                0x08003b04                _init
 .init          0x08003b08        0x8 c:/progra~1/gcc-arm-none-eabi-10.3-2021.10/bin/../lib/gcc/arm-none-eabi/10.3.1/thumb/v7e-m+fp/hard/crtn.o
 *(.fini)
 .fini          0x08003b10        0x4 c:/progra~1/gcc-arm-none-eabi-10.3-2021.10/bin/../lib/gcc/arm-none-eabi/10.3.1/thumb/v7e-m+fp/hard/crti.o
                0x08003b10                _fini
 .fini          0x08003b14        0x8 c:/progra~1/gcc-arm-none-eabi-10.3-2021.10/bin/../lib/gcc/arm-none-eabi/10.3.1/thumb/v7e-m+fp/hard/crtn.o
                0x08003b1c                . = ALIGN (0x4)
                0x08003b1c                _etext = .

.vfp11_veneer   0x08003b1c        0x0
 .vfp11_veneer  0x08003b1c        0x0 linker stubs

.v4_bx          0x08003b1c        0x0
 .v4_bx         0x08003b1c        0x0 linker stubs

.iplt           0x08003b1c        0x0
 .iplt          0x08003b1c        0x0 c:/progra~1/gcc-arm-none-eabi-10.3-2021.10/bin/../lib/gcc/arm-none-eabi/10.3.1/thumb/v7e-m+fp/hard/crtbegin.o

.rodata         0x08003b1c       0xf4
                0x08003b1c                . = ALIGN (0x4)
 *(.rodata)
 .rodata        0x08003b1c       0x70 CMakeFiles/demo_freertos.elf.dir/Core/Src/freertos.c.obj
 *(.rodata*)
 .rodata.str1.4
                0x08003b8c       0x2e CMakeFiles/demo_freertos.elf.dir/Core/Src/freertos.c.obj
 *fill*         0x08003bba        0x2 
 .rodata.AHBPrescTable
                0x08003bbc       0x10 CMakeFiles/demo_freertos.elf.dir/Core/Src/system_stm32l4xx.c.obj
                0x08003bbc                AHBPrescTable
 .rodata.APBPrescTable
                0x08003bcc        0x8 CMakeFiles/demo_freertos.elf.dir/Core/Src/system_stm32l4xx.c.obj
                0x08003bcc                APBPrescTable
 .rodata.MSIRangeTable
                0x08003bd4       0x30 CMakeFiles/demo_freertos.elf.dir/Core/Src/system_stm32l4xx.c.obj
                0x08003bd4                MSIRangeTable
 .rodata.vTaskStartScheduler.str1.4
                0x08003c04        0x5 CMakeFiles/demo_freertos.elf.dir/Middlewares/Third_Party/FreeRTOS/Source/tasks.c.obj
 *fill*         0x08003c09        0x3 
 .rodata._global_impure_ptr
                0x08003c0c        0x4 c:/progra~1/gcc-arm-none-eabi-10.3-2021.10/bin/../lib/gcc/arm-none-eabi/10.3.1/../../../../arm-none-eabi/lib/thumb/v7e-m+fp/hard\libc.a(lib_a-impure.o)
                0x08003c0c                _global_impure_ptr
                0x08003c10                . = ALIGN (0x4)

.ARM.extab      0x08003c10        0x0
                0x08003c10                . = ALIGN (0x4)
 *(.ARM.extab* .gnu.linkonce.armextab.*)
                0x08003c10                . = ALIGN (0x4)

.ARM            0x08003c10        0x8
                0x08003c10                . = ALIGN (0x4)
                0x08003c10                __exidx_start = .
 *(.ARM.exidx*)
 .ARM.exidx     0x08003c10        0x8 c:/progra~1/gcc-arm-none-eabi-10.3-2021.10/bin/../lib/gcc/arm-none-eabi/10.3.1/thumb/v7e-m+fp/hard\libgcc.a(_udivmoddi4.o)
                0x08003c18                __exidx_end = .
                0x08003c18                . = ALIGN (0x4)

.rel.dyn        0x08003c18        0x0
 .rel.iplt      0x08003c18        0x0 c:/progra~1/gcc-arm-none-eabi-10.3-2021.10/bin/../lib/gcc/arm-none-eabi/10.3.1/thumb/v7e-m+fp/hard/crtbegin.o

.preinit_array  0x08003c18        0x0
                0x08003c18                . = ALIGN (0x4)
                0x08003c18                PROVIDE (__preinit_array_start = .)
 *(.preinit_array*)
                0x08003c18                PROVIDE (__preinit_array_end = .)
                0x08003c18                . = ALIGN (0x4)

.init_array     0x08003c18        0x8
                0x08003c18                . = ALIGN (0x4)
                0x08003c18                PROVIDE (__init_array_start = .)
 *(SORT_BY_NAME(.init_array.*))
 .init_array.00000
                0x08003c18        0x4 c:/progra~1/gcc-arm-none-eabi-10.3-2021.10/bin/../lib/gcc/arm-none-eabi/10.3.1/../../../../arm-none-eabi/lib/thumb/v7e-m+fp/hard\libc.a(lib_a-__call_atexit.o)
 *(.init_array*)
 .init_array    0x08003c1c        0x4 c:/progra~1/gcc-arm-none-eabi-10.3-2021.10/bin/../lib/gcc/arm-none-eabi/10.3.1/thumb/v7e-m+fp/hard/crtbegin.o
                0x08003c20                PROVIDE (__init_array_end = .)
                0x08003c20                . = ALIGN (0x4)

.fini_array     0x08003c20        0x4
                0x08003c20                . = ALIGN (0x4)
                0x08003c20                PROVIDE (__fini_array_start = .)
 *(SORT_BY_NAME(.fini_array.*))
 *(.fini_array*)
 .fini_array    0x08003c20        0x4 c:/progra~1/gcc-arm-none-eabi-10.3-2021.10/bin/../lib/gcc/arm-none-eabi/10.3.1/thumb/v7e-m+fp/hard/crtbegin.o
                0x08003c24                PROVIDE (__fini_array_end = .)
                0x08003c24                . = ALIGN (0x4)
                0x08003c24                _sidata = LOADADDR (.data)

.data           0x20000000      0x43c load address 0x08003c24
                0x20000000                . = ALIGN (0x4)
                0x20000000                _sdata = .
 *(.data)
 *(.data*)
 .data.SystemCoreClock
                0x20000000        0x4 CMakeFiles/demo_freertos.elf.dir/Core/Src/system_stm32l4xx.c.obj
                0x20000000                SystemCoreClock
 .data.uwTickFreq
                0x20000004        0x1 CMakeFiles/demo_freertos.elf.dir/Drivers/STM32L4xx_HAL_Driver/Src/stm32l4xx_hal.c.obj
                0x20000004                uwTickFreq
 *fill*         0x20000005        0x3 
 .data.uwTickPrio
                0x20000008        0x4 CMakeFiles/demo_freertos.elf.dir/Drivers/STM32L4xx_HAL_Driver/Src/stm32l4xx_hal.c.obj
                0x20000008                uwTickPrio
 .data.uxCriticalNesting
                0x2000000c        0x4 CMakeFiles/demo_freertos.elf.dir/Middlewares/Third_Party/FreeRTOS/Source/portable/GCC/ARM_CM4F/port.c.obj
 .data.impure_data
                0x20000010      0x428 c:/progra~1/gcc-arm-none-eabi-10.3-2021.10/bin/../lib/gcc/arm-none-eabi/10.3.1/../../../../arm-none-eabi/lib/thumb/v7e-m+fp/hard\libc.a(lib_a-impure.o)
 .data.__atexit_recursive_mutex
                0x20000438        0x4 c:/progra~1/gcc-arm-none-eabi-10.3-2021.10/bin/../lib/gcc/arm-none-eabi/10.3.1/../../../../arm-none-eabi/lib/thumb/v7e-m+fp/hard\libc.a(lib_a-__call_atexit.o)
                0x20000438                __atexit_recursive_mutex
 *(.RamFunc)
 *(.RamFunc*)
                0x2000043c                . = ALIGN (0x4)
                0x2000043c                _edata = .

.igot.plt       0x2000043c        0x0 load address 0x08004060
 .igot.plt      0x2000043c        0x0 c:/progra~1/gcc-arm-none-eabi-10.3-2021.10/bin/../lib/gcc/arm-none-eabi/10.3.1/thumb/v7e-m+fp/hard/crtbegin.o
                0x2000043c                . = ALIGN (0x4)

.bss            0x2000043c     0x1068 load address 0x08004060
                0x2000043c                _sbss = .
                0x2000043c                __bss_start__ = _sbss
 *(.bss)
 .bss           0x2000043c       0x1c c:/progra~1/gcc-arm-none-eabi-10.3-2021.10/bin/../lib/gcc/arm-none-eabi/10.3.1/thumb/v7e-m+fp/hard/crtbegin.o
 *(.bss*)
 .bss.Task_mainHandle
                0x20000458        0x4 CMakeFiles/demo_freertos.elf.dir/Core/Src/freertos.c.obj
                0x20000458                Task_mainHandle
 .bss.myTaskKeyHandle
                0x2000045c        0x4 CMakeFiles/demo_freertos.elf.dir/Core/Src/freertos.c.obj
                0x2000045c                myTaskKeyHandle
 .bss.myTaskLED1Handle
                0x20000460        0x4 CMakeFiles/demo_freertos.elf.dir/Core/Src/freertos.c.obj
                0x20000460                myTaskLED1Handle
 .bss.myTaskLED2Handle
                0x20000464        0x4 CMakeFiles/demo_freertos.elf.dir/Core/Src/freertos.c.obj
                0x20000464                myTaskLED2Handle
 .bss.xIdleStack
                0x20000468      0x200 CMakeFiles/demo_freertos.elf.dir/Core/Src/freertos.c.obj
 .bss.xIdleTaskTCBBuffer
                0x20000668       0x54 CMakeFiles/demo_freertos.elf.dir/Core/Src/freertos.c.obj
 .bss.htim6     0x200006bc       0x4c CMakeFiles/demo_freertos.elf.dir/Core/Src/stm32l4xx_hal_timebase_tim.c.obj
                0x200006bc                htim6
 .bss.huart2    0x20000708       0x88 CMakeFiles/demo_freertos.elf.dir/Core/Src/usart.c.obj
                0x20000708                huart2
 .bss.uwTick    0x20000790        0x4 CMakeFiles/demo_freertos.elf.dir/Drivers/STM32L4xx_HAL_Driver/Src/stm32l4xx_hal.c.obj
                0x20000790                uwTick
 .bss.ucMaxSysCallPriority
                0x20000794        0x1 CMakeFiles/demo_freertos.elf.dir/Middlewares/Third_Party/FreeRTOS/Source/portable/GCC/ARM_CM4F/port.c.obj
 *fill*         0x20000795        0x3 
 .bss.ulMaxPRIGROUPValue
                0x20000798        0x4 CMakeFiles/demo_freertos.elf.dir/Middlewares/Third_Party/FreeRTOS/Source/portable/GCC/ARM_CM4F/port.c.obj
 .bss.pxEnd     0x2000079c        0x4 CMakeFiles/demo_freertos.elf.dir/Middlewares/Third_Party/FreeRTOS/Source/portable/MemMang/heap_4.c.obj
 .bss.ucHeap    0x200007a0      0xbb8 CMakeFiles/demo_freertos.elf.dir/Middlewares/Third_Party/FreeRTOS/Source/portable/MemMang/heap_4.c.obj
 .bss.xBlockAllocatedBit
                0x20001358        0x4 CMakeFiles/demo_freertos.elf.dir/Middlewares/Third_Party/FreeRTOS/Source/portable/MemMang/heap_4.c.obj
 .bss.xFreeBytesRemaining
                0x2000135c        0x4 CMakeFiles/demo_freertos.elf.dir/Middlewares/Third_Party/FreeRTOS/Source/portable/MemMang/heap_4.c.obj
 .bss.xMinimumEverFreeBytesRemaining
                0x20001360        0x4 CMakeFiles/demo_freertos.elf.dir/Middlewares/Third_Party/FreeRTOS/Source/portable/MemMang/heap_4.c.obj
 .bss.xNumberOfSuccessfulAllocations
                0x20001364        0x4 CMakeFiles/demo_freertos.elf.dir/Middlewares/Third_Party/FreeRTOS/Source/portable/MemMang/heap_4.c.obj
 .bss.xNumberOfSuccessfulFrees
                0x20001368        0x4 CMakeFiles/demo_freertos.elf.dir/Middlewares/Third_Party/FreeRTOS/Source/portable/MemMang/heap_4.c.obj
 .bss.xStart    0x2000136c        0x8 CMakeFiles/demo_freertos.elf.dir/Middlewares/Third_Party/FreeRTOS/Source/portable/MemMang/heap_4.c.obj
 .bss.pxCurrentTCB
                0x20001374        0x4 CMakeFiles/demo_freertos.elf.dir/Middlewares/Third_Party/FreeRTOS/Source/tasks.c.obj
                0x20001374                pxCurrentTCB
 .bss.pxDelayedTaskList
                0x20001378        0x4 CMakeFiles/demo_freertos.elf.dir/Middlewares/Third_Party/FreeRTOS/Source/tasks.c.obj
 .bss.pxOverflowDelayedTaskList
                0x2000137c        0x4 CMakeFiles/demo_freertos.elf.dir/Middlewares/Third_Party/FreeRTOS/Source/tasks.c.obj
 .bss.pxReadyTasksLists
                0x20001380       0x8c CMakeFiles/demo_freertos.elf.dir/Middlewares/Third_Party/FreeRTOS/Source/tasks.c.obj
 .bss.uxCurrentNumberOfTasks
                0x2000140c        0x4 CMakeFiles/demo_freertos.elf.dir/Middlewares/Third_Party/FreeRTOS/Source/tasks.c.obj
 .bss.uxDeletedTasksWaitingCleanUp
                0x20001410        0x4 CMakeFiles/demo_freertos.elf.dir/Middlewares/Third_Party/FreeRTOS/Source/tasks.c.obj
 .bss.uxSchedulerSuspended
                0x20001414        0x4 CMakeFiles/demo_freertos.elf.dir/Middlewares/Third_Party/FreeRTOS/Source/tasks.c.obj
 .bss.uxTaskNumber
                0x20001418        0x4 CMakeFiles/demo_freertos.elf.dir/Middlewares/Third_Party/FreeRTOS/Source/tasks.c.obj
 .bss.uxTopReadyPriority
                0x2000141c        0x4 CMakeFiles/demo_freertos.elf.dir/Middlewares/Third_Party/FreeRTOS/Source/tasks.c.obj
 .bss.xDelayedTaskList1
                0x20001420       0x14 CMakeFiles/demo_freertos.elf.dir/Middlewares/Third_Party/FreeRTOS/Source/tasks.c.obj
 .bss.xDelayedTaskList2
                0x20001434       0x14 CMakeFiles/demo_freertos.elf.dir/Middlewares/Third_Party/FreeRTOS/Source/tasks.c.obj
 .bss.xIdleTaskHandle
                0x20001448        0x4 CMakeFiles/demo_freertos.elf.dir/Middlewares/Third_Party/FreeRTOS/Source/tasks.c.obj
 .bss.xNextTaskUnblockTime
                0x2000144c        0x4 CMakeFiles/demo_freertos.elf.dir/Middlewares/Third_Party/FreeRTOS/Source/tasks.c.obj
 .bss.xNumOfOverflows
                0x20001450        0x4 CMakeFiles/demo_freertos.elf.dir/Middlewares/Third_Party/FreeRTOS/Source/tasks.c.obj
 .bss.xPendedTicks
                0x20001454        0x4 CMakeFiles/demo_freertos.elf.dir/Middlewares/Third_Party/FreeRTOS/Source/tasks.c.obj
 .bss.xPendingReadyList
                0x20001458       0x14 CMakeFiles/demo_freertos.elf.dir/Middlewares/Third_Party/FreeRTOS/Source/tasks.c.obj
 .bss.xSchedulerRunning
                0x2000146c        0x4 CMakeFiles/demo_freertos.elf.dir/Middlewares/Third_Party/FreeRTOS/Source/tasks.c.obj
 .bss.xSuspendedTaskList
                0x20001470       0x14 CMakeFiles/demo_freertos.elf.dir/Middlewares/Third_Party/FreeRTOS/Source/tasks.c.obj
 .bss.xTasksWaitingTermination
                0x20001484       0x14 CMakeFiles/demo_freertos.elf.dir/Middlewares/Third_Party/FreeRTOS/Source/tasks.c.obj
 .bss.xTickCount
                0x20001498        0x4 CMakeFiles/demo_freertos.elf.dir/Middlewares/Third_Party/FreeRTOS/Source/tasks.c.obj
 .bss.xYieldPending
                0x2000149c        0x4 CMakeFiles/demo_freertos.elf.dir/Middlewares/Third_Party/FreeRTOS/Source/tasks.c.obj
 .bss.__lock___atexit_recursive_mutex
                0x200014a0        0x1 c:/progra~1/gcc-arm-none-eabi-10.3-2021.10/bin/../lib/gcc/arm-none-eabi/10.3.1/../../../../arm-none-eabi/lib/thumb/v7e-m+fp/hard\libc.a(lib_a-lock.o)
                0x200014a0                __lock___atexit_recursive_mutex
 *(COMMON)
                0x200014a4                . = ALIGN (0x4)
 *fill*         0x200014a1        0x3 
                0x200014a4                _ebss = .
                0x200014a4                __bss_end__ = _ebss

._user_heap_stack
                0x200014a4      0x604 load address 0x08004060
                0x200014a8                . = ALIGN (0x8)
 *fill*         0x200014a4        0x4 
                [!provide]                PROVIDE (end = .)
                0x200014a8                PROVIDE (_end = .)
                0x200016a8                . = (. + _Min_Heap_Size)
 *fill*         0x200014a8      0x200 
                0x20001aa8                . = (. + _Min_Stack_Size)
 *fill*         0x200016a8      0x400 
                0x20001aa8                . = ALIGN (0x8)

/DISCARD/
 libc.a(*)
 libm.a(*)
 libgcc.a(*)

.ARM.attributes
                0x00000000       0x30
 *(.ARM.attributes)
 .ARM.attributes
                0x00000000       0x1e c:/progra~1/gcc-arm-none-eabi-10.3-2021.10/bin/../lib/gcc/arm-none-eabi/10.3.1/thumb/v7e-m+fp/hard/crti.o
 .ARM.attributes
                0x0000001e       0x34 c:/progra~1/gcc-arm-none-eabi-10.3-2021.10/bin/../lib/gcc/arm-none-eabi/10.3.1/thumb/v7e-m+fp/hard/crtbegin.o
 .ARM.attributes
                0x00000052       0x34 CMakeFiles/demo_freertos.elf.dir/Core/Src/freertos.c.obj
 .ARM.attributes
                0x00000086       0x34 CMakeFiles/demo_freertos.elf.dir/Core/Src/gpio.c.obj
 .ARM.attributes
                0x000000ba       0x34 CMakeFiles/demo_freertos.elf.dir/Core/Src/main.c.obj
 .ARM.attributes
                0x000000ee       0x34 CMakeFiles/demo_freertos.elf.dir/Core/Src/stm32l4xx_hal_msp.c.obj
 .ARM.attributes
                0x00000122       0x34 CMakeFiles/demo_freertos.elf.dir/Core/Src/stm32l4xx_hal_timebase_tim.c.obj
 .ARM.attributes
                0x00000156       0x34 CMakeFiles/demo_freertos.elf.dir/Core/Src/stm32l4xx_it.c.obj
 .ARM.attributes
                0x0000018a       0x34 CMakeFiles/demo_freertos.elf.dir/Core/Src/system_stm32l4xx.c.obj
 .ARM.attributes
                0x000001be       0x34 CMakeFiles/demo_freertos.elf.dir/Core/Src/usart.c.obj
 .ARM.attributes
                0x000001f2       0x21 CMakeFiles/demo_freertos.elf.dir/Core/Startup/startup_stm32l476rgtx.s.obj
 .ARM.attributes
                0x00000213       0x34 CMakeFiles/demo_freertos.elf.dir/Drivers/STM32L4xx_HAL_Driver/Src/stm32l4xx_hal.c.obj
 .ARM.attributes
                0x00000247       0x34 CMakeFiles/demo_freertos.elf.dir/Drivers/STM32L4xx_HAL_Driver/Src/stm32l4xx_hal_cortex.c.obj
 .ARM.attributes
                0x0000027b       0x34 CMakeFiles/demo_freertos.elf.dir/Drivers/STM32L4xx_HAL_Driver/Src/stm32l4xx_hal_gpio.c.obj
 .ARM.attributes
                0x000002af       0x34 CMakeFiles/demo_freertos.elf.dir/Drivers/STM32L4xx_HAL_Driver/Src/stm32l4xx_hal_pwr_ex.c.obj
 .ARM.attributes
                0x000002e3       0x34 CMakeFiles/demo_freertos.elf.dir/Drivers/STM32L4xx_HAL_Driver/Src/stm32l4xx_hal_rcc.c.obj
 .ARM.attributes
                0x00000317       0x34 CMakeFiles/demo_freertos.elf.dir/Drivers/STM32L4xx_HAL_Driver/Src/stm32l4xx_hal_rcc_ex.c.obj
 .ARM.attributes
                0x0000034b       0x34 CMakeFiles/demo_freertos.elf.dir/Drivers/STM32L4xx_HAL_Driver/Src/stm32l4xx_hal_tim.c.obj
 .ARM.attributes
                0x0000037f       0x34 CMakeFiles/demo_freertos.elf.dir/Drivers/STM32L4xx_HAL_Driver/Src/stm32l4xx_hal_tim_ex.c.obj
 .ARM.attributes
                0x000003b3       0x34 CMakeFiles/demo_freertos.elf.dir/Drivers/STM32L4xx_HAL_Driver/Src/stm32l4xx_hal_uart.c.obj
 .ARM.attributes
                0x000003e7       0x34 CMakeFiles/demo_freertos.elf.dir/Middlewares/Third_Party/FreeRTOS/Source/CMSIS_RTOS/cmsis_os.c.obj
 .ARM.attributes
                0x0000041b       0x34 CMakeFiles/demo_freertos.elf.dir/Middlewares/Third_Party/FreeRTOS/Source/list.c.obj
 .ARM.attributes
                0x0000044f       0x34 CMakeFiles/demo_freertos.elf.dir/Middlewares/Third_Party/FreeRTOS/Source/portable/GCC/ARM_CM4F/port.c.obj
 .ARM.attributes
                0x00000483       0x34 CMakeFiles/demo_freertos.elf.dir/Middlewares/Third_Party/FreeRTOS/Source/portable/MemMang/heap_4.c.obj
 .ARM.attributes
                0x000004b7       0x34 CMakeFiles/demo_freertos.elf.dir/Middlewares/Third_Party/FreeRTOS/Source/tasks.c.obj
 .ARM.attributes
                0x000004eb       0x1e c:/progra~1/gcc-arm-none-eabi-10.3-2021.10/bin/../lib/gcc/arm-none-eabi/10.3.1/thumb/v7e-m+fp/hard\libgcc.a(_aeabi_uldivmod.o)
 .ARM.attributes
                0x00000509       0x34 c:/progra~1/gcc-arm-none-eabi-10.3-2021.10/bin/../lib/gcc/arm-none-eabi/10.3.1/thumb/v7e-m+fp/hard\libgcc.a(_udivmoddi4.o)
 .ARM.attributes
                0x0000053d       0x1e c:/progra~1/gcc-arm-none-eabi-10.3-2021.10/bin/../lib/gcc/arm-none-eabi/10.3.1/thumb/v7e-m+fp/hard\libgcc.a(_dvmd_tls.o)
 .ARM.attributes
                0x0000055b       0x34 c:/progra~1/gcc-arm-none-eabi-10.3-2021.10/bin/../lib/gcc/arm-none-eabi/10.3.1/../../../../arm-none-eabi/lib/thumb/v7e-m+fp/hard\libc.a(lib_a-impure.o)
 .ARM.attributes
                0x0000058f       0x34 c:/progra~1/gcc-arm-none-eabi-10.3-2021.10/bin/../lib/gcc/arm-none-eabi/10.3.1/../../../../arm-none-eabi/lib/thumb/v7e-m+fp/hard\libc.a(lib_a-init.o)
 .ARM.attributes
                0x000005c3       0x34 c:/progra~1/gcc-arm-none-eabi-10.3-2021.10/bin/../lib/gcc/arm-none-eabi/10.3.1/../../../../arm-none-eabi/lib/thumb/v7e-m+fp/hard\libc.a(lib_a-memset.o)
 .ARM.attributes
                0x000005f7       0x34 c:/progra~1/gcc-arm-none-eabi-10.3-2021.10/bin/../lib/gcc/arm-none-eabi/10.3.1/../../../../arm-none-eabi/lib/thumb/v7e-m+fp/hard\libc.a(lib_a-__call_atexit.o)
 .ARM.attributes
                0x0000062b       0x34 c:/progra~1/gcc-arm-none-eabi-10.3-2021.10/bin/../lib/gcc/arm-none-eabi/10.3.1/../../../../arm-none-eabi/lib/thumb/v7e-m+fp/hard\libc.a(lib_a-atexit.o)
 .ARM.attributes
                0x0000065f       0x34 c:/progra~1/gcc-arm-none-eabi-10.3-2021.10/bin/../lib/gcc/arm-none-eabi/10.3.1/../../../../arm-none-eabi/lib/thumb/v7e-m+fp/hard\libc.a(lib_a-fini.o)
 .ARM.attributes
                0x00000693       0x34 c:/progra~1/gcc-arm-none-eabi-10.3-2021.10/bin/../lib/gcc/arm-none-eabi/10.3.1/../../../../arm-none-eabi/lib/thumb/v7e-m+fp/hard\libc.a(lib_a-lock.o)
 .ARM.attributes
                0x000006c7       0x34 c:/progra~1/gcc-arm-none-eabi-10.3-2021.10/bin/../lib/gcc/arm-none-eabi/10.3.1/../../../../arm-none-eabi/lib/thumb/v7e-m+fp/hard\libc.a(lib_a-__atexit.o)
 .ARM.attributes
                0x000006fb       0x1e c:/progra~1/gcc-arm-none-eabi-10.3-2021.10/bin/../lib/gcc/arm-none-eabi/10.3.1/thumb/v7e-m+fp/hard/crtn.o
OUTPUT(demo_freertos.elf elf32-littlearm)
LOAD linker stubs
LOAD c:/progra~1/gcc-arm-none-eabi-10.3-2021.10/bin/../lib/gcc/arm-none-eabi/10.3.1/../../../../arm-none-eabi/lib/thumb/v7e-m+fp/hard\libc.a
LOAD c:/progra~1/gcc-arm-none-eabi-10.3-2021.10/bin/../lib/gcc/arm-none-eabi/10.3.1/../../../../arm-none-eabi/lib/thumb/v7e-m+fp/hard\libm.a
LOAD c:/progra~1/gcc-arm-none-eabi-10.3-2021.10/bin/../lib/gcc/arm-none-eabi/10.3.1/thumb/v7e-m+fp/hard\libgcc.a

.debug_info     0x00000000    0x1a0d2
 .debug_info    0x00000000      0x926 CMakeFiles/demo_freertos.elf.dir/Core/Src/freertos.c.obj
 .debug_info    0x00000926      0x530 CMakeFiles/demo_freertos.elf.dir/Core/Src/gpio.c.obj
 .debug_info    0x00000e56      0xa0b CMakeFiles/demo_freertos.elf.dir/Core/Src/main.c.obj
 .debug_info    0x00001861      0x55e CMakeFiles/demo_freertos.elf.dir/Core/Src/stm32l4xx_hal_msp.c.obj
 .debug_info    0x00001dbf      0xd32 CMakeFiles/demo_freertos.elf.dir/Core/Src/stm32l4xx_hal_timebase_tim.c.obj
 .debug_info    0x00002af1      0x723 CMakeFiles/demo_freertos.elf.dir/Core/Src/stm32l4xx_it.c.obj
 .debug_info    0x00003214      0x5e0 CMakeFiles/demo_freertos.elf.dir/Core/Src/system_stm32l4xx.c.obj
 .debug_info    0x000037f4      0xdda CMakeFiles/demo_freertos.elf.dir/Core/Src/usart.c.obj
 .debug_info    0x000045ce       0x22 CMakeFiles/demo_freertos.elf.dir/Core/Startup/startup_stm32l476rgtx.s.obj
 .debug_info    0x000045f0      0xce8 CMakeFiles/demo_freertos.elf.dir/Drivers/STM32L4xx_HAL_Driver/Src/stm32l4xx_hal.c.obj
 .debug_info    0x000052d8     0x109e CMakeFiles/demo_freertos.elf.dir/Drivers/STM32L4xx_HAL_Driver/Src/stm32l4xx_hal_cortex.c.obj
 .debug_info    0x00006376      0x857 CMakeFiles/demo_freertos.elf.dir/Drivers/STM32L4xx_HAL_Driver/Src/stm32l4xx_hal_gpio.c.obj
 .debug_info    0x00006bcd      0xaa2 CMakeFiles/demo_freertos.elf.dir/Drivers/STM32L4xx_HAL_Driver/Src/stm32l4xx_hal_pwr_ex.c.obj
 .debug_info    0x0000766f      0xf3f CMakeFiles/demo_freertos.elf.dir/Drivers/STM32L4xx_HAL_Driver/Src/stm32l4xx_hal_rcc.c.obj
 .debug_info    0x000085ae     0x125c CMakeFiles/demo_freertos.elf.dir/Drivers/STM32L4xx_HAL_Driver/Src/stm32l4xx_hal_rcc_ex.c.obj
 .debug_info    0x0000980a     0x3f24 CMakeFiles/demo_freertos.elf.dir/Drivers/STM32L4xx_HAL_Driver/Src/stm32l4xx_hal_tim.c.obj
 .debug_info    0x0000d72e     0x1d2b CMakeFiles/demo_freertos.elf.dir/Drivers/STM32L4xx_HAL_Driver/Src/stm32l4xx_hal_tim_ex.c.obj
 .debug_info    0x0000f459     0x529b CMakeFiles/demo_freertos.elf.dir/Drivers/STM32L4xx_HAL_Driver/Src/stm32l4xx_hal_uart.c.obj
 .debug_info    0x000146f4     0x222d CMakeFiles/demo_freertos.elf.dir/Middlewares/Third_Party/FreeRTOS/Source/CMSIS_RTOS/cmsis_os.c.obj
 .debug_info    0x00016921      0x2e0 CMakeFiles/demo_freertos.elf.dir/Middlewares/Third_Party/FreeRTOS/Source/list.c.obj
 .debug_info    0x00016c01      0x587 CMakeFiles/demo_freertos.elf.dir/Middlewares/Third_Party/FreeRTOS/Source/portable/GCC/ARM_CM4F/port.c.obj
 .debug_info    0x00017188      0x5d9 CMakeFiles/demo_freertos.elf.dir/Middlewares/Third_Party/FreeRTOS/Source/portable/MemMang/heap_4.c.obj
 .debug_info    0x00017761     0x2971 CMakeFiles/demo_freertos.elf.dir/Middlewares/Third_Party/FreeRTOS/Source/tasks.c.obj

.debug_abbrev   0x00000000     0x2eac
 .debug_abbrev  0x00000000      0x1cf CMakeFiles/demo_freertos.elf.dir/Core/Src/freertos.c.obj
 .debug_abbrev  0x000001cf      0x14e CMakeFiles/demo_freertos.elf.dir/Core/Src/gpio.c.obj
 .debug_abbrev  0x0000031d      0x204 CMakeFiles/demo_freertos.elf.dir/Core/Src/main.c.obj
 .debug_abbrev  0x00000521      0x107 CMakeFiles/demo_freertos.elf.dir/Core/Src/stm32l4xx_hal_msp.c.obj
 .debug_abbrev  0x00000628      0x1ff CMakeFiles/demo_freertos.elf.dir/Core/Src/stm32l4xx_hal_timebase_tim.c.obj
 .debug_abbrev  0x00000827      0x179 CMakeFiles/demo_freertos.elf.dir/Core/Src/stm32l4xx_it.c.obj
 .debug_abbrev  0x000009a0      0x119 CMakeFiles/demo_freertos.elf.dir/Core/Src/system_stm32l4xx.c.obj
 .debug_abbrev  0x00000ab9      0x1eb CMakeFiles/demo_freertos.elf.dir/Core/Src/usart.c.obj
 .debug_abbrev  0x00000ca4       0x12 CMakeFiles/demo_freertos.elf.dir/Core/Startup/startup_stm32l476rgtx.s.obj
 .debug_abbrev  0x00000cb6      0x22a CMakeFiles/demo_freertos.elf.dir/Drivers/STM32L4xx_HAL_Driver/Src/stm32l4xx_hal.c.obj
 .debug_abbrev  0x00000ee0      0x36a CMakeFiles/demo_freertos.elf.dir/Drivers/STM32L4xx_HAL_Driver/Src/stm32l4xx_hal_cortex.c.obj
 .debug_abbrev  0x0000124a      0x1e6 CMakeFiles/demo_freertos.elf.dir/Drivers/STM32L4xx_HAL_Driver/Src/stm32l4xx_hal_gpio.c.obj
 .debug_abbrev  0x00001430      0x215 CMakeFiles/demo_freertos.elf.dir/Drivers/STM32L4xx_HAL_Driver/Src/stm32l4xx_hal_pwr_ex.c.obj
 .debug_abbrev  0x00001645      0x251 CMakeFiles/demo_freertos.elf.dir/Drivers/STM32L4xx_HAL_Driver/Src/stm32l4xx_hal_rcc.c.obj
 .debug_abbrev  0x00001896      0x275 CMakeFiles/demo_freertos.elf.dir/Drivers/STM32L4xx_HAL_Driver/Src/stm32l4xx_hal_rcc_ex.c.obj
 .debug_abbrev  0x00001b0b      0x232 CMakeFiles/demo_freertos.elf.dir/Drivers/STM32L4xx_HAL_Driver/Src/stm32l4xx_hal_tim.c.obj
 .debug_abbrev  0x00001d3d      0x248 CMakeFiles/demo_freertos.elf.dir/Drivers/STM32L4xx_HAL_Driver/Src/stm32l4xx_hal_tim_ex.c.obj
 .debug_abbrev  0x00001f85      0x2d9 CMakeFiles/demo_freertos.elf.dir/Drivers/STM32L4xx_HAL_Driver/Src/stm32l4xx_hal_uart.c.obj
 .debug_abbrev  0x0000225e      0x37f CMakeFiles/demo_freertos.elf.dir/Middlewares/Third_Party/FreeRTOS/Source/CMSIS_RTOS/cmsis_os.c.obj
 .debug_abbrev  0x000025dd      0x106 CMakeFiles/demo_freertos.elf.dir/Middlewares/Third_Party/FreeRTOS/Source/list.c.obj
 .debug_abbrev  0x000026e3      0x26b CMakeFiles/demo_freertos.elf.dir/Middlewares/Third_Party/FreeRTOS/Source/portable/GCC/ARM_CM4F/port.c.obj
 .debug_abbrev  0x0000294e      0x24b CMakeFiles/demo_freertos.elf.dir/Middlewares/Third_Party/FreeRTOS/Source/portable/MemMang/heap_4.c.obj
 .debug_abbrev  0x00002b99      0x313 CMakeFiles/demo_freertos.elf.dir/Middlewares/Third_Party/FreeRTOS/Source/tasks.c.obj

.debug_loc      0x00000000    0x13ba6
 .debug_loc     0x00000000       0x94 CMakeFiles/demo_freertos.elf.dir/Core/Src/freertos.c.obj
 .debug_loc     0x00000094       0x42 CMakeFiles/demo_freertos.elf.dir/Core/Src/main.c.obj
 .debug_loc     0x000000d6       0xe4 CMakeFiles/demo_freertos.elf.dir/Core/Src/stm32l4xx_hal_timebase_tim.c.obj
 .debug_loc     0x000001ba      0x127 CMakeFiles/demo_freertos.elf.dir/Core/Src/system_stm32l4xx.c.obj
 .debug_loc     0x000002e1       0x64 CMakeFiles/demo_freertos.elf.dir/Core/Src/usart.c.obj
 .debug_loc     0x00000345      0x1ef CMakeFiles/demo_freertos.elf.dir/Drivers/STM32L4xx_HAL_Driver/Src/stm32l4xx_hal.c.obj
 .debug_loc     0x00000534      0x744 CMakeFiles/demo_freertos.elf.dir/Drivers/STM32L4xx_HAL_Driver/Src/stm32l4xx_hal_cortex.c.obj
 .debug_loc     0x00000c78      0x3da CMakeFiles/demo_freertos.elf.dir/Drivers/STM32L4xx_HAL_Driver/Src/stm32l4xx_hal_gpio.c.obj
 .debug_loc     0x00001052      0xb06 CMakeFiles/demo_freertos.elf.dir/Drivers/STM32L4xx_HAL_Driver/Src/stm32l4xx_hal_pwr_ex.c.obj
 .debug_loc     0x00001b58      0x81c CMakeFiles/demo_freertos.elf.dir/Drivers/STM32L4xx_HAL_Driver/Src/stm32l4xx_hal_rcc.c.obj
 .debug_loc     0x00002374     0x1af9 CMakeFiles/demo_freertos.elf.dir/Drivers/STM32L4xx_HAL_Driver/Src/stm32l4xx_hal_rcc_ex.c.obj
 .debug_loc     0x00003e6d     0x55d7 CMakeFiles/demo_freertos.elf.dir/Drivers/STM32L4xx_HAL_Driver/Src/stm32l4xx_hal_tim.c.obj
 .debug_loc     0x00009444     0x241c CMakeFiles/demo_freertos.elf.dir/Drivers/STM32L4xx_HAL_Driver/Src/stm32l4xx_hal_tim_ex.c.obj
 .debug_loc     0x0000b860     0x4bd8 CMakeFiles/demo_freertos.elf.dir/Drivers/STM32L4xx_HAL_Driver/Src/stm32l4xx_hal_uart.c.obj
 .debug_loc     0x00010438     0x12e6 CMakeFiles/demo_freertos.elf.dir/Middlewares/Third_Party/FreeRTOS/Source/CMSIS_RTOS/cmsis_os.c.obj
 .debug_loc     0x0001171e       0xad CMakeFiles/demo_freertos.elf.dir/Middlewares/Third_Party/FreeRTOS/Source/list.c.obj
 .debug_loc     0x000117cb      0x124 CMakeFiles/demo_freertos.elf.dir/Middlewares/Third_Party/FreeRTOS/Source/portable/GCC/ARM_CM4F/port.c.obj
 .debug_loc     0x000118ef      0x434 CMakeFiles/demo_freertos.elf.dir/Middlewares/Third_Party/FreeRTOS/Source/portable/MemMang/heap_4.c.obj
 .debug_loc     0x00011d23     0x1e83 CMakeFiles/demo_freertos.elf.dir/Middlewares/Third_Party/FreeRTOS/Source/tasks.c.obj

.debug_aranges  0x00000000     0x12d0
 .debug_aranges
                0x00000000       0x48 CMakeFiles/demo_freertos.elf.dir/Core/Src/freertos.c.obj
 .debug_aranges
                0x00000048       0x20 CMakeFiles/demo_freertos.elf.dir/Core/Src/gpio.c.obj
 .debug_aranges
                0x00000068       0x38 CMakeFiles/demo_freertos.elf.dir/Core/Src/main.c.obj
 .debug_aranges
                0x000000a0       0x20 CMakeFiles/demo_freertos.elf.dir/Core/Src/stm32l4xx_hal_msp.c.obj
 .debug_aranges
                0x000000c0       0x30 CMakeFiles/demo_freertos.elf.dir/Core/Src/stm32l4xx_hal_timebase_tim.c.obj
 .debug_aranges
                0x000000f0       0x50 CMakeFiles/demo_freertos.elf.dir/Core/Src/stm32l4xx_it.c.obj
 .debug_aranges
                0x00000140       0x28 CMakeFiles/demo_freertos.elf.dir/Core/Src/system_stm32l4xx.c.obj
 .debug_aranges
                0x00000168       0x30 CMakeFiles/demo_freertos.elf.dir/Core/Src/usart.c.obj
 .debug_aranges
                0x00000198       0x28 CMakeFiles/demo_freertos.elf.dir/Core/Startup/startup_stm32l476rgtx.s.obj
 .debug_aranges
                0x000001c0      0x130 CMakeFiles/demo_freertos.elf.dir/Drivers/STM32L4xx_HAL_Driver/Src/stm32l4xx_hal.c.obj
 .debug_aranges
                0x000002f0       0xa8 CMakeFiles/demo_freertos.elf.dir/Drivers/STM32L4xx_HAL_Driver/Src/stm32l4xx_hal_cortex.c.obj
 .debug_aranges
                0x00000398       0x58 CMakeFiles/demo_freertos.elf.dir/Drivers/STM32L4xx_HAL_Driver/Src/stm32l4xx_hal_gpio.c.obj
 .debug_aranges
                0x000003f0      0x160 CMakeFiles/demo_freertos.elf.dir/Drivers/STM32L4xx_HAL_Driver/Src/stm32l4xx_hal_pwr_ex.c.obj
 .debug_aranges
                0x00000550       0x90 CMakeFiles/demo_freertos.elf.dir/Drivers/STM32L4xx_HAL_Driver/Src/stm32l4xx_hal_rcc.c.obj
 .debug_aranges
                0x000005e0       0xc0 CMakeFiles/demo_freertos.elf.dir/Drivers/STM32L4xx_HAL_Driver/Src/stm32l4xx_hal_rcc_ex.c.obj
 .debug_aranges
                0x000006a0      0x3e0 CMakeFiles/demo_freertos.elf.dir/Drivers/STM32L4xx_HAL_Driver/Src/stm32l4xx_hal_tim.c.obj
 .debug_aranges
                0x00000a80      0x180 CMakeFiles/demo_freertos.elf.dir/Drivers/STM32L4xx_HAL_Driver/Src/stm32l4xx_hal_tim_ex.c.obj
 .debug_aranges
                0x00000c00      0x228 CMakeFiles/demo_freertos.elf.dir/Drivers/STM32L4xx_HAL_Driver/Src/stm32l4xx_hal_uart.c.obj
 .debug_aranges
                0x00000e28      0x1d8 CMakeFiles/demo_freertos.elf.dir/Middlewares/Third_Party/FreeRTOS/Source/CMSIS_RTOS/cmsis_os.c.obj
 .debug_aranges
                0x00001000       0x40 CMakeFiles/demo_freertos.elf.dir/Middlewares/Third_Party/FreeRTOS/Source/list.c.obj
 .debug_aranges
                0x00001040       0x80 CMakeFiles/demo_freertos.elf.dir/Middlewares/Third_Party/FreeRTOS/Source/portable/GCC/ARM_CM4F/port.c.obj
 .debug_aranges
                0x000010c0       0x58 CMakeFiles/demo_freertos.elf.dir/Middlewares/Third_Party/FreeRTOS/Source/portable/MemMang/heap_4.c.obj
 .debug_aranges
                0x00001118      0x1b8 CMakeFiles/demo_freertos.elf.dir/Middlewares/Third_Party/FreeRTOS/Source/tasks.c.obj

.debug_ranges   0x00000000     0x1300
 .debug_ranges  0x00000000       0x38 CMakeFiles/demo_freertos.elf.dir/Core/Src/freertos.c.obj
 .debug_ranges  0x00000038       0x10 CMakeFiles/demo_freertos.elf.dir/Core/Src/gpio.c.obj
 .debug_ranges  0x00000048       0x28 CMakeFiles/demo_freertos.elf.dir/Core/Src/main.c.obj
 .debug_ranges  0x00000070       0x10 CMakeFiles/demo_freertos.elf.dir/Core/Src/stm32l4xx_hal_msp.c.obj
 .debug_ranges  0x00000080       0x20 CMakeFiles/demo_freertos.elf.dir/Core/Src/stm32l4xx_hal_timebase_tim.c.obj
 .debug_ranges  0x000000a0       0x40 CMakeFiles/demo_freertos.elf.dir/Core/Src/stm32l4xx_it.c.obj
 .debug_ranges  0x000000e0       0x18 CMakeFiles/demo_freertos.elf.dir/Core/Src/system_stm32l4xx.c.obj
 .debug_ranges  0x000000f8       0x20 CMakeFiles/demo_freertos.elf.dir/Core/Src/usart.c.obj
 .debug_ranges  0x00000118       0x20 CMakeFiles/demo_freertos.elf.dir/Core/Startup/startup_stm32l476rgtx.s.obj
 .debug_ranges  0x00000138      0x120 CMakeFiles/demo_freertos.elf.dir/Drivers/STM32L4xx_HAL_Driver/Src/stm32l4xx_hal.c.obj
 .debug_ranges  0x00000258       0xf8 CMakeFiles/demo_freertos.elf.dir/Drivers/STM32L4xx_HAL_Driver/Src/stm32l4xx_hal_cortex.c.obj
 .debug_ranges  0x00000350       0x48 CMakeFiles/demo_freertos.elf.dir/Drivers/STM32L4xx_HAL_Driver/Src/stm32l4xx_hal_gpio.c.obj
 .debug_ranges  0x00000398      0x150 CMakeFiles/demo_freertos.elf.dir/Drivers/STM32L4xx_HAL_Driver/Src/stm32l4xx_hal_pwr_ex.c.obj
 .debug_ranges  0x000004e8       0x98 CMakeFiles/demo_freertos.elf.dir/Drivers/STM32L4xx_HAL_Driver/Src/stm32l4xx_hal_rcc.c.obj
 .debug_ranges  0x00000580       0xc8 CMakeFiles/demo_freertos.elf.dir/Drivers/STM32L4xx_HAL_Driver/Src/stm32l4xx_hal_rcc_ex.c.obj
 .debug_ranges  0x00000648      0x3d0 CMakeFiles/demo_freertos.elf.dir/Drivers/STM32L4xx_HAL_Driver/Src/stm32l4xx_hal_tim.c.obj
 .debug_ranges  0x00000a18      0x170 CMakeFiles/demo_freertos.elf.dir/Drivers/STM32L4xx_HAL_Driver/Src/stm32l4xx_hal_tim_ex.c.obj
 .debug_ranges  0x00000b88      0x230 CMakeFiles/demo_freertos.elf.dir/Drivers/STM32L4xx_HAL_Driver/Src/stm32l4xx_hal_uart.c.obj
 .debug_ranges  0x00000db8      0x1c8 CMakeFiles/demo_freertos.elf.dir/Middlewares/Third_Party/FreeRTOS/Source/CMSIS_RTOS/cmsis_os.c.obj
 .debug_ranges  0x00000f80       0x30 CMakeFiles/demo_freertos.elf.dir/Middlewares/Third_Party/FreeRTOS/Source/list.c.obj
 .debug_ranges  0x00000fb0       0x88 CMakeFiles/demo_freertos.elf.dir/Middlewares/Third_Party/FreeRTOS/Source/portable/GCC/ARM_CM4F/port.c.obj
 .debug_ranges  0x00001038       0x48 CMakeFiles/demo_freertos.elf.dir/Middlewares/Third_Party/FreeRTOS/Source/portable/MemMang/heap_4.c.obj
 .debug_ranges  0x00001080      0x280 CMakeFiles/demo_freertos.elf.dir/Middlewares/Third_Party/FreeRTOS/Source/tasks.c.obj

.debug_line     0x00000000    0x17219
 .debug_line    0x00000000      0x494 CMakeFiles/demo_freertos.elf.dir/Core/Src/freertos.c.obj
 .debug_line    0x00000494      0x270 CMakeFiles/demo_freertos.elf.dir/Core/Src/gpio.c.obj
 .debug_line    0x00000704      0x4be CMakeFiles/demo_freertos.elf.dir/Core/Src/main.c.obj
 .debug_line    0x00000bc2      0x211 CMakeFiles/demo_freertos.elf.dir/Core/Src/stm32l4xx_hal_msp.c.obj
 .debug_line    0x00000dd3      0x365 CMakeFiles/demo_freertos.elf.dir/Core/Src/stm32l4xx_hal_timebase_tim.c.obj
 .debug_line    0x00001138      0x2f7 CMakeFiles/demo_freertos.elf.dir/Core/Src/stm32l4xx_it.c.obj
 .debug_line    0x0000142f      0x30c CMakeFiles/demo_freertos.elf.dir/Core/Src/system_stm32l4xx.c.obj
 .debug_line    0x0000173b      0x3ce CMakeFiles/demo_freertos.elf.dir/Core/Src/usart.c.obj
 .debug_line    0x00001b09       0xb3 CMakeFiles/demo_freertos.elf.dir/Core/Startup/startup_stm32l476rgtx.s.obj
 .debug_line    0x00001bbc      0x73b CMakeFiles/demo_freertos.elf.dir/Drivers/STM32L4xx_HAL_Driver/Src/stm32l4xx_hal.c.obj
 .debug_line    0x000022f7      0x815 CMakeFiles/demo_freertos.elf.dir/Drivers/STM32L4xx_HAL_Driver/Src/stm32l4xx_hal_cortex.c.obj
 .debug_line    0x00002b0c      0x740 CMakeFiles/demo_freertos.elf.dir/Drivers/STM32L4xx_HAL_Driver/Src/stm32l4xx_hal_gpio.c.obj
 .debug_line    0x0000324c      0xb7e CMakeFiles/demo_freertos.elf.dir/Drivers/STM32L4xx_HAL_Driver/Src/stm32l4xx_hal_pwr_ex.c.obj
 .debug_line    0x00003dca      0xf6a CMakeFiles/demo_freertos.elf.dir/Drivers/STM32L4xx_HAL_Driver/Src/stm32l4xx_hal_rcc.c.obj
 .debug_line    0x00004d34     0x159d CMakeFiles/demo_freertos.elf.dir/Drivers/STM32L4xx_HAL_Driver/Src/stm32l4xx_hal_rcc_ex.c.obj
 .debug_line    0x000062d1     0x5293 CMakeFiles/demo_freertos.elf.dir/Drivers/STM32L4xx_HAL_Driver/Src/stm32l4xx_hal_tim.c.obj
 .debug_line    0x0000b564     0x1fe2 CMakeFiles/demo_freertos.elf.dir/Drivers/STM32L4xx_HAL_Driver/Src/stm32l4xx_hal_tim_ex.c.obj
 .debug_line    0x0000d546     0x5260 CMakeFiles/demo_freertos.elf.dir/Drivers/STM32L4xx_HAL_Driver/Src/stm32l4xx_hal_uart.c.obj
 .debug_line    0x000127a6     0x1232 CMakeFiles/demo_freertos.elf.dir/Middlewares/Third_Party/FreeRTOS/Source/CMSIS_RTOS/cmsis_os.c.obj
 .debug_line    0x000139d8      0x3d3 CMakeFiles/demo_freertos.elf.dir/Middlewares/Third_Party/FreeRTOS/Source/list.c.obj
 .debug_line    0x00013dab      0x784 CMakeFiles/demo_freertos.elf.dir/Middlewares/Third_Party/FreeRTOS/Source/portable/GCC/ARM_CM4F/port.c.obj
 .debug_line    0x0001452f      0x7a4 CMakeFiles/demo_freertos.elf.dir/Middlewares/Third_Party/FreeRTOS/Source/portable/MemMang/heap_4.c.obj
 .debug_line    0x00014cd3     0x2546 CMakeFiles/demo_freertos.elf.dir/Middlewares/Third_Party/FreeRTOS/Source/tasks.c.obj

.debug_str      0x00000000     0x6bce
 .debug_str     0x00000000      0x71d CMakeFiles/demo_freertos.elf.dir/Core/Src/freertos.c.obj
                                0x7b3 (size before relaxing)
 .debug_str     0x0000071d      0x1da CMakeFiles/demo_freertos.elf.dir/Core/Src/gpio.c.obj
                                0x418 (size before relaxing)
 .debug_str     0x000008f7      0x725 CMakeFiles/demo_freertos.elf.dir/Core/Src/main.c.obj
                                0x975 (size before relaxing)
 .debug_str     0x0000101c      0x543 CMakeFiles/demo_freertos.elf.dir/Core/Src/stm32l4xx_hal_msp.c.obj
                                0x858 (size before relaxing)
 .debug_str     0x0000155f      0x157 CMakeFiles/demo_freertos.elf.dir/Core/Src/stm32l4xx_hal_timebase_tim.c.obj
                                0xed9 (size before relaxing)
 .debug_str     0x000016b6       0xd2 CMakeFiles/demo_freertos.elf.dir/Core/Src/stm32l4xx_it.c.obj
                                0x791 (size before relaxing)
 .debug_str     0x00001788      0x11d CMakeFiles/demo_freertos.elf.dir/Core/Src/system_stm32l4xx.c.obj
                                0x433 (size before relaxing)
 .debug_str     0x000018a5      0x542 CMakeFiles/demo_freertos.elf.dir/Core/Src/usart.c.obj
                                0xb55 (size before relaxing)
 .debug_str     0x00001de7       0x61 CMakeFiles/demo_freertos.elf.dir/Core/Startup/startup_stm32l476rgtx.s.obj
                                 0xa1 (size before relaxing)
 .debug_str     0x00001e48      0x4e2 CMakeFiles/demo_freertos.elf.dir/Drivers/STM32L4xx_HAL_Driver/Src/stm32l4xx_hal.c.obj
                                0xdb4 (size before relaxing)
 .debug_str     0x0000232a      0x453 CMakeFiles/demo_freertos.elf.dir/Drivers/STM32L4xx_HAL_Driver/Src/stm32l4xx_hal_cortex.c.obj
                                0xc7a (size before relaxing)
 .debug_str     0x0000277d      0x139 CMakeFiles/demo_freertos.elf.dir/Drivers/STM32L4xx_HAL_Driver/Src/stm32l4xx_hal_gpio.c.obj
                                0x59a (size before relaxing)
 .debug_str     0x000028b6      0x5a0 CMakeFiles/demo_freertos.elf.dir/Drivers/STM32L4xx_HAL_Driver/Src/stm32l4xx_hal_pwr_ex.c.obj
                                0x8a9 (size before relaxing)
 .debug_str     0x00002e56      0x1cb CMakeFiles/demo_freertos.elf.dir/Drivers/STM32L4xx_HAL_Driver/Src/stm32l4xx_hal_rcc.c.obj
                                0x8f6 (size before relaxing)
 .debug_str     0x00003021      0x322 CMakeFiles/demo_freertos.elf.dir/Drivers/STM32L4xx_HAL_Driver/Src/stm32l4xx_hal_rcc_ex.c.obj
                                0xb15 (size before relaxing)
 .debug_str     0x00003343      0xf5b CMakeFiles/demo_freertos.elf.dir/Drivers/STM32L4xx_HAL_Driver/Src/stm32l4xx_hal_tim.c.obj
                               0x173d (size before relaxing)
 .debug_str     0x0000429e      0x6c9 CMakeFiles/demo_freertos.elf.dir/Drivers/STM32L4xx_HAL_Driver/Src/stm32l4xx_hal_tim_ex.c.obj
                               0x1036 (size before relaxing)
 .debug_str     0x00004967      0x804 CMakeFiles/demo_freertos.elf.dir/Drivers/STM32L4xx_HAL_Driver/Src/stm32l4xx_hal_uart.c.obj
                               0x106e (size before relaxing)
 .debug_str     0x0000516b      0xa79 CMakeFiles/demo_freertos.elf.dir/Middlewares/Third_Party/FreeRTOS/Source/CMSIS_RTOS/cmsis_os.c.obj
                               0x10a3 (size before relaxing)
 .debug_str     0x00005be4      0x164 CMakeFiles/demo_freertos.elf.dir/Middlewares/Third_Party/FreeRTOS/Source/list.c.obj
                                0x35c (size before relaxing)
 .debug_str     0x00005d48      0x258 CMakeFiles/demo_freertos.elf.dir/Middlewares/Third_Party/FreeRTOS/Source/portable/GCC/ARM_CM4F/port.c.obj
                                0x4d8 (size before relaxing)
 .debug_str     0x00005fa0      0x2fd CMakeFiles/demo_freertos.elf.dir/Middlewares/Third_Party/FreeRTOS/Source/portable/MemMang/heap_4.c.obj
                                0x56a (size before relaxing)
 .debug_str     0x0000629d      0x931 CMakeFiles/demo_freertos.elf.dir/Middlewares/Third_Party/FreeRTOS/Source/tasks.c.obj
                               0x1075 (size before relaxing)

.comment        0x00000000       0x49
 .comment       0x00000000       0x49 CMakeFiles/demo_freertos.elf.dir/Core/Src/freertos.c.obj
                                 0x4a (size before relaxing)
 .comment       0x00000049       0x4a CMakeFiles/demo_freertos.elf.dir/Core/Src/gpio.c.obj
 .comment       0x00000049       0x4a CMakeFiles/demo_freertos.elf.dir/Core/Src/main.c.obj
 .comment       0x00000049       0x4a CMakeFiles/demo_freertos.elf.dir/Core/Src/stm32l4xx_hal_msp.c.obj
 .comment       0x00000049       0x4a CMakeFiles/demo_freertos.elf.dir/Core/Src/stm32l4xx_hal_timebase_tim.c.obj
 .comment       0x00000049       0x4a CMakeFiles/demo_freertos.elf.dir/Core/Src/stm32l4xx_it.c.obj
 .comment       0x00000049       0x4a CMakeFiles/demo_freertos.elf.dir/Core/Src/system_stm32l4xx.c.obj
 .comment       0x00000049       0x4a CMakeFiles/demo_freertos.elf.dir/Core/Src/usart.c.obj
 .comment       0x00000049       0x4a CMakeFiles/demo_freertos.elf.dir/Drivers/STM32L4xx_HAL_Driver/Src/stm32l4xx_hal.c.obj
 .comment       0x00000049       0x4a CMakeFiles/demo_freertos.elf.dir/Drivers/STM32L4xx_HAL_Driver/Src/stm32l4xx_hal_cortex.c.obj
 .comment       0x00000049       0x4a CMakeFiles/demo_freertos.elf.dir/Drivers/STM32L4xx_HAL_Driver/Src/stm32l4xx_hal_gpio.c.obj
 .comment       0x00000049       0x4a CMakeFiles/demo_freertos.elf.dir/Drivers/STM32L4xx_HAL_Driver/Src/stm32l4xx_hal_pwr_ex.c.obj
 .comment       0x00000049       0x4a CMakeFiles/demo_freertos.elf.dir/Drivers/STM32L4xx_HAL_Driver/Src/stm32l4xx_hal_rcc.c.obj
 .comment       0x00000049       0x4a CMakeFiles/demo_freertos.elf.dir/Drivers/STM32L4xx_HAL_Driver/Src/stm32l4xx_hal_rcc_ex.c.obj
 .comment       0x00000049       0x4a CMakeFiles/demo_freertos.elf.dir/Drivers/STM32L4xx_HAL_Driver/Src/stm32l4xx_hal_tim.c.obj
 .comment       0x00000049       0x4a CMakeFiles/demo_freertos.elf.dir/Drivers/STM32L4xx_HAL_Driver/Src/stm32l4xx_hal_tim_ex.c.obj
 .comment       0x00000049       0x4a CMakeFiles/demo_freertos.elf.dir/Drivers/STM32L4xx_HAL_Driver/Src/stm32l4xx_hal_uart.c.obj
 .comment       0x00000049       0x4a CMakeFiles/demo_freertos.elf.dir/Middlewares/Third_Party/FreeRTOS/Source/CMSIS_RTOS/cmsis_os.c.obj
 .comment       0x00000049       0x4a CMakeFiles/demo_freertos.elf.dir/Middlewares/Third_Party/FreeRTOS/Source/list.c.obj
 .comment       0x00000049       0x4a CMakeFiles/demo_freertos.elf.dir/Middlewares/Third_Party/FreeRTOS/Source/portable/GCC/ARM_CM4F/port.c.obj
 .comment       0x00000049       0x4a CMakeFiles/demo_freertos.elf.dir/Middlewares/Third_Party/FreeRTOS/Source/portable/MemMang/heap_4.c.obj
 .comment       0x00000049       0x4a CMakeFiles/demo_freertos.elf.dir/Middlewares/Third_Party/FreeRTOS/Source/tasks.c.obj

.debug_frame    0x00000000     0x3344
 .debug_frame   0x00000000       0xa0 CMakeFiles/demo_freertos.elf.dir/Core/Src/freertos.c.obj
 .debug_frame   0x000000a0       0x30 CMakeFiles/demo_freertos.elf.dir/Core/Src/gpio.c.obj
 .debug_frame   0x000000d0       0x70 CMakeFiles/demo_freertos.elf.dir/Core/Src/main.c.obj
 .debug_frame   0x00000140       0x2c CMakeFiles/demo_freertos.elf.dir/Core/Src/stm32l4xx_hal_msp.c.obj
 .debug_frame   0x0000016c       0x54 CMakeFiles/demo_freertos.elf.dir/Core/Src/stm32l4xx_hal_timebase_tim.c.obj
 .debug_frame   0x000001c0       0x88 CMakeFiles/demo_freertos.elf.dir/Core/Src/stm32l4xx_it.c.obj
 .debug_frame   0x00000248       0x30 CMakeFiles/demo_freertos.elf.dir/Core/Src/system_stm32l4xx.c.obj
 .debug_frame   0x00000278       0x64 CMakeFiles/demo_freertos.elf.dir/Core/Src/usart.c.obj
 .debug_frame   0x000002dc      0x274 CMakeFiles/demo_freertos.elf.dir/Drivers/STM32L4xx_HAL_Driver/Src/stm32l4xx_hal.c.obj
 .debug_frame   0x00000550      0x148 CMakeFiles/demo_freertos.elf.dir/Drivers/STM32L4xx_HAL_Driver/Src/stm32l4xx_hal_cortex.c.obj
 .debug_frame   0x00000698       0xd0 CMakeFiles/demo_freertos.elf.dir/Drivers/STM32L4xx_HAL_Driver/Src/stm32l4xx_hal_gpio.c.obj
 .debug_frame   0x00000768      0x2b8 CMakeFiles/demo_freertos.elf.dir/Drivers/STM32L4xx_HAL_Driver/Src/stm32l4xx_hal_pwr_ex.c.obj
 .debug_frame   0x00000a20      0x19c CMakeFiles/demo_freertos.elf.dir/Drivers/STM32L4xx_HAL_Driver/Src/stm32l4xx_hal_rcc.c.obj
 .debug_frame   0x00000bbc      0x204 CMakeFiles/demo_freertos.elf.dir/Drivers/STM32L4xx_HAL_Driver/Src/stm32l4xx_hal_rcc_ex.c.obj
 .debug_frame   0x00000dc0      0xb54 CMakeFiles/demo_freertos.elf.dir/Drivers/STM32L4xx_HAL_Driver/Src/stm32l4xx_hal_tim.c.obj
 .debug_frame   0x00001914      0x470 CMakeFiles/demo_freertos.elf.dir/Drivers/STM32L4xx_HAL_Driver/Src/stm32l4xx_hal_tim_ex.c.obj
 .debug_frame   0x00001d84      0x600 CMakeFiles/demo_freertos.elf.dir/Drivers/STM32L4xx_HAL_Driver/Src/stm32l4xx_hal_uart.c.obj
 .debug_frame   0x00002384      0x58c CMakeFiles/demo_freertos.elf.dir/Middlewares/Third_Party/FreeRTOS/Source/CMSIS_RTOS/cmsis_os.c.obj
 .debug_frame   0x00002910       0x70 CMakeFiles/demo_freertos.elf.dir/Middlewares/Third_Party/FreeRTOS/Source/list.c.obj
 .debug_frame   0x00002980      0x110 CMakeFiles/demo_freertos.elf.dir/Middlewares/Third_Party/FreeRTOS/Source/portable/GCC/ARM_CM4F/port.c.obj
 .debug_frame   0x00002a90       0xd0 CMakeFiles/demo_freertos.elf.dir/Middlewares/Third_Party/FreeRTOS/Source/portable/MemMang/heap_4.c.obj
 .debug_frame   0x00002b60      0x58c CMakeFiles/demo_freertos.elf.dir/Middlewares/Third_Party/FreeRTOS/Source/tasks.c.obj
 .debug_frame   0x000030ec       0x2c c:/progra~1/gcc-arm-none-eabi-10.3-2021.10/bin/../lib/gcc/arm-none-eabi/10.3.1/thumb/v7e-m+fp/hard\libgcc.a(_aeabi_uldivmod.o)
 .debug_frame   0x00003118       0x34 c:/progra~1/gcc-arm-none-eabi-10.3-2021.10/bin/../lib/gcc/arm-none-eabi/10.3.1/thumb/v7e-m+fp/hard\libgcc.a(_udivmoddi4.o)
 .debug_frame   0x0000314c       0x2c c:/progra~1/gcc-arm-none-eabi-10.3-2021.10/bin/../lib/gcc/arm-none-eabi/10.3.1/../../../../arm-none-eabi/lib/thumb/v7e-m+fp/hard\libc.a(lib_a-init.o)
 .debug_frame   0x00003178       0x2c c:/progra~1/gcc-arm-none-eabi-10.3-2021.10/bin/../lib/gcc/arm-none-eabi/10.3.1/../../../../arm-none-eabi/lib/thumb/v7e-m+fp/hard\libc.a(lib_a-memset.o)
 .debug_frame   0x000031a4       0x68 c:/progra~1/gcc-arm-none-eabi-10.3-2021.10/bin/../lib/gcc/arm-none-eabi/10.3.1/../../../../arm-none-eabi/lib/thumb/v7e-m+fp/hard\libc.a(lib_a-__call_atexit.o)
 .debug_frame   0x0000320c       0x20 c:/progra~1/gcc-arm-none-eabi-10.3-2021.10/bin/../lib/gcc/arm-none-eabi/10.3.1/../../../../arm-none-eabi/lib/thumb/v7e-m+fp/hard\libc.a(lib_a-atexit.o)
 .debug_frame   0x0000322c       0x34 c:/progra~1/gcc-arm-none-eabi-10.3-2021.10/bin/../lib/gcc/arm-none-eabi/10.3.1/../../../../arm-none-eabi/lib/thumb/v7e-m+fp/hard\libc.a(lib_a-fini.o)
 .debug_frame   0x00003260       0xb0 c:/progra~1/gcc-arm-none-eabi-10.3-2021.10/bin/../lib/gcc/arm-none-eabi/10.3.1/../../../../arm-none-eabi/lib/thumb/v7e-m+fp/hard\libc.a(lib_a-lock.o)
 .debug_frame   0x00003310       0x34 c:/progra~1/gcc-arm-none-eabi-10.3-2021.10/bin/../lib/gcc/arm-none-eabi/10.3.1/../../../../arm-none-eabi/lib/thumb/v7e-m+fp/hard\libc.a(lib_a-__atexit.o)
