Archive member included to satisfy reference by file (symbol)

c:/progra~1/gcc-arm-none-eabi-10.3-2021.10/bin/../lib/gcc/arm-none-eabi/10.3.1/thumb/v7e-m+fp/hard\libgcc.a(_aeabi_uldivmod.o)
                              CMakeFiles/demo_freertos.elf.dir/Drivers/STM32L4xx_HAL_Driver/Src/stm32l4xx_hal_uart.c.obj (__aeabi_uldivmod)
c:/progra~1/gcc-arm-none-eabi-10.3-2021.10/bin/../lib/gcc/arm-none-eabi/10.3.1/thumb/v7e-m+fp/hard\libgcc.a(_udivmoddi4.o)
                              c:/progra~1/gcc-arm-none-eabi-10.3-2021.10/bin/../lib/gcc/arm-none-eabi/10.3.1/thumb/v7e-m+fp/hard\libgcc.a(_aeabi_uldivmod.o) (__udivmoddi4)
c:/progra~1/gcc-arm-none-eabi-10.3-2021.10/bin/../lib/gcc/arm-none-eabi/10.3.1/thumb/v7e-m+fp/hard\libgcc.a(_dvmd_tls.o)
                              c:/progra~1/gcc-arm-none-eabi-10.3-2021.10/bin/../lib/gcc/arm-none-eabi/10.3.1/thumb/v7e-m+fp/hard\libgcc.a(_aeabi_uldivmod.o) (__aeabi_ldiv0)
c:/progra~1/gcc-arm-none-eabi-10.3-2021.10/bin/../lib/gcc/arm-none-eabi/10.3.1/../../../../arm-none-eabi/lib/thumb/v7e-m+fp/hard\libc.a(lib_a-errno.o)
                              CMakeFiles/demo_freertos.elf.dir/Core/Src/syscalls.c.obj (__errno)
c:/progra~1/gcc-arm-none-eabi-10.3-2021.10/bin/../lib/gcc/arm-none-eabi/10.3.1/../../../../arm-none-eabi/lib/thumb/v7e-m+fp/hard\libc.a(lib_a-exit.o)
                              c:/progra~1/gcc-arm-none-eabi-10.3-2021.10/bin/../lib/gcc/arm-none-eabi/10.3.1/../../../../arm-none-eabi/lib/thumb/v7e-m+fp/hard/crt0.o (exit)
c:/progra~1/gcc-arm-none-eabi-10.3-2021.10/bin/../lib/gcc/arm-none-eabi/10.3.1/../../../../arm-none-eabi/lib/thumb/v7e-m+fp/hard\libc.a(lib_a-impure.o)
                              c:/progra~1/gcc-arm-none-eabi-10.3-2021.10/bin/../lib/gcc/arm-none-eabi/10.3.1/../../../../arm-none-eabi/lib/thumb/v7e-m+fp/hard\libc.a(lib_a-exit.o) (_global_impure_ptr)
c:/progra~1/gcc-arm-none-eabi-10.3-2021.10/bin/../lib/gcc/arm-none-eabi/10.3.1/../../../../arm-none-eabi/lib/thumb/v7e-m+fp/hard\libc.a(lib_a-init.o)
                              c:/progra~1/gcc-arm-none-eabi-10.3-2021.10/bin/../lib/gcc/arm-none-eabi/10.3.1/../../../../arm-none-eabi/lib/thumb/v7e-m+fp/hard/crt0.o (__libc_init_array)
c:/progra~1/gcc-arm-none-eabi-10.3-2021.10/bin/../lib/gcc/arm-none-eabi/10.3.1/../../../../arm-none-eabi/lib/thumb/v7e-m+fp/hard\libc.a(lib_a-memcpy.o)
                              CMakeFiles/demo_freertos.elf.dir/Middlewares/Third_Party/FreeRTOS/Source/CMSIS_RTOS_V2/cmsis_os2.c.obj (memcpy)
c:/progra~1/gcc-arm-none-eabi-10.3-2021.10/bin/../lib/gcc/arm-none-eabi/10.3.1/../../../../arm-none-eabi/lib/thumb/v7e-m+fp/hard\libc.a(lib_a-memset.o)
                              c:/progra~1/gcc-arm-none-eabi-10.3-2021.10/bin/../lib/gcc/arm-none-eabi/10.3.1/../../../../arm-none-eabi/lib/thumb/v7e-m+fp/hard/crt0.o (memset)
c:/progra~1/gcc-arm-none-eabi-10.3-2021.10/bin/../lib/gcc/arm-none-eabi/10.3.1/../../../../arm-none-eabi/lib/thumb/v7e-m+fp/hard\libc.a(lib_a-__call_atexit.o)
                              c:/progra~1/gcc-arm-none-eabi-10.3-2021.10/bin/../lib/gcc/arm-none-eabi/10.3.1/../../../../arm-none-eabi/lib/thumb/v7e-m+fp/hard\libc.a(lib_a-exit.o) (__call_exitprocs)
c:/progra~1/gcc-arm-none-eabi-10.3-2021.10/bin/../lib/gcc/arm-none-eabi/10.3.1/../../../../arm-none-eabi/lib/thumb/v7e-m+fp/hard\libc.a(lib_a-atexit.o)
                              c:/progra~1/gcc-arm-none-eabi-10.3-2021.10/bin/../lib/gcc/arm-none-eabi/10.3.1/../../../../arm-none-eabi/lib/thumb/v7e-m+fp/hard\libc.a(lib_a-__call_atexit.o) (atexit)
c:/progra~1/gcc-arm-none-eabi-10.3-2021.10/bin/../lib/gcc/arm-none-eabi/10.3.1/../../../../arm-none-eabi/lib/thumb/v7e-m+fp/hard\libc.a(lib_a-fini.o)
                              c:/progra~1/gcc-arm-none-eabi-10.3-2021.10/bin/../lib/gcc/arm-none-eabi/10.3.1/../../../../arm-none-eabi/lib/thumb/v7e-m+fp/hard\libc.a(lib_a-__call_atexit.o) (__libc_fini_array)
c:/progra~1/gcc-arm-none-eabi-10.3-2021.10/bin/../lib/gcc/arm-none-eabi/10.3.1/../../../../arm-none-eabi/lib/thumb/v7e-m+fp/hard\libc.a(lib_a-lock.o)
                              c:/progra~1/gcc-arm-none-eabi-10.3-2021.10/bin/../lib/gcc/arm-none-eabi/10.3.1/../../../../arm-none-eabi/lib/thumb/v7e-m+fp/hard\libc.a(lib_a-__call_atexit.o) (__retarget_lock_acquire_recursive)
c:/progra~1/gcc-arm-none-eabi-10.3-2021.10/bin/../lib/gcc/arm-none-eabi/10.3.1/../../../../arm-none-eabi/lib/thumb/v7e-m+fp/hard\libc.a(lib_a-__atexit.o)
                              c:/progra~1/gcc-arm-none-eabi-10.3-2021.10/bin/../lib/gcc/arm-none-eabi/10.3.1/../../../../arm-none-eabi/lib/thumb/v7e-m+fp/hard\libc.a(lib_a-atexit.o) (__register_exitproc)

Discarded input sections

 .text          0x00000000        0x0 c:/progra~1/gcc-arm-none-eabi-10.3-2021.10/bin/../lib/gcc/arm-none-eabi/10.3.1/thumb/v7e-m+fp/hard/crti.o
 .data          0x00000000        0x0 c:/progra~1/gcc-arm-none-eabi-10.3-2021.10/bin/../lib/gcc/arm-none-eabi/10.3.1/thumb/v7e-m+fp/hard/crti.o
[...]
Memory Configuration

Name             Origin             Length             Attributes
RAM              0x20000000         0x00018000         xrw
RAM2             0x10000000         0x00008000         xrw
FLASH            0x08000000         0x00100000         xr
*default*        0x00000000         0xffffffff

Linker script and memory map

LOAD c:/progra~1/gcc-arm-none-eabi-10.3-2021.10/bin/../lib/gcc/arm-none-eabi/10.3.1/thumb/v7e-m+fp/hard/crti.o
LOAD c:/progra~1/gcc-arm-none-eabi-10.3-2021.10/bin/../lib/gcc/arm-none-eabi/10.3.1/thumb/v7e-m+fp/hard/crtbegin.o
LOAD c:/progra~1/gcc-arm-none-eabi-10.3-2021.10/bin/../lib/gcc/arm-none-eabi/10.3.1/../../../../arm-none-eabi/lib/thumb/v7e-m+fp/hard/crt0.o
LOAD CMakeFiles/demo_freertos.elf.dir/Core/Src/freertos.c.obj
LOAD CMakeFiles/demo_freertos.elf.dir/Core/Src/gpio.c.obj
LOAD CMakeFiles/demo_freertos.elf.dir/Core/Src/main.c.obj
LOAD CMakeFiles/demo_freertos.elf.dir/Core/Src/stm32l4xx_hal_msp.c.obj
LOAD CMakeFiles/demo_freertos.elf.dir/Core/Src/stm32l4xx_hal_timebase_tim.c.obj
LOAD CMakeFiles/demo_freertos.elf.dir/Core/Src/stm32l4xx_it.c.obj
LOAD CMakeFiles/demo_freertos.elf.dir/Core/Src/syscalls.c.obj
LOAD CMakeFiles/demo_freertos.elf.dir/Core/Src/sysmem.c.obj
LOAD CMakeFiles/demo_freertos.elf.dir/Core/Src/system_stm32l4xx.c.obj
LOAD CMakeFiles/demo_freertos.elf.dir/Core/Src/usart.c.obj
LOAD CMakeFiles/demo_freertos.elf.dir/Core/Startup/startup_stm32l476rgtx.s.obj
LOAD CMakeFiles/demo_freertos.elf.dir/Drivers/STM32L4xx_HAL_Driver/Src/stm32l4xx_hal.c.obj
LOAD CMakeFiles/demo_freertos.elf.dir/Drivers/STM32L4xx_HAL_Driver/Src/stm32l4xx_hal_cortex.c.obj
LOAD CMakeFiles/demo_freertos.elf.dir/Drivers/STM32L4xx_HAL_Driver/Src/stm32l4xx_hal_dma.c.obj
LOAD CMakeFiles/demo_freertos.elf.dir/Drivers/STM32L4xx_HAL_Driver/Src/stm32l4xx_hal_dma_ex.c.obj
LOAD CMakeFiles/demo_freertos.elf.dir/Drivers/STM32L4xx_HAL_Driver/Src/stm32l4xx_hal_exti.c.obj
LOAD CMakeFiles/demo_freertos.elf.dir/Drivers/STM32L4xx_HAL_Driver/Src/stm32l4xx_hal_flash.c.obj
LOAD CMakeFiles/demo_freertos.elf.dir/Drivers/STM32L4xx_HAL_Driver/Src/stm32l4xx_hal_flash_ex.c.obj
LOAD CMakeFiles/demo_freertos.elf.dir/Drivers/STM32L4xx_HAL_Driver/Src/stm32l4xx_hal_flash_ramfunc.c.obj
LOAD CMakeFiles/demo_freertos.elf.dir/Drivers/STM32L4xx_HAL_Driver/Src/stm32l4xx_hal_gpio.c.obj
LOAD CMakeFiles/demo_freertos.elf.dir/Drivers/STM32L4xx_HAL_Driver/Src/stm32l4xx_hal_pwr.c.obj
LOAD CMakeFiles/demo_freertos.elf.dir/Drivers/STM32L4xx_HAL_Driver/Src/stm32l4xx_hal_pwr_ex.c.obj
LOAD CMakeFiles/demo_freertos.elf.dir/Drivers/STM32L4xx_HAL_Driver/Src/stm32l4xx_hal_rcc.c.obj
LOAD CMakeFiles/demo_freertos.elf.dir/Drivers/STM32L4xx_HAL_Driver/Src/stm32l4xx_hal_rcc_ex.c.obj
LOAD CMakeFiles/demo_freertos.elf.dir/Drivers/STM32L4xx_HAL_Driver/Src/stm32l4xx_hal_tim.c.obj
LOAD CMakeFiles/demo_freertos.elf.dir/Drivers/STM32L4xx_HAL_Driver/Src/stm32l4xx_hal_tim_ex.c.obj
LOAD CMakeFiles/demo_freertos.elf.dir/Drivers/STM32L4xx_HAL_Driver/Src/stm32l4xx_hal_uart.c.obj
LOAD CMakeFiles/demo_freertos.elf.dir/Drivers/STM32L4xx_HAL_Driver/Src/stm32l4xx_hal_uart_ex.c.obj
LOAD CMakeFiles/demo_freertos.elf.dir/Middlewares/Third_Party/FreeRTOS/Source/CMSIS_RTOS_V2/cmsis_os2.c.obj
LOAD CMakeFiles/demo_freertos.elf.dir/Middlewares/Third_Party/FreeRTOS/Source/croutine.c.obj
LOAD CMakeFiles/demo_freertos.elf.dir/Middlewares/Third_Party/FreeRTOS/Source/event_groups.c.obj
LOAD CMakeFiles/demo_freertos.elf.dir/Middlewares/Third_Party/FreeRTOS/Source/list.c.obj
LOAD CMakeFiles/demo_freertos.elf.dir/Middlewares/Third_Party/FreeRTOS/Source/portable/GCC/ARM_CM4F/port.c.obj
LOAD CMakeFiles/demo_freertos.elf.dir/Middlewares/Third_Party/FreeRTOS/Source/portable/MemMang/heap_4.c.obj
LOAD CMakeFiles/demo_freertos.elf.dir/Middlewares/Third_Party/FreeRTOS/Source/queue.c.obj
LOAD CMakeFiles/demo_freertos.elf.dir/Middlewares/Third_Party/FreeRTOS/Source/stream_buffer.c.obj
LOAD CMakeFiles/demo_freertos.elf.dir/Middlewares/Third_Party/FreeRTOS/Source/tasks.c.obj
LOAD CMakeFiles/demo_freertos.elf.dir/Middlewares/Third_Party/FreeRTOS/Source/timers.c.obj
START GROUP
LOAD c:/progra~1/gcc-arm-none-eabi-10.3-2021.10/bin/../lib/gcc/arm-none-eabi/10.3.1/thumb/v7e-m+fp/hard\libgcc.a
LOAD c:/progra~1/gcc-arm-none-eabi-10.3-2021.10/bin/../lib/gcc/arm-none-eabi/10.3.1/../../../../arm-none-eabi/lib/thumb/v7e-m+fp/hard\libc.a
END GROUP
LOAD c:/progra~1/gcc-arm-none-eabi-10.3-2021.10/bin/../lib/gcc/arm-none-eabi/10.3.1/thumb/v7e-m+fp/hard/crtend.o
LOAD c:/progra~1/gcc-arm-none-eabi-10.3-2021.10/bin/../lib/gcc/arm-none-eabi/10.3.1/thumb/v7e-m+fp/hard/crtn.o
                0x20018000                _estack = (ORIGIN (RAM) + LENGTH (RAM))
                0x00000200                _Min_Heap_Size = 0x200
                0x00000400                _Min_Stack_Size = 0x400

.isr_vector     0x08000000      0x188
                0x08000000                . = ALIGN (0x4)
 *(.isr_vector)
 .isr_vector    0x08000000      0x188 CMakeFiles/demo_freertos.elf.dir/Core/Startup/startup_stm32l476rgtx.s.obj
                0x08000000                g_pfnVectors
                0x08000188                . = ALIGN (0x4)

.text           0x08000190     0x4448
                0x08000190                . = ALIGN (0x4)
 *(.text)
 .text          0x08000190       0x40 c:/progra~1/gcc-arm-none-eabi-10.3-2021.10/bin/../lib/gcc/arm-none-eabi/10.3.1/thumb/v7e-m+fp/hard/crtbegin.o
 .text          0x080001d0       0x30 c:/progra~1/gcc-arm-none-eabi-10.3-2021.10/bin/../lib/gcc/arm-none-eabi/10.3.1/thumb/v7e-m+fp/hard\libgcc.a(_aeabi_uldivmod.o)
                0x080001d0                __aeabi_uldivmod
 .text          0x08000200      0x2d0 c:/progra~1/gcc-arm-none-eabi-10.3-2021.10/bin/../lib/gcc/arm-none-eabi/10.3.1/thumb/v7e-m+fp/hard\libgcc.a(_udivmoddi4.o)
                0x08000200                __udivmoddi4
 .text          0x080004d0        0x4 c:/progra~1/gcc-arm-none-eabi-10.3-2021.10/bin/../lib/gcc/arm-none-eabi/10.3.1/thumb/v7e-m+fp/hard\libgcc.a(_dvmd_tls.o)
                0x080004d0                __aeabi_idiv0
                0x080004d0                __aeabi_ldiv0
 .text          0x080004d4      0x134 c:/progra~1/gcc-arm-none-eabi-10.3-2021.10/bin/../lib/gcc/arm-none-eabi/10.3.1/../../../../arm-none-eabi/lib/thumb/v7e-m+fp/hard\libc.a(lib_a-memcpy.o)
                0x080004d4                memcpy
 *(.text*)
 .text.Task_main_Start
                0x08000608       0x14 CMakeFiles/demo_freertos.elf.dir/Core/Src/freertos.c.obj
                0x08000608                Task_main_Start
 .text.MX_FREERTOS_Init
                0x0800061c       0x20 CMakeFiles/demo_freertos.elf.dir/Core/Src/freertos.c.obj
                0x0800061c                MX_FREERTOS_Init
 .text.MX_GPIO_Init
                0x0800063c       0xa0 CMakeFiles/demo_freertos.elf.dir/Core/Src/gpio.c.obj
                0x0800063c                MX_GPIO_Init
 .text.HAL_TIM_PeriodElapsedCallback
                0x080006dc       0x18 CMakeFiles/demo_freertos.elf.dir/Core/Src/main.c.obj
                0x080006dc                HAL_TIM_PeriodElapsedCallback
 .text.Error_Handler
                0x080006f4        0x4 CMakeFiles/demo_freertos.elf.dir/Core/Src/main.c.obj
                0x080006f4                Error_Handler
 .text.SystemClock_Config
                0x080006f8       0x7a CMakeFiles/demo_freertos.elf.dir/Core/Src/main.c.obj
                0x080006f8                SystemClock_Config
 .text.main     0x08000772       0x20 CMakeFiles/demo_freertos.elf.dir/Core/Src/main.c.obj
                0x08000772                main
 *fill*         0x08000792        0x2 
 .text.HAL_MspInit
                0x08000794       0x40 CMakeFiles/demo_freertos.elf.dir/Core/Src/stm32l4xx_hal_msp.c.obj
                0x08000794                HAL_MspInit
 .text.HAL_InitTick
                0x080007d4       0xa0 CMakeFiles/demo_freertos.elf.dir/Core/Src/stm32l4xx_hal_timebase_tim.c.obj
                0x080007d4                HAL_InitTick
 .text.NMI_Handler
                0x08000874        0x2 CMakeFiles/demo_freertos.elf.dir/Core/Src/stm32l4xx_it.c.obj
                0x08000874                NMI_Handler
 .text.HardFault_Handler
                0x08000876        0x2 CMakeFiles/demo_freertos.elf.dir/Core/Src/stm32l4xx_it.c.obj
                0x08000876                HardFault_Handler
 .text.MemManage_Handler
                0x08000878        0x2 CMakeFiles/demo_freertos.elf.dir/Core/Src/stm32l4xx_it.c.obj
                0x08000878                MemManage_Handler
 .text.BusFault_Handler
                0x0800087a        0x2 CMakeFiles/demo_freertos.elf.dir/Core/Src/stm32l4xx_it.c.obj
                0x0800087a                BusFault_Handler
 .text.UsageFault_Handler
                0x0800087c        0x2 CMakeFiles/demo_freertos.elf.dir/Core/Src/stm32l4xx_it.c.obj
                0x0800087c                UsageFault_Handler
 .text.DebugMon_Handler
                0x0800087e        0x2 CMakeFiles/demo_freertos.elf.dir/Core/Src/stm32l4xx_it.c.obj
                0x0800087e                DebugMon_Handler
 .text.TIM6_DAC_IRQHandler
                0x08000880       0x10 CMakeFiles/demo_freertos.elf.dir/Core/Src/stm32l4xx_it.c.obj
                0x08000880                TIM6_DAC_IRQHandler
 .text.SystemInit
                0x08000890       0x14 CMakeFiles/demo_freertos.elf.dir/Core/Src/system_stm32l4xx.c.obj
                0x08000890                SystemInit
 .text.MX_USART2_UART_Init
                0x080008a4       0x38 CMakeFiles/demo_freertos.elf.dir/Core/Src/usart.c.obj
                0x080008a4                MX_USART2_UART_Init
 .text.HAL_UART_MspInit
                0x080008dc       0x88 CMakeFiles/demo_freertos.elf.dir/Core/Src/usart.c.obj
                0x080008dc                HAL_UART_MspInit
 .text.Reset_Handler
                0x08000964       0x50 CMakeFiles/demo_freertos.elf.dir/Core/Startup/startup_stm32l476rgtx.s.obj
                0x08000964                Reset_Handler
 .text.Default_Handler
                0x080009b4        0x2 CMakeFiles/demo_freertos.elf.dir/Core/Startup/startup_stm32l476rgtx.s.obj
                0x080009b4                RTC_Alarm_IRQHandler
                0x080009b4                EXTI2_IRQHandler
                0x080009b4                TIM8_TRG_COM_IRQHandler
                0x080009b4                TIM8_CC_IRQHandler
                0x080009b4                TIM1_CC_IRQHandler
                0x080009b4                TSC_IRQHandler
                0x080009b4                TAMP_STAMP_IRQHandler
                0x080009b4                EXTI3_IRQHandler
                0x080009b4                LPTIM2_IRQHandler
                0x080009b4                DFSDM1_FLT1_IRQHandler
                0x080009b4                I2C3_ER_IRQHandler
                0x080009b4                DFSDM1_FLT2_IRQHandler
                0x080009b4                EXTI0_IRQHandler
                0x080009b4                I2C2_EV_IRQHandler
                0x080009b4                CAN1_RX0_IRQHandler
                0x080009b4                FPU_IRQHandler
                0x080009b4                TIM1_UP_TIM16_IRQHandler
                0x080009b4                ADC1_2_IRQHandler
                0x080009b4                SPI1_IRQHandler
                0x080009b4                TIM8_UP_IRQHandler
                0x080009b4                DMA2_Channel2_IRQHandler
                0x080009b4                DMA1_Channel4_IRQHandler
                0x080009b4                SAI2_IRQHandler
                0x080009b4                DFSDM1_FLT3_IRQHandler
                0x080009b4                USART3_IRQHandler
                0x080009b4                DMA1_Channel7_IRQHandler
                0x080009b4                CAN1_RX1_IRQHandler
                0x080009b4                LCD_IRQHandler
                0x080009b4                UART5_IRQHandler
                0x080009b4                ADC3_IRQHandler
                0x080009b4                TIM4_IRQHandler
                0x080009b4                DMA2_Channel1_IRQHandler
                0x080009b4                QUADSPI_IRQHandler
                0x080009b4                I2C1_EV_IRQHandler
                0x080009b4                DMA1_Channel6_IRQHandler
                0x080009b4                UART4_IRQHandler
                0x080009b4                DMA2_Channel4_IRQHandler
                0x080009b4                TIM3_IRQHandler
                0x080009b4                RCC_IRQHandler
                0x080009b4                DMA1_Channel1_IRQHandler
                0x080009b4                Default_Handler
                0x080009b4                DMA2_Channel7_IRQHandler
                0x080009b4                EXTI15_10_IRQHandler
                0x080009b4                TIM7_IRQHandler
                0x080009b4                SDMMC1_IRQHandler
                0x080009b4                TIM5_IRQHandler
                0x080009b4                I2C3_EV_IRQHandler
                0x080009b4                EXTI9_5_IRQHandler
                0x080009b4                RTC_WKUP_IRQHandler
                0x080009b4                PVD_PVM_IRQHandler
                0x080009b4                SPI2_IRQHandler
                0x080009b4                CAN1_TX_IRQHandler
                0x080009b4                DMA2_Channel5_IRQHandler
                0x080009b4                DMA1_Channel5_IRQHandler
                0x080009b4                EXTI4_IRQHandler
                0x080009b4                RNG_IRQHandler
                0x080009b4                TIM1_TRG_COM_TIM17_IRQHandler
                0x080009b4                DMA1_Channel3_IRQHandler
                0x080009b4                COMP_IRQHandler
                0x080009b4                WWDG_IRQHandler
                0x080009b4                LPUART1_IRQHandler
                0x080009b4                DMA2_Channel6_IRQHandler
                0x080009b4                TIM2_IRQHandler
                0x080009b4                EXTI1_IRQHandler
                0x080009b4                USART2_IRQHandler
                0x080009b4                DFSDM1_FLT0_IRQHandler
                0x080009b4                I2C2_ER_IRQHandler
                0x080009b4                DMA1_Channel2_IRQHandler
                0x080009b4                TIM8_BRK_IRQHandler
                0x080009b4                CAN1_SCE_IRQHandler
                0x080009b4                FLASH_IRQHandler
                0x080009b4                USART1_IRQHandler
                0x080009b4                OTG_FS_IRQHandler
                0x080009b4                SPI3_IRQHandler
                0x080009b4                I2C1_ER_IRQHandler
                0x080009b4                FMC_IRQHandler
                0x080009b4                SWPMI1_IRQHandler
                0x080009b4                LPTIM1_IRQHandler
                0x080009b4                SAI1_IRQHandler
                0x080009b4                DMA2_Channel3_IRQHandler
                0x080009b4                TIM1_BRK_TIM15_IRQHandler
 *fill*         0x080009b6        0x2 
 .text.HAL_Init
                0x080009b8       0x2c CMakeFiles/demo_freertos.elf.dir/Drivers/STM32L4xx_HAL_Driver/Src/stm32l4xx_hal.c.obj
                0x080009b8                HAL_Init
 .text.HAL_IncTick
                0x080009e4       0x18 CMakeFiles/demo_freertos.elf.dir/Drivers/STM32L4xx_HAL_Driver/Src/stm32l4xx_hal.c.obj
                0x080009e4                HAL_IncTick
 .text.HAL_GetTick
                0x080009fc        0xc CMakeFiles/demo_freertos.elf.dir/Drivers/STM32L4xx_HAL_Driver/Src/stm32l4xx_hal.c.obj
                0x080009fc                HAL_GetTick
 .text.HAL_NVIC_SetPriorityGrouping
                0x08000a08       0x24 CMakeFiles/demo_freertos.elf.dir/Drivers/STM32L4xx_HAL_Driver/Src/stm32l4xx_hal_cortex.c.obj
                0x08000a08                HAL_NVIC_SetPriorityGrouping
 .text.HAL_NVIC_SetPriority
                0x08000a2c       0x70 CMakeFiles/demo_freertos.elf.dir/Drivers/STM32L4xx_HAL_Driver/Src/stm32l4xx_hal_cortex.c.obj
                0x08000a2c                HAL_NVIC_SetPriority
 .text.HAL_NVIC_EnableIRQ
                0x08000a9c       0x1c CMakeFiles/demo_freertos.elf.dir/Drivers/STM32L4xx_HAL_Driver/Src/stm32l4xx_hal_cortex.c.obj
                0x08000a9c                HAL_NVIC_EnableIRQ
 .text.HAL_GPIO_Init
                0x08000ab8      0x200 CMakeFiles/demo_freertos.elf.dir/Drivers/STM32L4xx_HAL_Driver/Src/stm32l4xx_hal_gpio.c.obj
                0x08000ab8                HAL_GPIO_Init
 .text.HAL_GPIO_WritePin
                0x08000cb8        0xa CMakeFiles/demo_freertos.elf.dir/Drivers/STM32L4xx_HAL_Driver/Src/stm32l4xx_hal_gpio.c.obj
                0x08000cb8                HAL_GPIO_WritePin
 .text.HAL_GPIO_TogglePin
                0x08000cc2       0x12 CMakeFiles/demo_freertos.elf.dir/Drivers/STM32L4xx_HAL_Driver/Src/stm32l4xx_hal_gpio.c.obj
                0x08000cc2                HAL_GPIO_TogglePin
 .text.HAL_PWREx_GetVoltageRange
                0x08000cd4       0x10 CMakeFiles/demo_freertos.elf.dir/Drivers/STM32L4xx_HAL_Driver/Src/stm32l4xx_hal_pwr_ex.c.obj
                0x08000cd4                HAL_PWREx_GetVoltageRange
 .text.HAL_PWREx_ControlVoltageScaling
                0x08000ce4       0x90 CMakeFiles/demo_freertos.elf.dir/Drivers/STM32L4xx_HAL_Driver/Src/stm32l4xx_hal_pwr_ex.c.obj
                0x08000ce4                HAL_PWREx_ControlVoltageScaling
 .text.RCC_SetFlashLatencyFromMSIRange
                0x08000d74       0x90 CMakeFiles/demo_freertos.elf.dir/Drivers/STM32L4xx_HAL_Driver/Src/stm32l4xx_hal_rcc.c.obj
 .text.HAL_RCC_GetSysClockFreq
                0x08000e04       0xb4 CMakeFiles/demo_freertos.elf.dir/Drivers/STM32L4xx_HAL_Driver/Src/stm32l4xx_hal_rcc.c.obj
                0x08000e04                HAL_RCC_GetSysClockFreq
 .text.HAL_RCC_OscConfig
                0x08000eb8      0x61c CMakeFiles/demo_freertos.elf.dir/Drivers/STM32L4xx_HAL_Driver/Src/stm32l4xx_hal_rcc.c.obj
                0x08000eb8                HAL_RCC_OscConfig
 .text.HAL_RCC_ClockConfig
                0x080014d4      0x188 CMakeFiles/demo_freertos.elf.dir/Drivers/STM32L4xx_HAL_Driver/Src/stm32l4xx_hal_rcc.c.obj
                0x080014d4                HAL_RCC_ClockConfig
 .text.HAL_RCC_GetHCLKFreq
                0x0800165c        0xc CMakeFiles/demo_freertos.elf.dir/Drivers/STM32L4xx_HAL_Driver/Src/stm32l4xx_hal_rcc.c.obj
                0x0800165c                HAL_RCC_GetHCLKFreq
 .text.HAL_RCC_GetPCLK1Freq
                0x08001668       0x24 CMakeFiles/demo_freertos.elf.dir/Drivers/STM32L4xx_HAL_Driver/Src/stm32l4xx_hal_rcc.c.obj
                0x08001668                HAL_RCC_GetPCLK1Freq
 .text.HAL_RCC_GetPCLK2Freq
                0x0800168c       0x24 CMakeFiles/demo_freertos.elf.dir/Drivers/STM32L4xx_HAL_Driver/Src/stm32l4xx_hal_rcc.c.obj
                0x0800168c                HAL_RCC_GetPCLK2Freq
 .text.HAL_RCC_GetClockConfig
                0x080016b0       0x3c CMakeFiles/demo_freertos.elf.dir/Drivers/STM32L4xx_HAL_Driver/Src/stm32l4xx_hal_rcc.c.obj
                0x080016b0                HAL_RCC_GetClockConfig
 .text.RCCEx_PLLSAI1_Config
                0x080016ec      0x170 CMakeFiles/demo_freertos.elf.dir/Drivers/STM32L4xx_HAL_Driver/Src/stm32l4xx_hal_rcc_ex.c.obj
 .text.RCCEx_PLLSAI2_Config
                0x0800185c      0x14c CMakeFiles/demo_freertos.elf.dir/Drivers/STM32L4xx_HAL_Driver/Src/stm32l4xx_hal_rcc_ex.c.obj
 .text.HAL_RCCEx_PeriphCLKConfig
                0x080019a8      0x454 CMakeFiles/demo_freertos.elf.dir/Drivers/STM32L4xx_HAL_Driver/Src/stm32l4xx_hal_rcc_ex.c.obj
                0x080019a8                HAL_RCCEx_PeriphCLKConfig
 .text.HAL_TIM_Base_MspInit
                0x08001dfc        0x2 CMakeFiles/demo_freertos.elf.dir/Drivers/STM32L4xx_HAL_Driver/Src/stm32l4xx_hal_tim.c.obj
                0x08001dfc                HAL_TIM_Base_MspInit
 *fill*         0x08001dfe        0x2 
 .text.HAL_TIM_Base_Start_IT
                0x08001e00       0x8c CMakeFiles/demo_freertos.elf.dir/Drivers/STM32L4xx_HAL_Driver/Src/stm32l4xx_hal_tim.c.obj
                0x08001e00                HAL_TIM_Base_Start_IT
 .text.HAL_TIM_OC_DelayElapsedCallback
                0x08001e8c        0x2 CMakeFiles/demo_freertos.elf.dir/Drivers/STM32L4xx_HAL_Driver/Src/stm32l4xx_hal_tim.c.obj
                0x08001e8c                HAL_TIM_OC_DelayElapsedCallback
 .text.HAL_TIM_IC_CaptureCallback
                0x08001e8e        0x2 CMakeFiles/demo_freertos.elf.dir/Drivers/STM32L4xx_HAL_Driver/Src/stm32l4xx_hal_tim.c.obj
                0x08001e8e                HAL_TIM_IC_CaptureCallback
 .text.HAL_TIM_PWM_PulseFinishedCallback
                0x08001e90        0x2 CMakeFiles/demo_freertos.elf.dir/Drivers/STM32L4xx_HAL_Driver/Src/stm32l4xx_hal_tim.c.obj
                0x08001e90                HAL_TIM_PWM_PulseFinishedCallback
 .text.HAL_TIM_TriggerCallback
                0x08001e92        0x2 CMakeFiles/demo_freertos.elf.dir/Drivers/STM32L4xx_HAL_Driver/Src/stm32l4xx_hal_tim.c.obj
                0x08001e92                HAL_TIM_TriggerCallback
 .text.HAL_TIM_IRQHandler
                0x08001e94      0x17a CMakeFiles/demo_freertos.elf.dir/Drivers/STM32L4xx_HAL_Driver/Src/stm32l4xx_hal_tim.c.obj
                0x08001e94                HAL_TIM_IRQHandler
 *fill*         0x0800200e        0x2 
 .text.TIM_Base_SetConfig
                0x08002010       0xc8 CMakeFiles/demo_freertos.elf.dir/Drivers/STM32L4xx_HAL_Driver/Src/stm32l4xx_hal_tim.c.obj
                0x08002010                TIM_Base_SetConfig
 .text.HAL_TIM_Base_Init
                0x080020d8       0x60 CMakeFiles/demo_freertos.elf.dir/Drivers/STM32L4xx_HAL_Driver/Src/stm32l4xx_hal_tim.c.obj
                0x080020d8                HAL_TIM_Base_Init
 .text.HAL_TIMEx_CommutCallback
                0x08002138        0x2 CMakeFiles/demo_freertos.elf.dir/Drivers/STM32L4xx_HAL_Driver/Src/stm32l4xx_hal_tim_ex.c.obj
                0x08002138                HAL_TIMEx_CommutCallback
 .text.HAL_TIMEx_BreakCallback
                0x0800213a        0x2 CMakeFiles/demo_freertos.elf.dir/Drivers/STM32L4xx_HAL_Driver/Src/stm32l4xx_hal_tim_ex.c.obj
                0x0800213a                HAL_TIMEx_BreakCallback
 .text.HAL_TIMEx_Break2Callback
                0x0800213c        0x2 CMakeFiles/demo_freertos.elf.dir/Drivers/STM32L4xx_HAL_Driver/Src/stm32l4xx_hal_tim_ex.c.obj
                0x0800213c                HAL_TIMEx_Break2Callback
 .text.UART_EndRxTransfer
                0x0800213e       0x52 CMakeFiles/demo_freertos.elf.dir/Drivers/STM32L4xx_HAL_Driver/Src/stm32l4xx_hal_uart.c.obj
 .text.UART_SetConfig
                0x08002190      0x328 CMakeFiles/demo_freertos.elf.dir/Drivers/STM32L4xx_HAL_Driver/Src/stm32l4xx_hal_uart.c.obj
                0x08002190                UART_SetConfig
 .text.UART_AdvFeatureConfig
                0x080024b8       0xca CMakeFiles/demo_freertos.elf.dir/Drivers/STM32L4xx_HAL_Driver/Src/stm32l4xx_hal_uart.c.obj
                0x080024b8                UART_AdvFeatureConfig
 .text.UART_WaitOnFlagUntilTimeout
                0x08002582       0x9a CMakeFiles/demo_freertos.elf.dir/Drivers/STM32L4xx_HAL_Driver/Src/stm32l4xx_hal_uart.c.obj
                0x08002582                UART_WaitOnFlagUntilTimeout
 .text.UART_CheckIdleState
                0x0800261c       0xc6 CMakeFiles/demo_freertos.elf.dir/Drivers/STM32L4xx_HAL_Driver/Src/stm32l4xx_hal_uart.c.obj
                0x0800261c                UART_CheckIdleState
 .text.HAL_UART_Init
                0x080026e2       0x62 CMakeFiles/demo_freertos.elf.dir/Drivers/STM32L4xx_HAL_Driver/Src/stm32l4xx_hal_uart.c.obj
                0x080026e2                HAL_UART_Init
 .text.SysTick_Handler
                0x08002744       0x18 CMakeFiles/demo_freertos.elf.dir/Middlewares/Third_Party/FreeRTOS/Source/CMSIS_RTOS_V2/cmsis_os2.c.obj
                0x08002744                SysTick_Handler
 .text.osKernelInitialize
                0x0800275c       0x24 CMakeFiles/demo_freertos.elf.dir/Middlewares/Third_Party/FreeRTOS/Source/CMSIS_RTOS_V2/cmsis_os2.c.obj
                0x0800275c                osKernelInitialize
 .text.osKernelStart
                0x08002780       0x38 CMakeFiles/demo_freertos.elf.dir/Middlewares/Third_Party/FreeRTOS/Source/CMSIS_RTOS_V2/cmsis_os2.c.obj
                0x08002780                osKernelStart
 .text.osThreadNew
                0x080027b8       0xbc CMakeFiles/demo_freertos.elf.dir/Middlewares/Third_Party/FreeRTOS/Source/CMSIS_RTOS_V2/cmsis_os2.c.obj
                0x080027b8                osThreadNew
 .text.osDelay  0x08002874       0x1c CMakeFiles/demo_freertos.elf.dir/Middlewares/Third_Party/FreeRTOS/Source/CMSIS_RTOS_V2/cmsis_os2.c.obj
                0x08002874                osDelay
 .text.vApplicationGetIdleTaskMemory
                0x08002890       0x18 CMakeFiles/demo_freertos.elf.dir/Middlewares/Third_Party/FreeRTOS/Source/CMSIS_RTOS_V2/cmsis_os2.c.obj
                0x08002890                vApplicationGetIdleTaskMemory
 .text.vApplicationGetTimerTaskMemory
                0x080028a8       0x18 CMakeFiles/demo_freertos.elf.dir/Middlewares/Third_Party/FreeRTOS/Source/CMSIS_RTOS_V2/cmsis_os2.c.obj
                0x080028a8                vApplicationGetTimerTaskMemory
 .text.vListInitialise
                0x080028c0       0x16 CMakeFiles/demo_freertos.elf.dir/Middlewares/Third_Party/FreeRTOS/Source/list.c.obj
                0x080028c0                vListInitialise
 .text.vListInitialiseItem
                0x080028d6        0x6 CMakeFiles/demo_freertos.elf.dir/Middlewares/Third_Party/FreeRTOS/Source/list.c.obj
                0x080028d6                vListInitialiseItem
 .text.vListInsertEnd
                0x080028dc       0x16 CMakeFiles/demo_freertos.elf.dir/Middlewares/Third_Party/FreeRTOS/Source/list.c.obj
                0x080028dc                vListInsertEnd
 .text.vListInsert
                0x080028f2       0x32 CMakeFiles/demo_freertos.elf.dir/Middlewares/Third_Party/FreeRTOS/Source/list.c.obj
                0x080028f2                vListInsert
 .text.uxListRemove
                0x08002924       0x26 CMakeFiles/demo_freertos.elf.dir/Middlewares/Third_Party/FreeRTOS/Source/list.c.obj
                0x08002924                uxListRemove
 *fill*         0x0800294a        0x2 
 .text.prvTaskExitError
                0x0800294c       0x40 CMakeFiles/demo_freertos.elf.dir/Middlewares/Third_Party/FreeRTOS/Source/portable/GCC/ARM_CM4F/port.c.obj
 .text.prvPortStartFirstTask
                0x0800298c       0x28 CMakeFiles/demo_freertos.elf.dir/Middlewares/Third_Party/FreeRTOS/Source/portable/GCC/ARM_CM4F/port.c.obj
 .text.vPortEnableVFP
                0x080029b4       0x14 CMakeFiles/demo_freertos.elf.dir/Middlewares/Third_Party/FreeRTOS/Source/portable/GCC/ARM_CM4F/port.c.obj
 .text.pxPortInitialiseStack
                0x080029c8       0x2c CMakeFiles/demo_freertos.elf.dir/Middlewares/Third_Party/FreeRTOS/Source/portable/GCC/ARM_CM4F/port.c.obj
                0x080029c8                pxPortInitialiseStack
 *fill*         0x080029f4        0xc 
 .text.SVC_Handler
                0x08002a00       0x24 CMakeFiles/demo_freertos.elf.dir/Middlewares/Third_Party/FreeRTOS/Source/portable/GCC/ARM_CM4F/port.c.obj
                0x08002a00                SVC_Handler
 .text.vPortEnterCritical
                0x08002a24       0x44 CMakeFiles/demo_freertos.elf.dir/Middlewares/Third_Party/FreeRTOS/Source/portable/GCC/ARM_CM4F/port.c.obj
                0x08002a24                vPortEnterCritical
 .text.vPortExitCritical
                0x08002a68       0x2c CMakeFiles/demo_freertos.elf.dir/Middlewares/Third_Party/FreeRTOS/Source/portable/GCC/ARM_CM4F/port.c.obj
                0x08002a68                vPortExitCritical
 *fill*         0x08002a94        0xc 
 .text.PendSV_Handler
                0x08002aa0       0x64 CMakeFiles/demo_freertos.elf.dir/Middlewares/Third_Party/FreeRTOS/Source/portable/GCC/ARM_CM4F/port.c.obj
                0x08002aa0                PendSV_Handler
 .text.xPortSysTickHandler
                0x08002b04       0x2c CMakeFiles/demo_freertos.elf.dir/Middlewares/Third_Party/FreeRTOS/Source/portable/GCC/ARM_CM4F/port.c.obj
                0x08002b04                xPortSysTickHandler
 .text.vPortSetupTimerInterrupt
                0x08002b30       0x28 CMakeFiles/demo_freertos.elf.dir/Middlewares/Third_Party/FreeRTOS/Source/portable/GCC/ARM_CM4F/port.c.obj
                0x08002b30                vPortSetupTimerInterrupt
 .text.xPortStartScheduler
                0x08002b58      0x118 CMakeFiles/demo_freertos.elf.dir/Middlewares/Third_Party/FreeRTOS/Source/portable/GCC/ARM_CM4F/port.c.obj
                0x08002b58                xPortStartScheduler
 .text.vPortValidateInterruptPriority
                0x08002c70       0x5c CMakeFiles/demo_freertos.elf.dir/Middlewares/Third_Party/FreeRTOS/Source/portable/GCC/ARM_CM4F/port.c.obj
                0x08002c70                vPortValidateInterruptPriority
 .text.prvHeapInit
                0x08002ccc       0x68 CMakeFiles/demo_freertos.elf.dir/Middlewares/Third_Party/FreeRTOS/Source/portable/MemMang/heap_4.c.obj
 .text.prvInsertBlockIntoFreeList
                0x08002d34       0x64 CMakeFiles/demo_freertos.elf.dir/Middlewares/Third_Party/FreeRTOS/Source/portable/MemMang/heap_4.c.obj
 .text.pvPortMalloc
                0x08002d98       0xfc CMakeFiles/demo_freertos.elf.dir/Middlewares/Third_Party/FreeRTOS/Source/portable/MemMang/heap_4.c.obj
                0x08002d98                pvPortMalloc
 .text.vPortFree
                0x08002e94       0x7c CMakeFiles/demo_freertos.elf.dir/Middlewares/Third_Party/FreeRTOS/Source/portable/MemMang/heap_4.c.obj
                0x08002e94                vPortFree
 .text.prvIsQueueFull
                0x08002f10       0x1e CMakeFiles/demo_freertos.elf.dir/Middlewares/Third_Party/FreeRTOS/Source/queue.c.obj
 .text.prvIsQueueEmpty
                0x08002f2e       0x1a CMakeFiles/demo_freertos.elf.dir/Middlewares/Third_Party/FreeRTOS/Source/queue.c.obj
 .text.prvCopyDataToQueue
                0x08002f48       0x76 CMakeFiles/demo_freertos.elf.dir/Middlewares/Third_Party/FreeRTOS/Source/queue.c.obj
 .text.prvCopyDataFromQueue
                0x08002fbe       0x24 CMakeFiles/demo_freertos.elf.dir/Middlewares/Third_Party/FreeRTOS/Source/queue.c.obj
 .text.prvUnlockQueue
                0x08002fe2       0x6e CMakeFiles/demo_freertos.elf.dir/Middlewares/Third_Party/FreeRTOS/Source/queue.c.obj
 .text.xQueueGenericReset
                0x08003050       0x84 CMakeFiles/demo_freertos.elf.dir/Middlewares/Third_Party/FreeRTOS/Source/queue.c.obj
                0x08003050                xQueueGenericReset
 .text.prvInitialiseNewQueue
                0x080030d4       0x22 CMakeFiles/demo_freertos.elf.dir/Middlewares/Third_Party/FreeRTOS/Source/queue.c.obj
 .text.xQueueGenericCreateStatic
                0x080030f6       0x94 CMakeFiles/demo_freertos.elf.dir/Middlewares/Third_Party/FreeRTOS/Source/queue.c.obj
                0x080030f6                xQueueGenericCreateStatic
 .text.xQueueGenericSend
                0x0800318a      0x188 CMakeFiles/demo_freertos.elf.dir/Middlewares/Third_Party/FreeRTOS/Source/queue.c.obj
                0x0800318a                xQueueGenericSend
 .text.xQueueGenericSendFromISR
                0x08003312       0xce CMakeFiles/demo_freertos.elf.dir/Middlewares/Third_Party/FreeRTOS/Source/queue.c.obj
                0x08003312                xQueueGenericSendFromISR
 .text.xQueueReceive
                0x080033e0      0x15e CMakeFiles/demo_freertos.elf.dir/Middlewares/Third_Party/FreeRTOS/Source/queue.c.obj
                0x080033e0                xQueueReceive
 *fill*         0x0800353e        0x2 
 .text.vQueueAddToRegistry
                0x08003540       0x28 CMakeFiles/demo_freertos.elf.dir/Middlewares/Third_Party/FreeRTOS/Source/queue.c.obj
                0x08003540                vQueueAddToRegistry
 .text.vQueueWaitForMessageRestricted
                0x08003568       0x52 CMakeFiles/demo_freertos.elf.dir/Middlewares/Third_Party/FreeRTOS/Source/queue.c.obj
                0x08003568                vQueueWaitForMessageRestricted
 *fill*         0x080035ba        0x2 
 .text.prvResetNextTaskUnblockTime
                0x080035bc       0x2c CMakeFiles/demo_freertos.elf.dir/Middlewares/Third_Party/FreeRTOS/Source/tasks.c.obj
 .text.prvInitialiseNewTask
                0x080035e8       0xa6 CMakeFiles/demo_freertos.elf.dir/Middlewares/Third_Party/FreeRTOS/Source/tasks.c.obj
 *fill*         0x0800368e        0x2 
 .text.prvInitialiseTaskLists
                0x08003690       0x68 CMakeFiles/demo_freertos.elf.dir/Middlewares/Third_Party/FreeRTOS/Source/tasks.c.obj
 .text.prvAddNewTaskToReadyList
                0x080036f8       0xac CMakeFiles/demo_freertos.elf.dir/Middlewares/Third_Party/FreeRTOS/Source/tasks.c.obj
 .text.prvDeleteTCB
                0x080037a4       0x38 CMakeFiles/demo_freertos.elf.dir/Middlewares/Third_Party/FreeRTOS/Source/tasks.c.obj
 .text.prvCheckTasksWaitingTermination
                0x080037dc       0x4c CMakeFiles/demo_freertos.elf.dir/Middlewares/Third_Party/FreeRTOS/Source/tasks.c.obj
 .text.prvIdleTask
                0x08003828       0x28 CMakeFiles/demo_freertos.elf.dir/Middlewares/Third_Party/FreeRTOS/Source/tasks.c.obj
 .text.prvAddCurrentTaskToDelayedList
                0x08003850       0x7c CMakeFiles/demo_freertos.elf.dir/Middlewares/Third_Party/FreeRTOS/Source/tasks.c.obj
 .text.xTaskCreateStatic
                0x080038cc       0x76 CMakeFiles/demo_freertos.elf.dir/Middlewares/Third_Party/FreeRTOS/Source/tasks.c.obj
                0x080038cc                xTaskCreateStatic
 .text.xTaskCreate
                0x08003942       0x68 CMakeFiles/demo_freertos.elf.dir/Middlewares/Third_Party/FreeRTOS/Source/tasks.c.obj
                0x08003942                xTaskCreate
 *fill*         0x080039aa        0x2 
 .text.vTaskStartScheduler
                0x080039ac       0x9c CMakeFiles/demo_freertos.elf.dir/Middlewares/Third_Party/FreeRTOS/Source/tasks.c.obj
                0x080039ac                vTaskStartScheduler
 .text.vTaskSuspendAll
                0x08003a48       0x10 CMakeFiles/demo_freertos.elf.dir/Middlewares/Third_Party/FreeRTOS/Source/tasks.c.obj
                0x08003a48                vTaskSuspendAll
 .text.xTaskGetTickCount
                0x08003a58        0xc CMakeFiles/demo_freertos.elf.dir/Middlewares/Third_Party/FreeRTOS/Source/tasks.c.obj
                0x08003a58                xTaskGetTickCount
 .text.xTaskIncrementTick
                0x08003a64      0x118 CMakeFiles/demo_freertos.elf.dir/Middlewares/Third_Party/FreeRTOS/Source/tasks.c.obj
                0x08003a64                xTaskIncrementTick
 .text.xTaskResumeAll
                0x08003b7c       0xf8 CMakeFiles/demo_freertos.elf.dir/Middlewares/Third_Party/FreeRTOS/Source/tasks.c.obj
                0x08003b7c                xTaskResumeAll
 .text.vTaskDelay
                0x08003c74       0x4c CMakeFiles/demo_freertos.elf.dir/Middlewares/Third_Party/FreeRTOS/Source/tasks.c.obj
                0x08003c74                vTaskDelay
 .text.vTaskSwitchContext
                0x08003cc0       0x94 CMakeFiles/demo_freertos.elf.dir/Middlewares/Third_Party/FreeRTOS/Source/tasks.c.obj
                0x08003cc0                vTaskSwitchContext
 .text.vTaskPlaceOnEventList
                0x08003d54       0x30 CMakeFiles/demo_freertos.elf.dir/Middlewares/Third_Party/FreeRTOS/Source/tasks.c.obj
                0x08003d54                vTaskPlaceOnEventList
 .text.vTaskPlaceOnEventListRestricted
                0x08003d84       0x38 CMakeFiles/demo_freertos.elf.dir/Middlewares/Third_Party/FreeRTOS/Source/tasks.c.obj
                0x08003d84                vTaskPlaceOnEventListRestricted
 .text.xTaskRemoveFromEventList
                0x08003dbc       0x8c CMakeFiles/demo_freertos.elf.dir/Middlewares/Third_Party/FreeRTOS/Source/tasks.c.obj
                0x08003dbc                xTaskRemoveFromEventList
 .text.vTaskInternalSetTimeOutState
                0x08003e48       0x18 CMakeFiles/demo_freertos.elf.dir/Middlewares/Third_Party/FreeRTOS/Source/tasks.c.obj
                0x08003e48                vTaskInternalSetTimeOutState
 .text.xTaskCheckForTimeOut
                0x08003e60       0x84 CMakeFiles/demo_freertos.elf.dir/Middlewares/Third_Party/FreeRTOS/Source/tasks.c.obj
                0x08003e60                xTaskCheckForTimeOut
 .text.vTaskMissedYield
                0x08003ee4        0xc CMakeFiles/demo_freertos.elf.dir/Middlewares/Third_Party/FreeRTOS/Source/tasks.c.obj
                0x08003ee4                vTaskMissedYield
 .text.xTaskGetSchedulerState
                0x08003ef0       0x20 CMakeFiles/demo_freertos.elf.dir/Middlewares/Third_Party/FreeRTOS/Source/tasks.c.obj
                0x08003ef0                xTaskGetSchedulerState
 .text.xTaskPriorityDisinherit
                0x08003f10       0x90 CMakeFiles/demo_freertos.elf.dir/Middlewares/Third_Party/FreeRTOS/Source/tasks.c.obj
                0x08003f10                xTaskPriorityDisinherit
 .text.prvGetNextExpireTime
                0x08003fa0       0x20 CMakeFiles/demo_freertos.elf.dir/Middlewares/Third_Party/FreeRTOS/Source/timers.c.obj
 .text.prvInsertTimerInActiveList
                0x08003fc0       0x48 CMakeFiles/demo_freertos.elf.dir/Middlewares/Third_Party/FreeRTOS/Source/timers.c.obj
 .text.prvCheckForValidListAndQueue
                0x08004008       0x70 CMakeFiles/demo_freertos.elf.dir/Middlewares/Third_Party/FreeRTOS/Source/timers.c.obj
 .text.xTimerCreateTimerTask
                0x08004078       0x64 CMakeFiles/demo_freertos.elf.dir/Middlewares/Third_Party/FreeRTOS/Source/timers.c.obj
                0x08004078                xTimerCreateTimerTask
 .text.xTimerGenericCommand
                0x080040dc       0x6c CMakeFiles/demo_freertos.elf.dir/Middlewares/Third_Party/FreeRTOS/Source/timers.c.obj
                0x080040dc                xTimerGenericCommand
 .text.prvSwitchTimerLists
                0x08004148       0x7c CMakeFiles/demo_freertos.elf.dir/Middlewares/Third_Party/FreeRTOS/Source/timers.c.obj
 .text.prvSampleTimeNow
                0x080041c4       0x2c CMakeFiles/demo_freertos.elf.dir/Middlewares/Third_Party/FreeRTOS/Source/timers.c.obj
 .text.prvProcessExpiredTimer
                0x080041f0       0x6c CMakeFiles/demo_freertos.elf.dir/Middlewares/Third_Party/FreeRTOS/Source/timers.c.obj
 .text.prvProcessTimerOrBlockTask
                0x0800425c       0x74 CMakeFiles/demo_freertos.elf.dir/Middlewares/Third_Party/FreeRTOS/Source/timers.c.obj
 .text.prvProcessReceivedCommands
                0x080042d0      0x10c CMakeFiles/demo_freertos.elf.dir/Middlewares/Third_Party/FreeRTOS/Source/timers.c.obj
 .text.prvTimerTask
                0x080043dc       0x16 CMakeFiles/demo_freertos.elf.dir/Middlewares/Third_Party/FreeRTOS/Source/timers.c.obj
 *fill*         0x080043f2        0x2 
 .text.__libc_init_array
                0x080043f4       0x48 c:/progra~1/gcc-arm-none-eabi-10.3-2021.10/bin/../lib/gcc/arm-none-eabi/10.3.1/../../../../arm-none-eabi/lib/thumb/v7e-m+fp/hard\libc.a(lib_a-init.o)
                0x080043f4                __libc_init_array
 .text.memset   0x0800443c       0xa4 c:/progra~1/gcc-arm-none-eabi-10.3-2021.10/bin/../lib/gcc/arm-none-eabi/10.3.1/../../../../arm-none-eabi/lib/thumb/v7e-m+fp/hard\libc.a(lib_a-memset.o)
                0x0800443c                memset
 .text.startup.register_fini
                0x080044e0       0x14 c:/progra~1/gcc-arm-none-eabi-10.3-2021.10/bin/../lib/gcc/arm-none-eabi/10.3.1/../../../../arm-none-eabi/lib/thumb/v7e-m+fp/hard\libc.a(lib_a-__call_atexit.o)
 .text.atexit   0x080044f4        0xc c:/progra~1/gcc-arm-none-eabi-10.3-2021.10/bin/../lib/gcc/arm-none-eabi/10.3.1/../../../../arm-none-eabi/lib/thumb/v7e-m+fp/hard\libc.a(lib_a-atexit.o)
                0x080044f4                atexit
 .text.__libc_fini_array
                0x08004500       0x2c c:/progra~1/gcc-arm-none-eabi-10.3-2021.10/bin/../lib/gcc/arm-none-eabi/10.3.1/../../../../arm-none-eabi/lib/thumb/v7e-m+fp/hard\libc.a(lib_a-fini.o)
                0x08004500                __libc_fini_array
 .text.__retarget_lock_acquire_recursive
                0x0800452c        0x4 c:/progra~1/gcc-arm-none-eabi-10.3-2021.10/bin/../lib/gcc/arm-none-eabi/10.3.1/../../../../arm-none-eabi/lib/thumb/v7e-m+fp/hard\libc.a(lib_a-lock.o)
                0x0800452c                __retarget_lock_acquire_recursive
 .text.__retarget_lock_release_recursive
                0x08004530        0x4 c:/progra~1/gcc-arm-none-eabi-10.3-2021.10/bin/../lib/gcc/arm-none-eabi/10.3.1/../../../../arm-none-eabi/lib/thumb/v7e-m+fp/hard\libc.a(lib_a-lock.o)
                0x08004530                __retarget_lock_release_recursive
 .text.__register_exitproc
                0x08004534       0x8c c:/progra~1/gcc-arm-none-eabi-10.3-2021.10/bin/../lib/gcc/arm-none-eabi/10.3.1/../../../../arm-none-eabi/lib/thumb/v7e-m+fp/hard\libc.a(lib_a-__atexit.o)
                0x08004534                __register_exitproc
 *(.glue_7)
 .glue_7        0x080045c0        0x0 linker stubs
 *(.glue_7t)
 .glue_7t       0x080045c0        0x0 linker stubs
 *(.eh_frame)
 .eh_frame      0x080045c0        0x0 c:/progra~1/gcc-arm-none-eabi-10.3-2021.10/bin/../lib/gcc/arm-none-eabi/10.3.1/thumb/v7e-m+fp/hard/crtbegin.o
 *(.init)
 .init          0x080045c0        0x4 c:/progra~1/gcc-arm-none-eabi-10.3-2021.10/bin/../lib/gcc/arm-none-eabi/10.3.1/thumb/v7e-m+fp/hard/crti.o
                0x080045c0                _init
 .init          0x080045c4        0x8 c:/progra~1/gcc-arm-none-eabi-10.3-2021.10/bin/../lib/gcc/arm-none-eabi/10.3.1/thumb/v7e-m+fp/hard/crtn.o
 *(.fini)
 .fini          0x080045cc        0x4 c:/progra~1/gcc-arm-none-eabi-10.3-2021.10/bin/../lib/gcc/arm-none-eabi/10.3.1/thumb/v7e-m+fp/hard/crti.o
                0x080045cc                _fini
 .fini          0x080045d0        0x8 c:/progra~1/gcc-arm-none-eabi-10.3-2021.10/bin/../lib/gcc/arm-none-eabi/10.3.1/thumb/v7e-m+fp/hard/crtn.o
                0x080045d8                . = ALIGN (0x4)
                0x080045d8                _etext = .

.vfp11_veneer   0x080045d8        0x0
 .vfp11_veneer  0x080045d8        0x0 linker stubs

.v4_bx          0x080045d8        0x0
 .v4_bx         0x080045d8        0x0 linker stubs

.iplt           0x080045d8        0x0
 .iplt          0x080045d8        0x0 c:/progra~1/gcc-arm-none-eabi-10.3-2021.10/bin/../lib/gcc/arm-none-eabi/10.3.1/thumb/v7e-m+fp/hard/crtbegin.o

.rodata         0x080045d8       0x94
                0x080045d8                . = ALIGN (0x4)
 *(.rodata)
 *(.rodata*)
 .rodata.str1.4
                0x080045d8        0xa CMakeFiles/demo_freertos.elf.dir/Core/Src/freertos.c.obj
 *fill*         0x080045e2        0x2 
 .rodata.Task_main_attributes
                0x080045e4       0x24 CMakeFiles/demo_freertos.elf.dir/Core/Src/freertos.c.obj
                0x080045e4                Task_main_attributes
 .rodata.AHBPrescTable
                0x08004608       0x10 CMakeFiles/demo_freertos.elf.dir/Core/Src/system_stm32l4xx.c.obj
                0x08004608                AHBPrescTable
 .rodata.APBPrescTable
                0x08004618        0x8 CMakeFiles/demo_freertos.elf.dir/Core/Src/system_stm32l4xx.c.obj
                0x08004618                APBPrescTable
 .rodata.MSIRangeTable
                0x08004620       0x30 CMakeFiles/demo_freertos.elf.dir/Core/Src/system_stm32l4xx.c.obj
                0x08004620                MSIRangeTable
 .rodata.vTaskStartScheduler.str1.4
                0x08004650        0x5 CMakeFiles/demo_freertos.elf.dir/Middlewares/Third_Party/FreeRTOS/Source/tasks.c.obj
 *fill*         0x08004655        0x3 
 .rodata.prvCheckForValidListAndQueue.str1.4
                0x08004658        0x5 CMakeFiles/demo_freertos.elf.dir/Middlewares/Third_Party/FreeRTOS/Source/timers.c.obj
 *fill*         0x0800465d        0x3 
 .rodata.xTimerCreateTimerTask.str1.4
                0x08004660        0x8 CMakeFiles/demo_freertos.elf.dir/Middlewares/Third_Party/FreeRTOS/Source/timers.c.obj
 .rodata._global_impure_ptr
                0x08004668        0x4 c:/progra~1/gcc-arm-none-eabi-10.3-2021.10/bin/../lib/gcc/arm-none-eabi/10.3.1/../../../../arm-none-eabi/lib/thumb/v7e-m+fp/hard\libc.a(lib_a-impure.o)
                0x08004668                _global_impure_ptr
                0x0800466c                . = ALIGN (0x4)

.ARM.extab      0x0800466c        0x0
                0x0800466c                . = ALIGN (0x4)
 *(.ARM.extab* .gnu.linkonce.armextab.*)
                0x0800466c                . = ALIGN (0x4)

.ARM            0x0800466c        0x8
                0x0800466c                . = ALIGN (0x4)
                0x0800466c                __exidx_start = .
 *(.ARM.exidx*)
 .ARM.exidx     0x0800466c        0x8 c:/progra~1/gcc-arm-none-eabi-10.3-2021.10/bin/../lib/gcc/arm-none-eabi/10.3.1/thumb/v7e-m+fp/hard\libgcc.a(_udivmoddi4.o)
                0x08004674                __exidx_end = .
                0x08004674                . = ALIGN (0x4)

.rel.dyn        0x08004674        0x0
 .rel.iplt      0x08004674        0x0 c:/progra~1/gcc-arm-none-eabi-10.3-2021.10/bin/../lib/gcc/arm-none-eabi/10.3.1/thumb/v7e-m+fp/hard/crtbegin.o

.preinit_array  0x08004674        0x0
                0x08004674                . = ALIGN (0x4)
                0x08004674                PROVIDE (__preinit_array_start = .)
 *(.preinit_array*)
                0x08004674                PROVIDE (__preinit_array_end = .)
                0x08004674                . = ALIGN (0x4)

.init_array     0x08004674        0x8
                0x08004674                . = ALIGN (0x4)
                0x08004674                PROVIDE (__init_array_start = .)
 *(SORT_BY_NAME(.init_array.*))
 .init_array.00000
                0x08004674        0x4 c:/progra~1/gcc-arm-none-eabi-10.3-2021.10/bin/../lib/gcc/arm-none-eabi/10.3.1/../../../../arm-none-eabi/lib/thumb/v7e-m+fp/hard\libc.a(lib_a-__call_atexit.o)
 *(.init_array*)
 .init_array    0x08004678        0x4 c:/progra~1/gcc-arm-none-eabi-10.3-2021.10/bin/../lib/gcc/arm-none-eabi/10.3.1/thumb/v7e-m+fp/hard/crtbegin.o
                0x0800467c                PROVIDE (__init_array_end = .)
                0x0800467c                . = ALIGN (0x4)

.fini_array     0x0800467c        0x4
                0x0800467c                . = ALIGN (0x4)
                0x0800467c                PROVIDE (__fini_array_start = .)
 *(SORT_BY_NAME(.fini_array.*))
 *(.fini_array*)
 .fini_array    0x0800467c        0x4 c:/progra~1/gcc-arm-none-eabi-10.3-2021.10/bin/../lib/gcc/arm-none-eabi/10.3.1/thumb/v7e-m+fp/hard/crtbegin.o
                0x08004680                PROVIDE (__fini_array_end = .)
                0x08004680                . = ALIGN (0x4)
                0x08004680                _sidata = LOADADDR (.data)

.data           0x20000000      0x43c load address 0x08004680
                0x20000000                . = ALIGN (0x4)
                0x20000000                _sdata = .
 *(.data)
 *(.data*)
 .data.SystemCoreClock
                0x20000000        0x4 CMakeFiles/demo_freertos.elf.dir/Core/Src/system_stm32l4xx.c.obj
                0x20000000                SystemCoreClock
 .data.uwTickFreq
                0x20000004        0x1 CMakeFiles/demo_freertos.elf.dir/Drivers/STM32L4xx_HAL_Driver/Src/stm32l4xx_hal.c.obj
                0x20000004                uwTickFreq
 *fill*         0x20000005        0x3 
 .data.uwTickPrio
                0x20000008        0x4 CMakeFiles/demo_freertos.elf.dir/Drivers/STM32L4xx_HAL_Driver/Src/stm32l4xx_hal.c.obj
                0x20000008                uwTickPrio
 .data.uxCriticalNesting
                0x2000000c        0x4 CMakeFiles/demo_freertos.elf.dir/Middlewares/Third_Party/FreeRTOS/Source/portable/GCC/ARM_CM4F/port.c.obj
 .data.impure_data
                0x20000010      0x428 c:/progra~1/gcc-arm-none-eabi-10.3-2021.10/bin/../lib/gcc/arm-none-eabi/10.3.1/../../../../arm-none-eabi/lib/thumb/v7e-m+fp/hard\libc.a(lib_a-impure.o)
 .data.__atexit_recursive_mutex
                0x20000438        0x4 c:/progra~1/gcc-arm-none-eabi-10.3-2021.10/bin/../lib/gcc/arm-none-eabi/10.3.1/../../../../arm-none-eabi/lib/thumb/v7e-m+fp/hard\libc.a(lib_a-__call_atexit.o)
                0x20000438                __atexit_recursive_mutex
 *(.RamFunc)
 *(.RamFunc*)
                0x2000043c                . = ALIGN (0x4)
                0x2000043c                _edata = .

.igot.plt       0x2000043c        0x0 load address 0x08004abc
 .igot.plt      0x2000043c        0x0 c:/progra~1/gcc-arm-none-eabi-10.3-2021.10/bin/../lib/gcc/arm-none-eabi/10.3.1/thumb/v7e-m+fp/hard/crtbegin.o
                0x2000043c                . = ALIGN (0x4)

.bss            0x2000043c     0x1a04 load address 0x08004abc
                0x2000043c                _sbss = .
                0x2000043c                __bss_start__ = _sbss
 *(.bss)
 .bss           0x2000043c       0x1c c:/progra~1/gcc-arm-none-eabi-10.3-2021.10/bin/../lib/gcc/arm-none-eabi/10.3.1/thumb/v7e-m+fp/hard/crtbegin.o
 *(.bss*)
 .bss.Task_mainHandle
                0x20000458        0x4 CMakeFiles/demo_freertos.elf.dir/Core/Src/freertos.c.obj
                0x20000458                Task_mainHandle
 .bss.htim6     0x2000045c       0x4c CMakeFiles/demo_freertos.elf.dir/Core/Src/stm32l4xx_hal_timebase_tim.c.obj
                0x2000045c                htim6
 .bss.huart2    0x200004a8       0x88 CMakeFiles/demo_freertos.elf.dir/Core/Src/usart.c.obj
                0x200004a8                huart2
 .bss.uwTick    0x20000530        0x4 CMakeFiles/demo_freertos.elf.dir/Drivers/STM32L4xx_HAL_Driver/Src/stm32l4xx_hal.c.obj
                0x20000530                uwTick
 .bss.Idle_Stack.2
                0x20000534      0x200 CMakeFiles/demo_freertos.elf.dir/Middlewares/Third_Party/FreeRTOS/Source/CMSIS_RTOS_V2/cmsis_os2.c.obj
 .bss.Idle_TCB.3
                0x20000734       0x5c CMakeFiles/demo_freertos.elf.dir/Middlewares/Third_Party/FreeRTOS/Source/CMSIS_RTOS_V2/cmsis_os2.c.obj
 .bss.KernelState
                0x20000790        0x4 CMakeFiles/demo_freertos.elf.dir/Middlewares/Third_Party/FreeRTOS/Source/CMSIS_RTOS_V2/cmsis_os2.c.obj
 .bss.Timer_Stack.0
                0x20000794      0x400 CMakeFiles/demo_freertos.elf.dir/Middlewares/Third_Party/FreeRTOS/Source/CMSIS_RTOS_V2/cmsis_os2.c.obj
 .bss.Timer_TCB.1
                0x20000b94       0x5c CMakeFiles/demo_freertos.elf.dir/Middlewares/Third_Party/FreeRTOS/Source/CMSIS_RTOS_V2/cmsis_os2.c.obj
 .bss.ucMaxSysCallPriority
                0x20000bf0        0x1 CMakeFiles/demo_freertos.elf.dir/Middlewares/Third_Party/FreeRTOS/Source/portable/GCC/ARM_CM4F/port.c.obj
 *fill*         0x20000bf1        0x3 
 .bss.ulMaxPRIGROUPValue
                0x20000bf4        0x4 CMakeFiles/demo_freertos.elf.dir/Middlewares/Third_Party/FreeRTOS/Source/portable/GCC/ARM_CM4F/port.c.obj
 .bss.pxEnd     0x20000bf8        0x4 CMakeFiles/demo_freertos.elf.dir/Middlewares/Third_Party/FreeRTOS/Source/portable/MemMang/heap_4.c.obj
 .bss.ucHeap    0x20000bfc      0xbb8 CMakeFiles/demo_freertos.elf.dir/Middlewares/Third_Party/FreeRTOS/Source/portable/MemMang/heap_4.c.obj
 .bss.xBlockAllocatedBit
                0x200017b4        0x4 CMakeFiles/demo_freertos.elf.dir/Middlewares/Third_Party/FreeRTOS/Source/portable/MemMang/heap_4.c.obj
 .bss.xFreeBytesRemaining
                0x200017b8        0x4 CMakeFiles/demo_freertos.elf.dir/Middlewares/Third_Party/FreeRTOS/Source/portable/MemMang/heap_4.c.obj
 .bss.xMinimumEverFreeBytesRemaining
                0x200017bc        0x4 CMakeFiles/demo_freertos.elf.dir/Middlewares/Third_Party/FreeRTOS/Source/portable/MemMang/heap_4.c.obj
 .bss.xNumberOfSuccessfulAllocations
                0x200017c0        0x4 CMakeFiles/demo_freertos.elf.dir/Middlewares/Third_Party/FreeRTOS/Source/portable/MemMang/heap_4.c.obj
 .bss.xNumberOfSuccessfulFrees
                0x200017c4        0x4 CMakeFiles/demo_freertos.elf.dir/Middlewares/Third_Party/FreeRTOS/Source/portable/MemMang/heap_4.c.obj
 .bss.xStart    0x200017c8        0x8 CMakeFiles/demo_freertos.elf.dir/Middlewares/Third_Party/FreeRTOS/Source/portable/MemMang/heap_4.c.obj
 .bss.xQueueRegistry
                0x200017d0       0x40 CMakeFiles/demo_freertos.elf.dir/Middlewares/Third_Party/FreeRTOS/Source/queue.c.obj
                0x200017d0                xQueueRegistry
 .bss.pxCurrentTCB
                0x20001810        0x4 CMakeFiles/demo_freertos.elf.dir/Middlewares/Third_Party/FreeRTOS/Source/tasks.c.obj
                0x20001810                pxCurrentTCB
 .bss.pxDelayedTaskList
                0x20001814        0x4 CMakeFiles/demo_freertos.elf.dir/Middlewares/Third_Party/FreeRTOS/Source/tasks.c.obj
 .bss.pxOverflowDelayedTaskList
                0x20001818        0x4 CMakeFiles/demo_freertos.elf.dir/Middlewares/Third_Party/FreeRTOS/Source/tasks.c.obj
 .bss.pxReadyTasksLists
                0x2000181c      0x460 CMakeFiles/demo_freertos.elf.dir/Middlewares/Third_Party/FreeRTOS/Source/tasks.c.obj
 .bss.uxCurrentNumberOfTasks
                0x20001c7c        0x4 CMakeFiles/demo_freertos.elf.dir/Middlewares/Third_Party/FreeRTOS/Source/tasks.c.obj
 .bss.uxDeletedTasksWaitingCleanUp
                0x20001c80        0x4 CMakeFiles/demo_freertos.elf.dir/Middlewares/Third_Party/FreeRTOS/Source/tasks.c.obj
 .bss.uxSchedulerSuspended
                0x20001c84        0x4 CMakeFiles/demo_freertos.elf.dir/Middlewares/Third_Party/FreeRTOS/Source/tasks.c.obj
 .bss.uxTaskNumber
                0x20001c88        0x4 CMakeFiles/demo_freertos.elf.dir/Middlewares/Third_Party/FreeRTOS/Source/tasks.c.obj
 .bss.uxTopReadyPriority
                0x20001c8c        0x4 CMakeFiles/demo_freertos.elf.dir/Middlewares/Third_Party/FreeRTOS/Source/tasks.c.obj
 .bss.xDelayedTaskList1
                0x20001c90       0x14 CMakeFiles/demo_freertos.elf.dir/Middlewares/Third_Party/FreeRTOS/Source/tasks.c.obj
 .bss.xDelayedTaskList2
                0x20001ca4       0x14 CMakeFiles/demo_freertos.elf.dir/Middlewares/Third_Party/FreeRTOS/Source/tasks.c.obj
 .bss.xIdleTaskHandle
                0x20001cb8        0x4 CMakeFiles/demo_freertos.elf.dir/Middlewares/Third_Party/FreeRTOS/Source/tasks.c.obj
 .bss.xNextTaskUnblockTime
                0x20001cbc        0x4 CMakeFiles/demo_freertos.elf.dir/Middlewares/Third_Party/FreeRTOS/Source/tasks.c.obj
 .bss.xNumOfOverflows
                0x20001cc0        0x4 CMakeFiles/demo_freertos.elf.dir/Middlewares/Third_Party/FreeRTOS/Source/tasks.c.obj
 .bss.xPendedTicks
                0x20001cc4        0x4 CMakeFiles/demo_freertos.elf.dir/Middlewares/Third_Party/FreeRTOS/Source/tasks.c.obj
 .bss.xPendingReadyList
                0x20001cc8       0x14 CMakeFiles/demo_freertos.elf.dir/Middlewares/Third_Party/FreeRTOS/Source/tasks.c.obj
 .bss.xSchedulerRunning
                0x20001cdc        0x4 CMakeFiles/demo_freertos.elf.dir/Middlewares/Third_Party/FreeRTOS/Source/tasks.c.obj
 .bss.xSuspendedTaskList
                0x20001ce0       0x14 CMakeFiles/demo_freertos.elf.dir/Middlewares/Third_Party/FreeRTOS/Source/tasks.c.obj
 .bss.xTasksWaitingTermination
                0x20001cf4       0x14 CMakeFiles/demo_freertos.elf.dir/Middlewares/Third_Party/FreeRTOS/Source/tasks.c.obj
 .bss.xTickCount
                0x20001d08        0x4 CMakeFiles/demo_freertos.elf.dir/Middlewares/Third_Party/FreeRTOS/Source/tasks.c.obj
 .bss.xYieldPending
                0x20001d0c        0x4 CMakeFiles/demo_freertos.elf.dir/Middlewares/Third_Party/FreeRTOS/Source/tasks.c.obj
 .bss.pxCurrentTimerList
                0x20001d10        0x4 CMakeFiles/demo_freertos.elf.dir/Middlewares/Third_Party/FreeRTOS/Source/timers.c.obj
 .bss.pxOverflowTimerList
                0x20001d14        0x4 CMakeFiles/demo_freertos.elf.dir/Middlewares/Third_Party/FreeRTOS/Source/timers.c.obj
 .bss.ucStaticTimerQueueStorage.1
                0x20001d18       0xa0 CMakeFiles/demo_freertos.elf.dir/Middlewares/Third_Party/FreeRTOS/Source/timers.c.obj
 .bss.xActiveTimerList1
                0x20001db8       0x14 CMakeFiles/demo_freertos.elf.dir/Middlewares/Third_Party/FreeRTOS/Source/timers.c.obj
 .bss.xActiveTimerList2
                0x20001dcc       0x14 CMakeFiles/demo_freertos.elf.dir/Middlewares/Third_Party/FreeRTOS/Source/timers.c.obj
 .bss.xLastTime.2
                0x20001de0        0x4 CMakeFiles/demo_freertos.elf.dir/Middlewares/Third_Party/FreeRTOS/Source/timers.c.obj
 .bss.xStaticTimerQueue.0
                0x20001de4       0x50 CMakeFiles/demo_freertos.elf.dir/Middlewares/Third_Party/FreeRTOS/Source/timers.c.obj
 .bss.xTimerQueue
                0x20001e34        0x4 CMakeFiles/demo_freertos.elf.dir/Middlewares/Third_Party/FreeRTOS/Source/timers.c.obj
 .bss.xTimerTaskHandle
                0x20001e38        0x4 CMakeFiles/demo_freertos.elf.dir/Middlewares/Third_Party/FreeRTOS/Source/timers.c.obj
 .bss.__lock___atexit_recursive_mutex
                0x20001e3c        0x1 c:/progra~1/gcc-arm-none-eabi-10.3-2021.10/bin/../lib/gcc/arm-none-eabi/10.3.1/../../../../arm-none-eabi/lib/thumb/v7e-m+fp/hard\libc.a(lib_a-lock.o)
                0x20001e3c                __lock___atexit_recursive_mutex
 *(COMMON)
                0x20001e40                . = ALIGN (0x4)
 *fill*         0x20001e3d        0x3 
                0x20001e40                _ebss = .
                0x20001e40                __bss_end__ = _ebss

._user_heap_stack
                0x20001e40      0x600 load address 0x08004abc
                0x20001e40                . = ALIGN (0x8)
                [!provide]                PROVIDE (end = .)
                0x20001e40                PROVIDE (_end = .)
                0x20002040                . = (. + _Min_Heap_Size)
 *fill*         0x20001e40      0x200 
                0x20002440                . = (. + _Min_Stack_Size)
 *fill*         0x20002040      0x400 
                0x20002440                . = ALIGN (0x8)

/DISCARD/
 libc.a(*)
 libm.a(*)
 libgcc.a(*)

.ARM.attributes
                0x00000000       0x30
 *(.ARM.attributes)
 .ARM.attributes
                0x00000000       0x1e c:/progra~1/gcc-arm-none-eabi-10.3-2021.10/bin/../lib/gcc/arm-none-eabi/10.3.1/thumb/v7e-m+fp/hard/crti.o
 .ARM.attributes
                0x0000001e       0x34 c:/progra~1/gcc-arm-none-eabi-10.3-2021.10/bin/../lib/gcc/arm-none-eabi/10.3.1/thumb/v7e-m+fp/hard/crtbegin.o
 .ARM.attributes
                0x00000052       0x34 CMakeFiles/demo_freertos.elf.dir/Core/Src/freertos.c.obj
 .ARM.attributes
                0x00000086       0x34 CMakeFiles/demo_freertos.elf.dir/Core/Src/gpio.c.obj
 .ARM.attributes
                0x000000ba       0x34 CMakeFiles/demo_freertos.elf.dir/Core/Src/main.c.obj
 .ARM.attributes
                0x000000ee       0x34 CMakeFiles/demo_freertos.elf.dir/Core/Src/stm32l4xx_hal_msp.c.obj
 .ARM.attributes
                0x00000122       0x34 CMakeFiles/demo_freertos.elf.dir/Core/Src/stm32l4xx_hal_timebase_tim.c.obj
 .ARM.attributes
                0x00000156       0x34 CMakeFiles/demo_freertos.elf.dir/Core/Src/stm32l4xx_it.c.obj
 .ARM.attributes
                0x0000018a       0x34 CMakeFiles/demo_freertos.elf.dir/Core/Src/system_stm32l4xx.c.obj
 .ARM.attributes
                0x000001be       0x34 CMakeFiles/demo_freertos.elf.dir/Core/Src/usart.c.obj
 .ARM.attributes
                0x000001f2       0x21 CMakeFiles/demo_freertos.elf.dir/Core/Startup/startup_stm32l476rgtx.s.obj
 .ARM.attributes
                0x00000213       0x34 CMakeFiles/demo_freertos.elf.dir/Drivers/STM32L4xx_HAL_Driver/Src/stm32l4xx_hal.c.obj
 .ARM.attributes
                0x00000247       0x34 CMakeFiles/demo_freertos.elf.dir/Drivers/STM32L4xx_HAL_Driver/Src/stm32l4xx_hal_cortex.c.obj
 .ARM.attributes
                0x0000027b       0x34 CMakeFiles/demo_freertos.elf.dir/Drivers/STM32L4xx_HAL_Driver/Src/stm32l4xx_hal_gpio.c.obj
 .ARM.attributes
                0x000002af       0x34 CMakeFiles/demo_freertos.elf.dir/Drivers/STM32L4xx_HAL_Driver/Src/stm32l4xx_hal_pwr_ex.c.obj
 .ARM.attributes
                0x000002e3       0x34 CMakeFiles/demo_freertos.elf.dir/Drivers/STM32L4xx_HAL_Driver/Src/stm32l4xx_hal_rcc.c.obj
 .ARM.attributes
                0x00000317       0x34 CMakeFiles/demo_freertos.elf.dir/Drivers/STM32L4xx_HAL_Driver/Src/stm32l4xx_hal_rcc_ex.c.obj
 .ARM.attributes
                0x0000034b       0x34 CMakeFiles/demo_freertos.elf.dir/Drivers/STM32L4xx_HAL_Driver/Src/stm32l4xx_hal_tim.c.obj
 .ARM.attributes
                0x0000037f       0x34 CMakeFiles/demo_freertos.elf.dir/Drivers/STM32L4xx_HAL_Driver/Src/stm32l4xx_hal_tim_ex.c.obj
 .ARM.attributes
                0x000003b3       0x34 CMakeFiles/demo_freertos.elf.dir/Drivers/STM32L4xx_HAL_Driver/Src/stm32l4xx_hal_uart.c.obj
 .ARM.attributes
                0x000003e7       0x34 CMakeFiles/demo_freertos.elf.dir/Middlewares/Third_Party/FreeRTOS/Source/CMSIS_RTOS_V2/cmsis_os2.c.obj
 .ARM.attributes
                0x0000041b       0x34 CMakeFiles/demo_freertos.elf.dir/Middlewares/Third_Party/FreeRTOS/Source/list.c.obj
 .ARM.attributes
                0x0000044f       0x34 CMakeFiles/demo_freertos.elf.dir/Middlewares/Third_Party/FreeRTOS/Source/portable/GCC/ARM_CM4F/port.c.obj
 .ARM.attributes
                0x00000483       0x34 CMakeFiles/demo_freertos.elf.dir/Middlewares/Third_Party/FreeRTOS/Source/portable/MemMang/heap_4.c.obj
 .ARM.attributes
                0x000004b7       0x34 CMakeFiles/demo_freertos.elf.dir/Middlewares/Third_Party/FreeRTOS/Source/queue.c.obj
 .ARM.attributes
                0x000004eb       0x34 CMakeFiles/demo_freertos.elf.dir/Middlewares/Third_Party/FreeRTOS/Source/tasks.c.obj
 .ARM.attributes
                0x0000051f       0x34 CMakeFiles/demo_freertos.elf.dir/Middlewares/Third_Party/FreeRTOS/Source/timers.c.obj
 .ARM.attributes
                0x00000553       0x1e c:/progra~1/gcc-arm-none-eabi-10.3-2021.10/bin/../lib/gcc/arm-none-eabi/10.3.1/thumb/v7e-m+fp/hard\libgcc.a(_aeabi_uldivmod.o)
 .ARM.attributes
                0x00000571       0x34 c:/progra~1/gcc-arm-none-eabi-10.3-2021.10/bin/../lib/gcc/arm-none-eabi/10.3.1/thumb/v7e-m+fp/hard\libgcc.a(_udivmoddi4.o)
 .ARM.attributes
                0x000005a5       0x1e c:/progra~1/gcc-arm-none-eabi-10.3-2021.10/bin/../lib/gcc/arm-none-eabi/10.3.1/thumb/v7e-m+fp/hard\libgcc.a(_dvmd_tls.o)
 .ARM.attributes
                0x000005c3       0x34 c:/progra~1/gcc-arm-none-eabi-10.3-2021.10/bin/../lib/gcc/arm-none-eabi/10.3.1/../../../../arm-none-eabi/lib/thumb/v7e-m+fp/hard\libc.a(lib_a-impure.o)
 .ARM.attributes
                0x000005f7       0x34 c:/progra~1/gcc-arm-none-eabi-10.3-2021.10/bin/../lib/gcc/arm-none-eabi/10.3.1/../../../../arm-none-eabi/lib/thumb/v7e-m+fp/hard\libc.a(lib_a-init.o)
 .ARM.attributes
                0x0000062b       0x1c c:/progra~1/gcc-arm-none-eabi-10.3-2021.10/bin/../lib/gcc/arm-none-eabi/10.3.1/../../../../arm-none-eabi/lib/thumb/v7e-m+fp/hard\libc.a(lib_a-memcpy.o)
 .ARM.attributes
                0x00000647       0x34 c:/progra~1/gcc-arm-none-eabi-10.3-2021.10/bin/../lib/gcc/arm-none-eabi/10.3.1/../../../../arm-none-eabi/lib/thumb/v7e-m+fp/hard\libc.a(lib_a-memset.o)
 .ARM.attributes
                0x0000067b       0x34 c:/progra~1/gcc-arm-none-eabi-10.3-2021.10/bin/../lib/gcc/arm-none-eabi/10.3.1/../../../../arm-none-eabi/lib/thumb/v7e-m+fp/hard\libc.a(lib_a-__call_atexit.o)
 .ARM.attributes
                0x000006af       0x34 c:/progra~1/gcc-arm-none-eabi-10.3-2021.10/bin/../lib/gcc/arm-none-eabi/10.3.1/../../../../arm-none-eabi/lib/thumb/v7e-m+fp/hard\libc.a(lib_a-atexit.o)
 .ARM.attributes
                0x000006e3       0x34 c:/progra~1/gcc-arm-none-eabi-10.3-2021.10/bin/../lib/gcc/arm-none-eabi/10.3.1/../../../../arm-none-eabi/lib/thumb/v7e-m+fp/hard\libc.a(lib_a-fini.o)
 .ARM.attributes
                0x00000717       0x34 c:/progra~1/gcc-arm-none-eabi-10.3-2021.10/bin/../lib/gcc/arm-none-eabi/10.3.1/../../../../arm-none-eabi/lib/thumb/v7e-m+fp/hard\libc.a(lib_a-lock.o)
 .ARM.attributes
                0x0000074b       0x34 c:/progra~1/gcc-arm-none-eabi-10.3-2021.10/bin/../lib/gcc/arm-none-eabi/10.3.1/../../../../arm-none-eabi/lib/thumb/v7e-m+fp/hard\libc.a(lib_a-__atexit.o)
 .ARM.attributes
                0x0000077f       0x1e c:/progra~1/gcc-arm-none-eabi-10.3-2021.10/bin/../lib/gcc/arm-none-eabi/10.3.1/thumb/v7e-m+fp/hard/crtn.o
OUTPUT(demo_freertos.elf elf32-littlearm)
LOAD linker stubs
LOAD c:/progra~1/gcc-arm-none-eabi-10.3-2021.10/bin/../lib/gcc/arm-none-eabi/10.3.1/../../../../arm-none-eabi/lib/thumb/v7e-m+fp/hard\libc.a
LOAD c:/progra~1/gcc-arm-none-eabi-10.3-2021.10/bin/../lib/gcc/arm-none-eabi/10.3.1/../../../../arm-none-eabi/lib/thumb/v7e-m+fp/hard\libm.a
LOAD c:/progra~1/gcc-arm-none-eabi-10.3-2021.10/bin/../lib/gcc/arm-none-eabi/10.3.1/thumb/v7e-m+fp/hard\libgcc.a

.debug_info     0x00000000    0x20fe1
 .debug_info    0x00000000      0x460 CMakeFiles/demo_freertos.elf.dir/Core/Src/freertos.c.obj
 .debug_info    0x00000460      0x515 CMakeFiles/demo_freertos.elf.dir/Core/Src/gpio.c.obj
 .debug_info    0x00000975      0xa21 CMakeFiles/demo_freertos.elf.dir/Core/Src/main.c.obj
 .debug_info    0x00001396      0x55e CMakeFiles/demo_freertos.elf.dir/Core/Src/stm32l4xx_hal_msp.c.obj
 .debug_info    0x000018f4      0xd32 CMakeFiles/demo_freertos.elf.dir/Core/Src/stm32l4xx_hal_timebase_tim.c.obj
 .debug_info    0x00002626      0x723 CMakeFiles/demo_freertos.elf.dir/Core/Src/stm32l4xx_it.c.obj
 .debug_info    0x00002d49      0x5e0 CMakeFiles/demo_freertos.elf.dir/Core/Src/system_stm32l4xx.c.obj
 .debug_info    0x00003329      0xdda CMakeFiles/demo_freertos.elf.dir/Core/Src/usart.c.obj
 .debug_info    0x00004103       0x22 CMakeFiles/demo_freertos.elf.dir/Core/Startup/startup_stm32l476rgtx.s.obj
 .debug_info    0x00004125      0xce8 CMakeFiles/demo_freertos.elf.dir/Drivers/STM32L4xx_HAL_Driver/Src/stm32l4xx_hal.c.obj
 .debug_info    0x00004e0d     0x109e CMakeFiles/demo_freertos.elf.dir/Drivers/STM32L4xx_HAL_Driver/Src/stm32l4xx_hal_cortex.c.obj
 .debug_info    0x00005eab      0x857 CMakeFiles/demo_freertos.elf.dir/Drivers/STM32L4xx_HAL_Driver/Src/stm32l4xx_hal_gpio.c.obj
 .debug_info    0x00006702      0xaa2 CMakeFiles/demo_freertos.elf.dir/Drivers/STM32L4xx_HAL_Driver/Src/stm32l4xx_hal_pwr_ex.c.obj
 .debug_info    0x000071a4      0xf3f CMakeFiles/demo_freertos.elf.dir/Drivers/STM32L4xx_HAL_Driver/Src/stm32l4xx_hal_rcc.c.obj
 .debug_info    0x000080e3     0x125c CMakeFiles/demo_freertos.elf.dir/Drivers/STM32L4xx_HAL_Driver/Src/stm32l4xx_hal_rcc_ex.c.obj
 .debug_info    0x0000933f     0x3f24 CMakeFiles/demo_freertos.elf.dir/Drivers/STM32L4xx_HAL_Driver/Src/stm32l4xx_hal_tim.c.obj
 .debug_info    0x0000d263     0x1d2b CMakeFiles/demo_freertos.elf.dir/Drivers/STM32L4xx_HAL_Driver/Src/stm32l4xx_hal_tim_ex.c.obj
 .debug_info    0x0000ef8e     0x529b CMakeFiles/demo_freertos.elf.dir/Drivers/STM32L4xx_HAL_Driver/Src/stm32l4xx_hal_uart.c.obj
 .debug_info    0x00014229     0x4b02 CMakeFiles/demo_freertos.elf.dir/Middlewares/Third_Party/FreeRTOS/Source/CMSIS_RTOS_V2/cmsis_os2.c.obj
 .debug_info    0x00018d2b      0x2e0 CMakeFiles/demo_freertos.elf.dir/Middlewares/Third_Party/FreeRTOS/Source/list.c.obj
 .debug_info    0x0001900b      0x587 CMakeFiles/demo_freertos.elf.dir/Middlewares/Third_Party/FreeRTOS/Source/portable/GCC/ARM_CM4F/port.c.obj
 .debug_info    0x00019592      0x5d9 CMakeFiles/demo_freertos.elf.dir/Middlewares/Third_Party/FreeRTOS/Source/portable/MemMang/heap_4.c.obj
 .debug_info    0x00019b6b     0x2826 CMakeFiles/demo_freertos.elf.dir/Middlewares/Third_Party/FreeRTOS/Source/queue.c.obj
 .debug_info    0x0001c391     0x3197 CMakeFiles/demo_freertos.elf.dir/Middlewares/Third_Party/FreeRTOS/Source/tasks.c.obj
 .debug_info    0x0001f528     0x1ab9 CMakeFiles/demo_freertos.elf.dir/Middlewares/Third_Party/FreeRTOS/Source/timers.c.obj

.debug_abbrev   0x00000000     0x367e
 .debug_abbrev  0x00000000      0x171 CMakeFiles/demo_freertos.elf.dir/Core/Src/freertos.c.obj
 .debug_abbrev  0x00000171      0x14e CMakeFiles/demo_freertos.elf.dir/Core/Src/gpio.c.obj
 .debug_abbrev  0x000002bf      0x204 CMakeFiles/demo_freertos.elf.dir/Core/Src/main.c.obj
 .debug_abbrev  0x000004c3      0x107 CMakeFiles/demo_freertos.elf.dir/Core/Src/stm32l4xx_hal_msp.c.obj
 .debug_abbrev  0x000005ca      0x1ff CMakeFiles/demo_freertos.elf.dir/Core/Src/stm32l4xx_hal_timebase_tim.c.obj
 .debug_abbrev  0x000007c9      0x179 CMakeFiles/demo_freertos.elf.dir/Core/Src/stm32l4xx_it.c.obj
 .debug_abbrev  0x00000942      0x119 CMakeFiles/demo_freertos.elf.dir/Core/Src/system_stm32l4xx.c.obj
 .debug_abbrev  0x00000a5b      0x1eb CMakeFiles/demo_freertos.elf.dir/Core/Src/usart.c.obj
 .debug_abbrev  0x00000c46       0x12 CMakeFiles/demo_freertos.elf.dir/Core/Startup/startup_stm32l476rgtx.s.obj
 .debug_abbrev  0x00000c58      0x22a CMakeFiles/demo_freertos.elf.dir/Drivers/STM32L4xx_HAL_Driver/Src/stm32l4xx_hal.c.obj
 .debug_abbrev  0x00000e82      0x36a CMakeFiles/demo_freertos.elf.dir/Drivers/STM32L4xx_HAL_Driver/Src/stm32l4xx_hal_cortex.c.obj
 .debug_abbrev  0x000011ec      0x1e6 CMakeFiles/demo_freertos.elf.dir/Drivers/STM32L4xx_HAL_Driver/Src/stm32l4xx_hal_gpio.c.obj
 .debug_abbrev  0x000013d2      0x215 CMakeFiles/demo_freertos.elf.dir/Drivers/STM32L4xx_HAL_Driver/Src/stm32l4xx_hal_pwr_ex.c.obj
 .debug_abbrev  0x000015e7      0x251 CMakeFiles/demo_freertos.elf.dir/Drivers/STM32L4xx_HAL_Driver/Src/stm32l4xx_hal_rcc.c.obj
 .debug_abbrev  0x00001838      0x275 CMakeFiles/demo_freertos.elf.dir/Drivers/STM32L4xx_HAL_Driver/Src/stm32l4xx_hal_rcc_ex.c.obj
 .debug_abbrev  0x00001aad      0x232 CMakeFiles/demo_freertos.elf.dir/Drivers/STM32L4xx_HAL_Driver/Src/stm32l4xx_hal_tim.c.obj
 .debug_abbrev  0x00001cdf      0x248 CMakeFiles/demo_freertos.elf.dir/Drivers/STM32L4xx_HAL_Driver/Src/stm32l4xx_hal_tim_ex.c.obj
 .debug_abbrev  0x00001f27      0x2d9 CMakeFiles/demo_freertos.elf.dir/Drivers/STM32L4xx_HAL_Driver/Src/stm32l4xx_hal_uart.c.obj
 .debug_abbrev  0x00002200      0x53a CMakeFiles/demo_freertos.elf.dir/Middlewares/Third_Party/FreeRTOS/Source/CMSIS_RTOS_V2/cmsis_os2.c.obj
 .debug_abbrev  0x0000273a      0x106 CMakeFiles/demo_freertos.elf.dir/Middlewares/Third_Party/FreeRTOS/Source/list.c.obj
 .debug_abbrev  0x00002840      0x26b CMakeFiles/demo_freertos.elf.dir/Middlewares/Third_Party/FreeRTOS/Source/portable/GCC/ARM_CM4F/port.c.obj
 .debug_abbrev  0x00002aab      0x24b CMakeFiles/demo_freertos.elf.dir/Middlewares/Third_Party/FreeRTOS/Source/portable/MemMang/heap_4.c.obj
 .debug_abbrev  0x00002cf6      0x369 CMakeFiles/demo_freertos.elf.dir/Middlewares/Third_Party/FreeRTOS/Source/queue.c.obj
 .debug_abbrev  0x0000305f      0x313 CMakeFiles/demo_freertos.elf.dir/Middlewares/Third_Party/FreeRTOS/Source/tasks.c.obj
 .debug_abbrev  0x00003372      0x30c CMakeFiles/demo_freertos.elf.dir/Middlewares/Third_Party/FreeRTOS/Source/timers.c.obj

.debug_loc      0x00000000    0x1ad52
 .debug_loc     0x00000000       0x25 CMakeFiles/demo_freertos.elf.dir/Core/Src/freertos.c.obj
 .debug_loc     0x00000025       0x42 CMakeFiles/demo_freertos.elf.dir/Core/Src/main.c.obj
 .debug_loc     0x00000067       0xe4 CMakeFiles/demo_freertos.elf.dir/Core/Src/stm32l4xx_hal_timebase_tim.c.obj
 .debug_loc     0x0000014b      0x127 CMakeFiles/demo_freertos.elf.dir/Core/Src/system_stm32l4xx.c.obj
 .debug_loc     0x00000272       0x64 CMakeFiles/demo_freertos.elf.dir/Core/Src/usart.c.obj
 .debug_loc     0x000002d6      0x1ef CMakeFiles/demo_freertos.elf.dir/Drivers/STM32L4xx_HAL_Driver/Src/stm32l4xx_hal.c.obj
 .debug_loc     0x000004c5      0x744 CMakeFiles/demo_freertos.elf.dir/Drivers/STM32L4xx_HAL_Driver/Src/stm32l4xx_hal_cortex.c.obj
 .debug_loc     0x00000c09      0x3da CMakeFiles/demo_freertos.elf.dir/Drivers/STM32L4xx_HAL_Driver/Src/stm32l4xx_hal_gpio.c.obj
 .debug_loc     0x00000fe3      0xb06 CMakeFiles/demo_freertos.elf.dir/Drivers/STM32L4xx_HAL_Driver/Src/stm32l4xx_hal_pwr_ex.c.obj
 .debug_loc     0x00001ae9      0x81c CMakeFiles/demo_freertos.elf.dir/Drivers/STM32L4xx_HAL_Driver/Src/stm32l4xx_hal_rcc.c.obj
 .debug_loc     0x00002305     0x1af9 CMakeFiles/demo_freertos.elf.dir/Drivers/STM32L4xx_HAL_Driver/Src/stm32l4xx_hal_rcc_ex.c.obj
 .debug_loc     0x00003dfe     0x55d7 CMakeFiles/demo_freertos.elf.dir/Drivers/STM32L4xx_HAL_Driver/Src/stm32l4xx_hal_tim.c.obj
 .debug_loc     0x000093d5     0x241c CMakeFiles/demo_freertos.elf.dir/Drivers/STM32L4xx_HAL_Driver/Src/stm32l4xx_hal_tim_ex.c.obj
 .debug_loc     0x0000b7f1     0x4bd8 CMakeFiles/demo_freertos.elf.dir/Drivers/STM32L4xx_HAL_Driver/Src/stm32l4xx_hal_uart.c.obj
 .debug_loc     0x000103c9     0x5184 CMakeFiles/demo_freertos.elf.dir/Middlewares/Third_Party/FreeRTOS/Source/CMSIS_RTOS_V2/cmsis_os2.c.obj
 .debug_loc     0x0001554d       0xad CMakeFiles/demo_freertos.elf.dir/Middlewares/Third_Party/FreeRTOS/Source/list.c.obj
 .debug_loc     0x000155fa      0x124 CMakeFiles/demo_freertos.elf.dir/Middlewares/Third_Party/FreeRTOS/Source/portable/GCC/ARM_CM4F/port.c.obj
 .debug_loc     0x0001571e      0x434 CMakeFiles/demo_freertos.elf.dir/Middlewares/Third_Party/FreeRTOS/Source/portable/MemMang/heap_4.c.obj
 .debug_loc     0x00015b52     0x1ae8 CMakeFiles/demo_freertos.elf.dir/Middlewares/Third_Party/FreeRTOS/Source/queue.c.obj
 .debug_loc     0x0001763a     0x25c2 CMakeFiles/demo_freertos.elf.dir/Middlewares/Third_Party/FreeRTOS/Source/tasks.c.obj
 .debug_loc     0x00019bfc     0x1156 CMakeFiles/demo_freertos.elf.dir/Middlewares/Third_Party/FreeRTOS/Source/timers.c.obj

.debug_aranges  0x00000000     0x1610
 .debug_aranges
                0x00000000       0x28 CMakeFiles/demo_freertos.elf.dir/Core/Src/freertos.c.obj
 .debug_aranges
                0x00000028       0x20 CMakeFiles/demo_freertos.elf.dir/Core/Src/gpio.c.obj
 .debug_aranges
                0x00000048       0x38 CMakeFiles/demo_freertos.elf.dir/Core/Src/main.c.obj
 .debug_aranges
                0x00000080       0x20 CMakeFiles/demo_freertos.elf.dir/Core/Src/stm32l4xx_hal_msp.c.obj
 .debug_aranges
                0x000000a0       0x30 CMakeFiles/demo_freertos.elf.dir/Core/Src/stm32l4xx_hal_timebase_tim.c.obj
 .debug_aranges
                0x000000d0       0x50 CMakeFiles/demo_freertos.elf.dir/Core/Src/stm32l4xx_it.c.obj
 .debug_aranges
                0x00000120       0x28 CMakeFiles/demo_freertos.elf.dir/Core/Src/system_stm32l4xx.c.obj
 .debug_aranges
                0x00000148       0x30 CMakeFiles/demo_freertos.elf.dir/Core/Src/usart.c.obj
 .debug_aranges
                0x00000178       0x28 CMakeFiles/demo_freertos.elf.dir/Core/Startup/startup_stm32l476rgtx.s.obj
 .debug_aranges
                0x000001a0      0x130 CMakeFiles/demo_freertos.elf.dir/Drivers/STM32L4xx_HAL_Driver/Src/stm32l4xx_hal.c.obj
 .debug_aranges
                0x000002d0       0xa8 CMakeFiles/demo_freertos.elf.dir/Drivers/STM32L4xx_HAL_Driver/Src/stm32l4xx_hal_cortex.c.obj
 .debug_aranges
                0x00000378       0x58 CMakeFiles/demo_freertos.elf.dir/Drivers/STM32L4xx_HAL_Driver/Src/stm32l4xx_hal_gpio.c.obj
 .debug_aranges
                0x000003d0      0x160 CMakeFiles/demo_freertos.elf.dir/Drivers/STM32L4xx_HAL_Driver/Src/stm32l4xx_hal_pwr_ex.c.obj
 .debug_aranges
                0x00000530       0x90 CMakeFiles/demo_freertos.elf.dir/Drivers/STM32L4xx_HAL_Driver/Src/stm32l4xx_hal_rcc.c.obj
 .debug_aranges
                0x000005c0       0xc0 CMakeFiles/demo_freertos.elf.dir/Drivers/STM32L4xx_HAL_Driver/Src/stm32l4xx_hal_rcc_ex.c.obj
 .debug_aranges
                0x00000680      0x3e0 CMakeFiles/demo_freertos.elf.dir/Drivers/STM32L4xx_HAL_Driver/Src/stm32l4xx_hal_tim.c.obj
 .debug_aranges
                0x00000a60      0x180 CMakeFiles/demo_freertos.elf.dir/Drivers/STM32L4xx_HAL_Driver/Src/stm32l4xx_hal_tim_ex.c.obj
 .debug_aranges
                0x00000be0      0x228 CMakeFiles/demo_freertos.elf.dir/Drivers/STM32L4xx_HAL_Driver/Src/stm32l4xx_hal_uart.c.obj
 .debug_aranges
                0x00000e08      0x2a0 CMakeFiles/demo_freertos.elf.dir/Middlewares/Third_Party/FreeRTOS/Source/CMSIS_RTOS_V2/cmsis_os2.c.obj
 .debug_aranges
                0x000010a8       0x40 CMakeFiles/demo_freertos.elf.dir/Middlewares/Third_Party/FreeRTOS/Source/list.c.obj
 .debug_aranges
                0x000010e8       0x80 CMakeFiles/demo_freertos.elf.dir/Middlewares/Third_Party/FreeRTOS/Source/portable/GCC/ARM_CM4F/port.c.obj
 .debug_aranges
                0x00001168       0x58 CMakeFiles/demo_freertos.elf.dir/Middlewares/Third_Party/FreeRTOS/Source/portable/MemMang/heap_4.c.obj
 .debug_aranges
                0x000011c0      0x158 CMakeFiles/demo_freertos.elf.dir/Middlewares/Third_Party/FreeRTOS/Source/queue.c.obj
 .debug_aranges
                0x00001318      0x208 CMakeFiles/demo_freertos.elf.dir/Middlewares/Third_Party/FreeRTOS/Source/tasks.c.obj
 .debug_aranges
                0x00001520       0xf0 CMakeFiles/demo_freertos.elf.dir/Middlewares/Third_Party/FreeRTOS/Source/timers.c.obj

.debug_ranges   0x00000000     0x1770
 .debug_ranges  0x00000000       0x18 CMakeFiles/demo_freertos.elf.dir/Core/Src/freertos.c.obj
 .debug_ranges  0x00000018       0x10 CMakeFiles/demo_freertos.elf.dir/Core/Src/gpio.c.obj
 .debug_ranges  0x00000028       0x28 CMakeFiles/demo_freertos.elf.dir/Core/Src/main.c.obj
 .debug_ranges  0x00000050       0x10 CMakeFiles/demo_freertos.elf.dir/Core/Src/stm32l4xx_hal_msp.c.obj
 .debug_ranges  0x00000060       0x20 CMakeFiles/demo_freertos.elf.dir/Core/Src/stm32l4xx_hal_timebase_tim.c.obj
 .debug_ranges  0x00000080       0x40 CMakeFiles/demo_freertos.elf.dir/Core/Src/stm32l4xx_it.c.obj
 .debug_ranges  0x000000c0       0x18 CMakeFiles/demo_freertos.elf.dir/Core/Src/system_stm32l4xx.c.obj
 .debug_ranges  0x000000d8       0x20 CMakeFiles/demo_freertos.elf.dir/Core/Src/usart.c.obj
 .debug_ranges  0x000000f8       0x20 CMakeFiles/demo_freertos.elf.dir/Core/Startup/startup_stm32l476rgtx.s.obj
 .debug_ranges  0x00000118      0x120 CMakeFiles/demo_freertos.elf.dir/Drivers/STM32L4xx_HAL_Driver/Src/stm32l4xx_hal.c.obj
 .debug_ranges  0x00000238       0xf8 CMakeFiles/demo_freertos.elf.dir/Drivers/STM32L4xx_HAL_Driver/Src/stm32l4xx_hal_cortex.c.obj
 .debug_ranges  0x00000330       0x48 CMakeFiles/demo_freertos.elf.dir/Drivers/STM32L4xx_HAL_Driver/Src/stm32l4xx_hal_gpio.c.obj
 .debug_ranges  0x00000378      0x150 CMakeFiles/demo_freertos.elf.dir/Drivers/STM32L4xx_HAL_Driver/Src/stm32l4xx_hal_pwr_ex.c.obj
 .debug_ranges  0x000004c8       0x98 CMakeFiles/demo_freertos.elf.dir/Drivers/STM32L4xx_HAL_Driver/Src/stm32l4xx_hal_rcc.c.obj
 .debug_ranges  0x00000560       0xc8 CMakeFiles/demo_freertos.elf.dir/Drivers/STM32L4xx_HAL_Driver/Src/stm32l4xx_hal_rcc_ex.c.obj
 .debug_ranges  0x00000628      0x3d0 CMakeFiles/demo_freertos.elf.dir/Drivers/STM32L4xx_HAL_Driver/Src/stm32l4xx_hal_tim.c.obj
 .debug_ranges  0x000009f8      0x170 CMakeFiles/demo_freertos.elf.dir/Drivers/STM32L4xx_HAL_Driver/Src/stm32l4xx_hal_tim_ex.c.obj
 .debug_ranges  0x00000b68      0x230 CMakeFiles/demo_freertos.elf.dir/Drivers/STM32L4xx_HAL_Driver/Src/stm32l4xx_hal_uart.c.obj
 .debug_ranges  0x00000d98      0x2a8 CMakeFiles/demo_freertos.elf.dir/Middlewares/Third_Party/FreeRTOS/Source/CMSIS_RTOS_V2/cmsis_os2.c.obj
 .debug_ranges  0x00001040       0x30 CMakeFiles/demo_freertos.elf.dir/Middlewares/Third_Party/FreeRTOS/Source/list.c.obj
 .debug_ranges  0x00001070       0x88 CMakeFiles/demo_freertos.elf.dir/Middlewares/Third_Party/FreeRTOS/Source/portable/GCC/ARM_CM4F/port.c.obj
 .debug_ranges  0x000010f8       0x48 CMakeFiles/demo_freertos.elf.dir/Middlewares/Third_Party/FreeRTOS/Source/portable/MemMang/heap_4.c.obj
 .debug_ranges  0x00001140      0x218 CMakeFiles/demo_freertos.elf.dir/Middlewares/Third_Party/FreeRTOS/Source/queue.c.obj
 .debug_ranges  0x00001358      0x338 CMakeFiles/demo_freertos.elf.dir/Middlewares/Third_Party/FreeRTOS/Source/tasks.c.obj
 .debug_ranges  0x00001690       0xe0 CMakeFiles/demo_freertos.elf.dir/Middlewares/Third_Party/FreeRTOS/Source/timers.c.obj

.debug_line     0x00000000    0x1c1e4
 .debug_line    0x00000000      0x2a8 CMakeFiles/demo_freertos.elf.dir/Core/Src/freertos.c.obj
 .debug_line    0x000002a8      0x24f CMakeFiles/demo_freertos.elf.dir/Core/Src/gpio.c.obj
 .debug_line    0x000004f7      0x4c1 CMakeFiles/demo_freertos.elf.dir/Core/Src/main.c.obj
 .debug_line    0x000009b8      0x211 CMakeFiles/demo_freertos.elf.dir/Core/Src/stm32l4xx_hal_msp.c.obj
 .debug_line    0x00000bc9      0x365 CMakeFiles/demo_freertos.elf.dir/Core/Src/stm32l4xx_hal_timebase_tim.c.obj
 .debug_line    0x00000f2e      0x2f7 CMakeFiles/demo_freertos.elf.dir/Core/Src/stm32l4xx_it.c.obj
 .debug_line    0x00001225      0x30c CMakeFiles/demo_freertos.elf.dir/Core/Src/system_stm32l4xx.c.obj
 .debug_line    0x00001531      0x3ce CMakeFiles/demo_freertos.elf.dir/Core/Src/usart.c.obj
 .debug_line    0x000018ff       0xb3 CMakeFiles/demo_freertos.elf.dir/Core/Startup/startup_stm32l476rgtx.s.obj
 .debug_line    0x000019b2      0x73b CMakeFiles/demo_freertos.elf.dir/Drivers/STM32L4xx_HAL_Driver/Src/stm32l4xx_hal.c.obj
 .debug_line    0x000020ed      0x815 CMakeFiles/demo_freertos.elf.dir/Drivers/STM32L4xx_HAL_Driver/Src/stm32l4xx_hal_cortex.c.obj
 .debug_line    0x00002902      0x740 CMakeFiles/demo_freertos.elf.dir/Drivers/STM32L4xx_HAL_Driver/Src/stm32l4xx_hal_gpio.c.obj
 .debug_line    0x00003042      0xb7e CMakeFiles/demo_freertos.elf.dir/Drivers/STM32L4xx_HAL_Driver/Src/stm32l4xx_hal_pwr_ex.c.obj
 .debug_line    0x00003bc0      0xf6a CMakeFiles/demo_freertos.elf.dir/Drivers/STM32L4xx_HAL_Driver/Src/stm32l4xx_hal_rcc.c.obj
 .debug_line    0x00004b2a     0x159d CMakeFiles/demo_freertos.elf.dir/Drivers/STM32L4xx_HAL_Driver/Src/stm32l4xx_hal_rcc_ex.c.obj
 .debug_line    0x000060c7     0x5293 CMakeFiles/demo_freertos.elf.dir/Drivers/STM32L4xx_HAL_Driver/Src/stm32l4xx_hal_tim.c.obj
 .debug_line    0x0000b35a     0x1fe2 CMakeFiles/demo_freertos.elf.dir/Drivers/STM32L4xx_HAL_Driver/Src/stm32l4xx_hal_tim_ex.c.obj
 .debug_line    0x0000d33c     0x5260 CMakeFiles/demo_freertos.elf.dir/Drivers/STM32L4xx_HAL_Driver/Src/stm32l4xx_hal_uart.c.obj
 .debug_line    0x0001259c     0x2afb CMakeFiles/demo_freertos.elf.dir/Middlewares/Third_Party/FreeRTOS/Source/CMSIS_RTOS_V2/cmsis_os2.c.obj
 .debug_line    0x00015097      0x3d3 CMakeFiles/demo_freertos.elf.dir/Middlewares/Third_Party/FreeRTOS/Source/list.c.obj
 .debug_line    0x0001546a      0x784 CMakeFiles/demo_freertos.elf.dir/Middlewares/Third_Party/FreeRTOS/Source/portable/GCC/ARM_CM4F/port.c.obj
 .debug_line    0x00015bee      0x7a4 CMakeFiles/demo_freertos.elf.dir/Middlewares/Third_Party/FreeRTOS/Source/portable/MemMang/heap_4.c.obj
 .debug_line    0x00016392     0x20bc CMakeFiles/demo_freertos.elf.dir/Middlewares/Third_Party/FreeRTOS/Source/queue.c.obj
 .debug_line    0x0001844e     0x2e04 CMakeFiles/demo_freertos.elf.dir/Middlewares/Third_Party/FreeRTOS/Source/tasks.c.obj
 .debug_line    0x0001b252      0xf92 CMakeFiles/demo_freertos.elf.dir/Middlewares/Third_Party/FreeRTOS/Source/timers.c.obj

.debug_str      0x00000000     0x811c
 .debug_str     0x00000000      0x6df CMakeFiles/demo_freertos.elf.dir/Core/Src/freertos.c.obj
                                0x72a (size before relaxing)
 .debug_str     0x000006df      0x208 CMakeFiles/demo_freertos.elf.dir/Core/Src/gpio.c.obj
                                0x418 (size before relaxing)
 .debug_str     0x000008e7      0x731 CMakeFiles/demo_freertos.elf.dir/Core/Src/main.c.obj
                                0x988 (size before relaxing)
 .debug_str     0x00001018      0x543 CMakeFiles/demo_freertos.elf.dir/Core/Src/stm32l4xx_hal_msp.c.obj
                                0x858 (size before relaxing)
 .debug_str     0x0000155b      0x157 CMakeFiles/demo_freertos.elf.dir/Core/Src/stm32l4xx_hal_timebase_tim.c.obj
                                0xed9 (size before relaxing)
 .debug_str     0x000016b2       0xd2 CMakeFiles/demo_freertos.elf.dir/Core/Src/stm32l4xx_it.c.obj
                                0x791 (size before relaxing)
 .debug_str     0x00001784      0x127 CMakeFiles/demo_freertos.elf.dir/Core/Src/system_stm32l4xx.c.obj
                                0x433 (size before relaxing)
 .debug_str     0x000018ab      0x542 CMakeFiles/demo_freertos.elf.dir/Core/Src/usart.c.obj
                                0xb55 (size before relaxing)
 .debug_str     0x00001ded       0x61 CMakeFiles/demo_freertos.elf.dir/Core/Startup/startup_stm32l476rgtx.s.obj
                                 0xa1 (size before relaxing)
 .debug_str     0x00001e4e      0x4e2 CMakeFiles/demo_freertos.elf.dir/Drivers/STM32L4xx_HAL_Driver/Src/stm32l4xx_hal.c.obj
                                0xdb4 (size before relaxing)
 .debug_str     0x00002330      0x45d CMakeFiles/demo_freertos.elf.dir/Drivers/STM32L4xx_HAL_Driver/Src/stm32l4xx_hal_cortex.c.obj
                                0xc7a (size before relaxing)
 .debug_str     0x0000278d      0x137 CMakeFiles/demo_freertos.elf.dir/Drivers/STM32L4xx_HAL_Driver/Src/stm32l4xx_hal_gpio.c.obj
                                0x59a (size before relaxing)
 .debug_str     0x000028c4      0x5a0 CMakeFiles/demo_freertos.elf.dir/Drivers/STM32L4xx_HAL_Driver/Src/stm32l4xx_hal_pwr_ex.c.obj
                                0x8a9 (size before relaxing)
 .debug_str     0x00002e64      0x1cb CMakeFiles/demo_freertos.elf.dir/Drivers/STM32L4xx_HAL_Driver/Src/stm32l4xx_hal_rcc.c.obj
                                0x8f6 (size before relaxing)
 .debug_str     0x0000302f      0x322 CMakeFiles/demo_freertos.elf.dir/Drivers/STM32L4xx_HAL_Driver/Src/stm32l4xx_hal_rcc_ex.c.obj
                                0xb15 (size before relaxing)
 .debug_str     0x00003351      0xf5b CMakeFiles/demo_freertos.elf.dir/Drivers/STM32L4xx_HAL_Driver/Src/stm32l4xx_hal_tim.c.obj
                               0x173d (size before relaxing)
 .debug_str     0x000042ac      0x6c9 CMakeFiles/demo_freertos.elf.dir/Drivers/STM32L4xx_HAL_Driver/Src/stm32l4xx_hal_tim_ex.c.obj
                               0x1036 (size before relaxing)
 .debug_str     0x00004975      0x804 CMakeFiles/demo_freertos.elf.dir/Drivers/STM32L4xx_HAL_Driver/Src/stm32l4xx_hal_uart.c.obj
                               0x106e (size before relaxing)
 .debug_str     0x00005179     0x1477 CMakeFiles/demo_freertos.elf.dir/Middlewares/Third_Party/FreeRTOS/Source/CMSIS_RTOS_V2/cmsis_os2.c.obj
                               0x21a2 (size before relaxing)
 .debug_str     0x000065f0      0x164 CMakeFiles/demo_freertos.elf.dir/Middlewares/Third_Party/FreeRTOS/Source/list.c.obj
                                0x35c (size before relaxing)
 .debug_str     0x00006754      0x258 CMakeFiles/demo_freertos.elf.dir/Middlewares/Third_Party/FreeRTOS/Source/portable/GCC/ARM_CM4F/port.c.obj
                                0x4dc (size before relaxing)
 .debug_str     0x000069ac      0x2fd CMakeFiles/demo_freertos.elf.dir/Middlewares/Third_Party/FreeRTOS/Source/portable/MemMang/heap_4.c.obj
                                0x56a (size before relaxing)
 .debug_str     0x00006ca9      0x64d CMakeFiles/demo_freertos.elf.dir/Middlewares/Third_Party/FreeRTOS/Source/queue.c.obj
                                0xd72 (size before relaxing)
 .debug_str     0x000072f6      0x910 CMakeFiles/demo_freertos.elf.dir/Middlewares/Third_Party/FreeRTOS/Source/tasks.c.obj
                               0x1341 (size before relaxing)
 .debug_str     0x00007c06      0x516 CMakeFiles/demo_freertos.elf.dir/Middlewares/Third_Party/FreeRTOS/Source/timers.c.obj
                                0xca2 (size before relaxing)

.comment        0x00000000       0x49
 .comment       0x00000000       0x49 CMakeFiles/demo_freertos.elf.dir/Core/Src/freertos.c.obj
                                 0x4a (size before relaxing)
 .comment       0x00000049       0x4a CMakeFiles/demo_freertos.elf.dir/Core/Src/gpio.c.obj
 .comment       0x00000049       0x4a CMakeFiles/demo_freertos.elf.dir/Core/Src/main.c.obj
 .comment       0x00000049       0x4a CMakeFiles/demo_freertos.elf.dir/Core/Src/stm32l4xx_hal_msp.c.obj
 .comment       0x00000049       0x4a CMakeFiles/demo_freertos.elf.dir/Core/Src/stm32l4xx_hal_timebase_tim.c.obj
 .comment       0x00000049       0x4a CMakeFiles/demo_freertos.elf.dir/Core/Src/stm32l4xx_it.c.obj
 .comment       0x00000049       0x4a CMakeFiles/demo_freertos.elf.dir/Core/Src/system_stm32l4xx.c.obj
 .comment       0x00000049       0x4a CMakeFiles/demo_freertos.elf.dir/Core/Src/usart.c.obj
 .comment       0x00000049       0x4a CMakeFiles/demo_freertos.elf.dir/Drivers/STM32L4xx_HAL_Driver/Src/stm32l4xx_hal.c.obj
 .comment       0x00000049       0x4a CMakeFiles/demo_freertos.elf.dir/Drivers/STM32L4xx_HAL_Driver/Src/stm32l4xx_hal_cortex.c.obj
 .comment       0x00000049       0x4a CMakeFiles/demo_freertos.elf.dir/Drivers/STM32L4xx_HAL_Driver/Src/stm32l4xx_hal_gpio.c.obj
 .comment       0x00000049       0x4a CMakeFiles/demo_freertos.elf.dir/Drivers/STM32L4xx_HAL_Driver/Src/stm32l4xx_hal_pwr_ex.c.obj
 .comment       0x00000049       0x4a CMakeFiles/demo_freertos.elf.dir/Drivers/STM32L4xx_HAL_Driver/Src/stm32l4xx_hal_rcc.c.obj
 .comment       0x00000049       0x4a CMakeFiles/demo_freertos.elf.dir/Drivers/STM32L4xx_HAL_Driver/Src/stm32l4xx_hal_rcc_ex.c.obj
 .comment       0x00000049       0x4a CMakeFiles/demo_freertos.elf.dir/Drivers/STM32L4xx_HAL_Driver/Src/stm32l4xx_hal_tim.c.obj
 .comment       0x00000049       0x4a CMakeFiles/demo_freertos.elf.dir/Drivers/STM32L4xx_HAL_Driver/Src/stm32l4xx_hal_tim_ex.c.obj
 .comment       0x00000049       0x4a CMakeFiles/demo_freertos.elf.dir/Drivers/STM32L4xx_HAL_Driver/Src/stm32l4xx_hal_uart.c.obj
 .comment       0x00000049       0x4a CMakeFiles/demo_freertos.elf.dir/Middlewares/Third_Party/FreeRTOS/Source/CMSIS_RTOS_V2/cmsis_os2.c.obj
 .comment       0x00000049       0x4a CMakeFiles/demo_freertos.elf.dir/Middlewares/Third_Party/FreeRTOS/Source/list.c.obj
 .comment       0x00000049       0x4a CMakeFiles/demo_freertos.elf.dir/Middlewares/Third_Party/FreeRTOS/Source/portable/GCC/ARM_CM4F/port.c.obj
 .comment       0x00000049       0x4a CMakeFiles/demo_freertos.elf.dir/Middlewares/Third_Party/FreeRTOS/Source/portable/MemMang/heap_4.c.obj
 .comment       0x00000049       0x4a CMakeFiles/demo_freertos.elf.dir/Middlewares/Third_Party/FreeRTOS/Source/queue.c.obj
 .comment       0x00000049       0x4a CMakeFiles/demo_freertos.elf.dir/Middlewares/Third_Party/FreeRTOS/Source/tasks.c.obj
 .comment       0x00000049       0x4a CMakeFiles/demo_freertos.elf.dir/Middlewares/Third_Party/FreeRTOS/Source/timers.c.obj

.debug_frame    0x00000000     0x3eb8
 .debug_frame   0x00000000       0x40 CMakeFiles/demo_freertos.elf.dir/Core/Src/freertos.c.obj
 .debug_frame   0x00000040       0x30 CMakeFiles/demo_freertos.elf.dir/Core/Src/gpio.c.obj
 .debug_frame   0x00000070       0x70 CMakeFiles/demo_freertos.elf.dir/Core/Src/main.c.obj
 .debug_frame   0x000000e0       0x2c CMakeFiles/demo_freertos.elf.dir/Core/Src/stm32l4xx_hal_msp.c.obj
 .debug_frame   0x0000010c       0x54 CMakeFiles/demo_freertos.elf.dir/Core/Src/stm32l4xx_hal_timebase_tim.c.obj
 .debug_frame   0x00000160       0x88 CMakeFiles/demo_freertos.elf.dir/Core/Src/stm32l4xx_it.c.obj
 .debug_frame   0x000001e8       0x30 CMakeFiles/demo_freertos.elf.dir/Core/Src/system_stm32l4xx.c.obj
 .debug_frame   0x00000218       0x64 CMakeFiles/demo_freertos.elf.dir/Core/Src/usart.c.obj
 .debug_frame   0x0000027c      0x274 CMakeFiles/demo_freertos.elf.dir/Drivers/STM32L4xx_HAL_Driver/Src/stm32l4xx_hal.c.obj
 .debug_frame   0x000004f0      0x148 CMakeFiles/demo_freertos.elf.dir/Drivers/STM32L4xx_HAL_Driver/Src/stm32l4xx_hal_cortex.c.obj
 .debug_frame   0x00000638       0xd0 CMakeFiles/demo_freertos.elf.dir/Drivers/STM32L4xx_HAL_Driver/Src/stm32l4xx_hal_gpio.c.obj
 .debug_frame   0x00000708      0x2b8 CMakeFiles/demo_freertos.elf.dir/Drivers/STM32L4xx_HAL_Driver/Src/stm32l4xx_hal_pwr_ex.c.obj
 .debug_frame   0x000009c0      0x19c CMakeFiles/demo_freertos.elf.dir/Drivers/STM32L4xx_HAL_Driver/Src/stm32l4xx_hal_rcc.c.obj
 .debug_frame   0x00000b5c      0x204 CMakeFiles/demo_freertos.elf.dir/Drivers/STM32L4xx_HAL_Driver/Src/stm32l4xx_hal_rcc_ex.c.obj
 .debug_frame   0x00000d60      0xb54 CMakeFiles/demo_freertos.elf.dir/Drivers/STM32L4xx_HAL_Driver/Src/stm32l4xx_hal_tim.c.obj
 .debug_frame   0x000018b4      0x470 CMakeFiles/demo_freertos.elf.dir/Drivers/STM32L4xx_HAL_Driver/Src/stm32l4xx_hal_tim_ex.c.obj
 .debug_frame   0x00001d24      0x600 CMakeFiles/demo_freertos.elf.dir/Drivers/STM32L4xx_HAL_Driver/Src/stm32l4xx_hal_uart.c.obj
 .debug_frame   0x00002324      0x900 CMakeFiles/demo_freertos.elf.dir/Middlewares/Third_Party/FreeRTOS/Source/CMSIS_RTOS_V2/cmsis_os2.c.obj
 .debug_frame   0x00002c24       0x70 CMakeFiles/demo_freertos.elf.dir/Middlewares/Third_Party/FreeRTOS/Source/list.c.obj
 .debug_frame   0x00002c94      0x110 CMakeFiles/demo_freertos.elf.dir/Middlewares/Third_Party/FreeRTOS/Source/portable/GCC/ARM_CM4F/port.c.obj
 .debug_frame   0x00002da4       0xd0 CMakeFiles/demo_freertos.elf.dir/Middlewares/Third_Party/FreeRTOS/Source/portable/MemMang/heap_4.c.obj
 .debug_frame   0x00002e74      0x458 CMakeFiles/demo_freertos.elf.dir/Middlewares/Third_Party/FreeRTOS/Source/queue.c.obj
 .debug_frame   0x000032cc      0x688 CMakeFiles/demo_freertos.elf.dir/Middlewares/Third_Party/FreeRTOS/Source/tasks.c.obj
 .debug_frame   0x00003954      0x30c CMakeFiles/demo_freertos.elf.dir/Middlewares/Third_Party/FreeRTOS/Source/timers.c.obj
 .debug_frame   0x00003c60       0x2c c:/progra~1/gcc-arm-none-eabi-10.3-2021.10/bin/../lib/gcc/arm-none-eabi/10.3.1/thumb/v7e-m+fp/hard\libgcc.a(_aeabi_uldivmod.o)
 .debug_frame   0x00003c8c       0x34 c:/progra~1/gcc-arm-none-eabi-10.3-2021.10/bin/../lib/gcc/arm-none-eabi/10.3.1/thumb/v7e-m+fp/hard\libgcc.a(_udivmoddi4.o)
 .debug_frame   0x00003cc0       0x2c c:/progra~1/gcc-arm-none-eabi-10.3-2021.10/bin/../lib/gcc/arm-none-eabi/10.3.1/../../../../arm-none-eabi/lib/thumb/v7e-m+fp/hard\libc.a(lib_a-init.o)
 .debug_frame   0x00003cec       0x2c c:/progra~1/gcc-arm-none-eabi-10.3-2021.10/bin/../lib/gcc/arm-none-eabi/10.3.1/../../../../arm-none-eabi/lib/thumb/v7e-m+fp/hard\libc.a(lib_a-memset.o)
 .debug_frame   0x00003d18       0x68 c:/progra~1/gcc-arm-none-eabi-10.3-2021.10/bin/../lib/gcc/arm-none-eabi/10.3.1/../../../../arm-none-eabi/lib/thumb/v7e-m+fp/hard\libc.a(lib_a-__call_atexit.o)
 .debug_frame   0x00003d80       0x20 c:/progra~1/gcc-arm-none-eabi-10.3-2021.10/bin/../lib/gcc/arm-none-eabi/10.3.1/../../../../arm-none-eabi/lib/thumb/v7e-m+fp/hard\libc.a(lib_a-atexit.o)
 .debug_frame   0x00003da0       0x34 c:/progra~1/gcc-arm-none-eabi-10.3-2021.10/bin/../lib/gcc/arm-none-eabi/10.3.1/../../../../arm-none-eabi/lib/thumb/v7e-m+fp/hard\libc.a(lib_a-fini.o)
 .debug_frame   0x00003dd4       0xb0 c:/progra~1/gcc-arm-none-eabi-10.3-2021.10/bin/../lib/gcc/arm-none-eabi/10.3.1/../../../../arm-none-eabi/lib/thumb/v7e-m+fp/hard\libc.a(lib_a-lock.o)